
Memory Configuration

Name             Origin             Length             Attributes
flash            0x08000000         0x00020000         xr
sram             0x20000000         0x00005000         xrw
*default*        0x00000000         0xffffffff

Linker script and memory map


.text           0x08000000      0x134
 *(.vectors*)
 .vectors       0x08000000       0x18 Startup.o
                0x08000000                vectors
 *(.text*)
 .text          0x08000018       0x88 main.o
                0x08000018                NMI_Handler
                0x08000024                main
 .text          0x080000a0       0x94 Startup.o
                0x080000a0                Bus_fAULT_handler
                0x080000a0                MM_Fault_handler
                0x080000a0                H_fault_handler
                0x080000a0                Default_handler
                0x080000ac                Reset_handler
 *(.rodata*)
                0x08000134                _E_text = .

.glue_7         0x08000134        0x0
 .glue_7        0x08000134        0x0 linker stubs

.glue_7t        0x08000134        0x0
 .glue_7t       0x08000134        0x0 linker stubs

.vfp11_veneer   0x08000134        0x0
 .vfp11_veneer  0x08000134        0x0 linker stubs

.v4_bx          0x08000134        0x0
 .v4_bx         0x08000134        0x0 linker stubs

.iplt           0x08000134        0x0
 .iplt          0x08000134        0x0 main.o

.rel.dyn        0x08000134        0x0
 .rel.iplt      0x08000134        0x0 main.o

.data           0x20000000        0x4 load address 0x08000134
                0x20000000                _S_data = .
 *(.data*)
 .data          0x20000000        0x4 main.o
                0x20000000                R_ODR
 .data          0x20000004        0x0 Startup.o
                0x20000004                _E_data = .

.igot.plt       0x20000004        0x0 load address 0x08000138
 .igot.plt      0x20000004        0x0 main.o

.bss            0x20000004     0x1000 load address 0x08000138
                0x20000004                _S_bss = .
 *(.bss*)
 .bss           0x20000004        0x0 main.o
 .bss           0x20000004        0x0 Startup.o
                0x20000004                _E_bss = .
                0x20001004                . = (. + 0x1000)
 *fill*         0x20000004     0x1000 
                0x20001004                _stack_top = .
LOAD main.o
LOAD Startup.o
OUTPUT(Learn-in-depth-cortex-m3.elf elf32-littlearm)
LOAD linker stubs

.debug_info     0x00000000      0x2c9
 .debug_info    0x00000000      0x129 main.o
 .debug_info    0x00000129      0x1a0 Startup.o

.debug_abbrev   0x00000000      0x1d1
 .debug_abbrev  0x00000000       0xef main.o
 .debug_abbrev  0x000000ef       0xe2 Startup.o

.debug_loc      0x00000000       0xf8
 .debug_loc     0x00000000       0x7c main.o
 .debug_loc     0x0000007c       0x7c Startup.o

.debug_aranges  0x00000000       0x40
 .debug_aranges
                0x00000000       0x20 main.o
 .debug_aranges
                0x00000020       0x20 Startup.o

.debug_line     0x00000000      0x292
 .debug_line    0x00000000       0x90 main.o
 .debug_line    0x00000090      0x202 Startup.o

.debug_str      0x00000000      0x1b9
 .debug_str     0x00000000      0x12a main.o
                                0x151 (size before relaxing)
 .debug_str     0x0000012a       0x8f Startup.o
                                0x1b7 (size before relaxing)

.comment        0x00000000       0x49
 .comment       0x00000000       0x49 main.o
                                 0x4a (size before relaxing)
 .comment       0x00000049       0x4a Startup.o

.ARM.attributes
                0x00000000       0x2d
 .ARM.attributes
                0x00000000       0x2d main.o
 .ARM.attributes
                0x0000002d       0x2d Startup.o

.debug_frame    0x00000000       0x9c
 .debug_frame   0x00000000       0x4c main.o
 .debug_frame   0x0000004c       0x50 Startup.o
