Archive member included to satisfy reference by file (symbol)

c:/st/stm32cubeide_1.4.0/stm32cubeide/plugins/com.st.stm32cube.ide.mcu.externaltools.gnu-tools-for-stm32.7-2018-q2-update.win32_1.4.0.202007081208/tools/bin/../lib/gcc/arm-none-eabi/7.3.1/../../../../arm-none-eabi/lib/thumb/v7-m\libc_nano.a(lib_a-errno.o)
                              Src/syscalls.o (__errno)
c:/st/stm32cubeide_1.4.0/stm32cubeide/plugins/com.st.stm32cube.ide.mcu.externaltools.gnu-tools-for-stm32.7-2018-q2-update.win32_1.4.0.202007081208/tools/bin/../lib/gcc/arm-none-eabi/7.3.1/../../../../arm-none-eabi/lib/thumb/v7-m\libc_nano.a(lib_a-exit.o)
                              c:/st/stm32cubeide_1.4.0/stm32cubeide/plugins/com.st.stm32cube.ide.mcu.externaltools.gnu-tools-for-stm32.7-2018-q2-update.win32_1.4.0.202007081208/tools/bin/../lib/gcc/arm-none-eabi/7.3.1/../../../../arm-none-eabi/lib/thumb/v7-m/crt0.o (exit)
c:/st/stm32cubeide_1.4.0/stm32cubeide/plugins/com.st.stm32cube.ide.mcu.externaltools.gnu-tools-for-stm32.7-2018-q2-update.win32_1.4.0.202007081208/tools/bin/../lib/gcc/arm-none-eabi/7.3.1/../../../../arm-none-eabi/lib/thumb/v7-m\libc_nano.a(lib_a-impure.o)
                              c:/st/stm32cubeide_1.4.0/stm32cubeide/plugins/com.st.stm32cube.ide.mcu.externaltools.gnu-tools-for-stm32.7-2018-q2-update.win32_1.4.0.202007081208/tools/bin/../lib/gcc/arm-none-eabi/7.3.1/../../../../arm-none-eabi/lib/thumb/v7-m\libc_nano.a(lib_a-exit.o) (_global_impure_ptr)
c:/st/stm32cubeide_1.4.0/stm32cubeide/plugins/com.st.stm32cube.ide.mcu.externaltools.gnu-tools-for-stm32.7-2018-q2-update.win32_1.4.0.202007081208/tools/bin/../lib/gcc/arm-none-eabi/7.3.1/../../../../arm-none-eabi/lib/thumb/v7-m\libc_nano.a(lib_a-init.o)
                              c:/st/stm32cubeide_1.4.0/stm32cubeide/plugins/com.st.stm32cube.ide.mcu.externaltools.gnu-tools-for-stm32.7-2018-q2-update.win32_1.4.0.202007081208/tools/bin/../lib/gcc/arm-none-eabi/7.3.1/../../../../arm-none-eabi/lib/thumb/v7-m/crt0.o (__libc_init_array)
c:/st/stm32cubeide_1.4.0/stm32cubeide/plugins/com.st.stm32cube.ide.mcu.externaltools.gnu-tools-for-stm32.7-2018-q2-update.win32_1.4.0.202007081208/tools/bin/../lib/gcc/arm-none-eabi/7.3.1/../../../../arm-none-eabi/lib/thumb/v7-m\libc_nano.a(lib_a-memset.o)
                              c:/st/stm32cubeide_1.4.0/stm32cubeide/plugins/com.st.stm32cube.ide.mcu.externaltools.gnu-tools-for-stm32.7-2018-q2-update.win32_1.4.0.202007081208/tools/bin/../lib/gcc/arm-none-eabi/7.3.1/../../../../arm-none-eabi/lib/thumb/v7-m/crt0.o (memset)

Allocating common symbols
Common symbol       size              file

ch                  0x2               Src/main.o
GP_IRQ_CallBack     0x3c              MCAL/EXTI/EXTI.o

Discarded input sections

 .text          0x0000000000000000        0x0 c:/st/stm32cubeide_1.4.0/stm32cubeide/plugins/com.st.stm32cube.ide.mcu.externaltools.gnu-tools-for-stm32.7-2018-q2-update.win32_1.4.0.202007081208/tools/bin/../lib/gcc/arm-none-eabi/7.3.1/thumb/v7-m/crti.o
 .data          0x0000000000000000        0x0 c:/st/stm32cubeide_1.4.0/stm32cubeide/plugins/com.st.stm32cube.ide.mcu.externaltools.gnu-tools-for-stm32.7-2018-q2-update.win32_1.4.0.202007081208/tools/bin/../lib/gcc/arm-none-eabi/7.3.1/thumb/v7-m/crti.o
 .bss           0x0000000000000000        0x0 c:/st/stm32cubeide_1.4.0/stm32cubeide/plugins/com.st.stm32cube.ide.mcu.externaltools.gnu-tools-for-stm32.7-2018-q2-update.win32_1.4.0.202007081208/tools/bin/../lib/gcc/arm-none-eabi/7.3.1/thumb/v7-m/crti.o
 .data          0x0000000000000000        0x4 c:/st/stm32cubeide_1.4.0/stm32cubeide/plugins/com.st.stm32cube.ide.mcu.externaltools.gnu-tools-for-stm32.7-2018-q2-update.win32_1.4.0.202007081208/tools/bin/../lib/gcc/arm-none-eabi/7.3.1/thumb/v7-m/crtbegin.o
 .text          0x0000000000000000       0x74 c:/st/stm32cubeide_1.4.0/stm32cubeide/plugins/com.st.stm32cube.ide.mcu.externaltools.gnu-tools-for-stm32.7-2018-q2-update.win32_1.4.0.202007081208/tools/bin/../lib/gcc/arm-none-eabi/7.3.1/../../../../arm-none-eabi/lib/thumb/v7-m/crt0.o
 .data          0x0000000000000000        0x0 c:/st/stm32cubeide_1.4.0/stm32cubeide/plugins/com.st.stm32cube.ide.mcu.externaltools.gnu-tools-for-stm32.7-2018-q2-update.win32_1.4.0.202007081208/tools/bin/../lib/gcc/arm-none-eabi/7.3.1/../../../../arm-none-eabi/lib/thumb/v7-m/crt0.o
 .bss           0x0000000000000000        0x0 c:/st/stm32cubeide_1.4.0/stm32cubeide/plugins/com.st.stm32cube.ide.mcu.externaltools.gnu-tools-for-stm32.7-2018-q2-update.win32_1.4.0.202007081208/tools/bin/../lib/gcc/arm-none-eabi/7.3.1/../../../../arm-none-eabi/lib/thumb/v7-m/crt0.o
 .ARM.extab     0x0000000000000000        0x0 c:/st/stm32cubeide_1.4.0/stm32cubeide/plugins/com.st.stm32cube.ide.mcu.externaltools.gnu-tools-for-stm32.7-2018-q2-update.win32_1.4.0.202007081208/tools/bin/../lib/gcc/arm-none-eabi/7.3.1/../../../../arm-none-eabi/lib/thumb/v7-m/crt0.o
 .ARM.exidx     0x0000000000000000        0x8 c:/st/stm32cubeide_1.4.0/stm32cubeide/plugins/com.st.stm32cube.ide.mcu.externaltools.gnu-tools-for-stm32.7-2018-q2-update.win32_1.4.0.202007081208/tools/bin/../lib/gcc/arm-none-eabi/7.3.1/../../../../arm-none-eabi/lib/thumb/v7-m/crt0.o
 .ARM.attributes
                0x0000000000000000       0x1b c:/st/stm32cubeide_1.4.0/stm32cubeide/plugins/com.st.stm32cube.ide.mcu.externaltools.gnu-tools-for-stm32.7-2018-q2-update.win32_1.4.0.202007081208/tools/bin/../lib/gcc/arm-none-eabi/7.3.1/../../../../arm-none-eabi/lib/thumb/v7-m/crt0.o
 .group         0x0000000000000000        0xc MCAL/EXTI/EXTI.o
 .group         0x0000000000000000        0xc MCAL/EXTI/EXTI.o
 .group         0x0000000000000000        0xc MCAL/EXTI/EXTI.o
 .group         0x0000000000000000        0xc MCAL/EXTI/EXTI.o
 .group         0x0000000000000000        0xc MCAL/EXTI/EXTI.o
 .group         0x0000000000000000        0xc MCAL/EXTI/EXTI.o
 .group         0x0000000000000000        0xc MCAL/EXTI/EXTI.o
 .group         0x0000000000000000        0xc MCAL/EXTI/EXTI.o
 .group         0x0000000000000000        0xc MCAL/EXTI/EXTI.o
 .group         0x0000000000000000        0xc MCAL/EXTI/EXTI.o
 .group         0x0000000000000000        0xc MCAL/EXTI/EXTI.o
 .group         0x0000000000000000        0xc MCAL/EXTI/EXTI.o
 .group         0x0000000000000000        0xc MCAL/EXTI/EXTI.o
 .group         0x0000000000000000        0xc MCAL/EXTI/EXTI.o
 .group         0x0000000000000000        0xc MCAL/EXTI/EXTI.o
 .group         0x0000000000000000        0xc MCAL/EXTI/EXTI.o
 .group         0x0000000000000000        0xc MCAL/EXTI/EXTI.o
 .group         0x0000000000000000        0xc MCAL/EXTI/EXTI.o
 .group         0x0000000000000000        0xc MCAL/EXTI/EXTI.o
 .group         0x0000000000000000        0xc MCAL/EXTI/EXTI.o
 .group         0x0000000000000000        0xc MCAL/EXTI/EXTI.o
 .group         0x0000000000000000        0xc MCAL/EXTI/EXTI.o
 .group         0x0000000000000000        0xc MCAL/EXTI/EXTI.o
 .group         0x0000000000000000        0xc MCAL/EXTI/EXTI.o
 .group         0x0000000000000000        0xc MCAL/EXTI/EXTI.o
 .text          0x0000000000000000        0x0 MCAL/EXTI/EXTI.o
 .data          0x0000000000000000        0x0 MCAL/EXTI/EXTI.o
 .bss           0x0000000000000000        0x0 MCAL/EXTI/EXTI.o
 .text.NVIC_Enable
                0x0000000000000000       0xcc MCAL/EXTI/EXTI.o
 .text.NVIC_Disable
                0x0000000000000000       0xcc MCAL/EXTI/EXTI.o
 .text.EXTI_Update
                0x0000000000000000      0x1d8 MCAL/EXTI/EXTI.o
 .text.MCAL_EXTI_Init
                0x0000000000000000       0x16 MCAL/EXTI/EXTI.o
 .text.MCAL_EXTI_Update
                0x0000000000000000       0x16 MCAL/EXTI/EXTI.o
 .text.MCAL_EXTI_DeInit
                0x0000000000000000       0x94 MCAL/EXTI/EXTI.o
 .group         0x0000000000000000        0xc MCAL/GPIO/GPIO.o
 .group         0x0000000000000000        0xc MCAL/GPIO/GPIO.o
 .group         0x0000000000000000        0xc MCAL/GPIO/GPIO.o
 .group         0x0000000000000000        0xc MCAL/GPIO/GPIO.o
 .group         0x0000000000000000        0xc MCAL/GPIO/GPIO.o
 .group         0x0000000000000000        0xc MCAL/GPIO/GPIO.o
 .group         0x0000000000000000        0xc MCAL/GPIO/GPIO.o
 .group         0x0000000000000000        0xc MCAL/GPIO/GPIO.o
 .group         0x0000000000000000        0xc MCAL/GPIO/GPIO.o
 .group         0x0000000000000000        0xc MCAL/GPIO/GPIO.o
 .group         0x0000000000000000        0xc MCAL/GPIO/GPIO.o
 .group         0x0000000000000000        0xc MCAL/GPIO/GPIO.o
 .group         0x0000000000000000        0xc MCAL/GPIO/GPIO.o
 .group         0x0000000000000000        0xc MCAL/GPIO/GPIO.o
 .group         0x0000000000000000        0xc MCAL/GPIO/GPIO.o
 .group         0x0000000000000000        0xc MCAL/GPIO/GPIO.o
 .group         0x0000000000000000        0xc MCAL/GPIO/GPIO.o
 .group         0x0000000000000000        0xc MCAL/GPIO/GPIO.o
 .group         0x0000000000000000        0xc MCAL/GPIO/GPIO.o
 .group         0x0000000000000000        0xc MCAL/GPIO/GPIO.o
 .group         0x0000000000000000        0xc MCAL/GPIO/GPIO.o
 .group         0x0000000000000000        0xc MCAL/GPIO/GPIO.o
 .group         0x0000000000000000        0xc MCAL/GPIO/GPIO.o
 .group         0x0000000000000000        0xc MCAL/GPIO/GPIO.o
 .text          0x0000000000000000        0x0 MCAL/GPIO/GPIO.o
 .data          0x0000000000000000        0x0 MCAL/GPIO/GPIO.o
 .bss           0x0000000000000000        0x0 MCAL/GPIO/GPIO.o
 .text.MCAL_GPIO_DeInit
                0x0000000000000000      0x120 MCAL/GPIO/GPIO.o
 .text.MCAL_GPIO_ReadPin
                0x0000000000000000       0x28 MCAL/GPIO/GPIO.o
 .text.MCAL_GPIO_ReadPort
                0x0000000000000000       0x18 MCAL/GPIO/GPIO.o
 .text.MCAL_GPIO_WritePin
                0x0000000000000000       0x3c MCAL/GPIO/GPIO.o
 .text.MCAL_GPIO_WritePort
                0x0000000000000000       0x1c MCAL/GPIO/GPIO.o
 .text.MCAL_GPIO_TogglePin
                0x0000000000000000       0x22 MCAL/GPIO/GPIO.o
 .text.MCAL_GPIO_LockPin
                0x0000000000000000       0x4e MCAL/GPIO/GPIO.o
 .debug_macro   0x0000000000000000      0xa60 MCAL/GPIO/GPIO.o
 .debug_macro   0x0000000000000000       0x18 MCAL/GPIO/GPIO.o
 .debug_macro   0x0000000000000000       0x22 MCAL/GPIO/GPIO.o
 .debug_macro   0x0000000000000000       0x40 MCAL/GPIO/GPIO.o
 .debug_macro   0x0000000000000000       0x94 MCAL/GPIO/GPIO.o
 .debug_macro   0x0000000000000000       0x3c MCAL/GPIO/GPIO.o
 .debug_macro   0x0000000000000000       0x34 MCAL/GPIO/GPIO.o
 .debug_macro   0x0000000000000000       0x16 MCAL/GPIO/GPIO.o
 .debug_macro   0x0000000000000000      0x10e MCAL/GPIO/GPIO.o
 .debug_macro   0x0000000000000000       0x8d MCAL/GPIO/GPIO.o
 .debug_macro   0x0000000000000000       0x57 MCAL/GPIO/GPIO.o
 .debug_macro   0x0000000000000000       0x52 MCAL/GPIO/GPIO.o
 .debug_macro   0x0000000000000000       0x1f MCAL/GPIO/GPIO.o
 .debug_macro   0x0000000000000000       0x43 MCAL/GPIO/GPIO.o
 .debug_macro   0x0000000000000000       0x20 MCAL/GPIO/GPIO.o
 .debug_macro   0x0000000000000000      0x1a3 MCAL/GPIO/GPIO.o
 .debug_macro   0x0000000000000000      0x330 MCAL/GPIO/GPIO.o
 .debug_macro   0x0000000000000000       0x16 MCAL/GPIO/GPIO.o
 .debug_macro   0x0000000000000000       0x29 MCAL/GPIO/GPIO.o
 .debug_macro   0x0000000000000000       0xef MCAL/GPIO/GPIO.o
 .debug_macro   0x0000000000000000       0x6a MCAL/GPIO/GPIO.o
 .debug_macro   0x0000000000000000      0x1df MCAL/GPIO/GPIO.o
 .debug_macro   0x0000000000000000      0x230 MCAL/GPIO/GPIO.o
 .debug_macro   0x0000000000000000       0xca MCAL/GPIO/GPIO.o
 .group         0x0000000000000000        0xc MCAL/RCC/RCC.o
 .group         0x0000000000000000        0xc MCAL/RCC/RCC.o
 .group         0x0000000000000000        0xc MCAL/RCC/RCC.o
 .group         0x0000000000000000        0xc MCAL/RCC/RCC.o
 .group         0x0000000000000000        0xc MCAL/RCC/RCC.o
 .group         0x0000000000000000        0xc MCAL/RCC/RCC.o
 .group         0x0000000000000000        0xc MCAL/RCC/RCC.o
 .group         0x0000000000000000        0xc MCAL/RCC/RCC.o
 .group         0x0000000000000000        0xc MCAL/RCC/RCC.o
 .group         0x0000000000000000        0xc MCAL/RCC/RCC.o
 .group         0x0000000000000000        0xc MCAL/RCC/RCC.o
 .group         0x0000000000000000        0xc MCAL/RCC/RCC.o
 .group         0x0000000000000000        0xc MCAL/RCC/RCC.o
 .group         0x0000000000000000        0xc MCAL/RCC/RCC.o
 .group         0x0000000000000000        0xc MCAL/RCC/RCC.o
 .group         0x0000000000000000        0xc MCAL/RCC/RCC.o
 .group         0x0000000000000000        0xc MCAL/RCC/RCC.o
 .group         0x0000000000000000        0xc MCAL/RCC/RCC.o
 .group         0x0000000000000000        0xc MCAL/RCC/RCC.o
 .group         0x0000000000000000        0xc MCAL/RCC/RCC.o
 .group         0x0000000000000000        0xc MCAL/RCC/RCC.o
 .group         0x0000000000000000        0xc MCAL/RCC/RCC.o
 .group         0x0000000000000000        0xc MCAL/RCC/RCC.o
 .group         0x0000000000000000        0xc MCAL/RCC/RCC.o
 .text          0x0000000000000000        0x0 MCAL/RCC/RCC.o
 .data          0x0000000000000000        0x0 MCAL/RCC/RCC.o
 .bss           0x0000000000000000        0x0 MCAL/RCC/RCC.o
 .debug_macro   0x0000000000000000      0xa60 MCAL/RCC/RCC.o
 .debug_macro   0x0000000000000000       0x18 MCAL/RCC/RCC.o
 .debug_macro   0x0000000000000000       0x22 MCAL/RCC/RCC.o
 .debug_macro   0x0000000000000000       0x40 MCAL/RCC/RCC.o
 .debug_macro   0x0000000000000000       0x94 MCAL/RCC/RCC.o
 .debug_macro   0x0000000000000000       0x3c MCAL/RCC/RCC.o
 .debug_macro   0x0000000000000000       0x34 MCAL/RCC/RCC.o
 .debug_macro   0x0000000000000000       0x16 MCAL/RCC/RCC.o
 .debug_macro   0x0000000000000000      0x10e MCAL/RCC/RCC.o
 .debug_macro   0x0000000000000000       0x8d MCAL/RCC/RCC.o
 .debug_macro   0x0000000000000000       0x57 MCAL/RCC/RCC.o
 .debug_macro   0x0000000000000000       0x52 MCAL/RCC/RCC.o
 .debug_macro   0x0000000000000000       0x1f MCAL/RCC/RCC.o
 .debug_macro   0x0000000000000000       0x43 MCAL/RCC/RCC.o
 .debug_macro   0x0000000000000000       0x20 MCAL/RCC/RCC.o
 .debug_macro   0x0000000000000000      0x1a3 MCAL/RCC/RCC.o
 .debug_macro   0x0000000000000000      0x330 MCAL/RCC/RCC.o
 .debug_macro   0x0000000000000000       0x16 MCAL/RCC/RCC.o
 .debug_macro   0x0000000000000000       0x29 MCAL/RCC/RCC.o
 .debug_macro   0x0000000000000000       0xef MCAL/RCC/RCC.o
 .debug_macro   0x0000000000000000       0x6a MCAL/RCC/RCC.o
 .debug_macro   0x0000000000000000      0x1df MCAL/RCC/RCC.o
 .debug_macro   0x0000000000000000      0x230 MCAL/RCC/RCC.o
 .group         0x0000000000000000        0xc MCAL/USART/USART.o
 .group         0x0000000000000000        0xc MCAL/USART/USART.o
 .group         0x0000000000000000        0xc MCAL/USART/USART.o
 .group         0x0000000000000000        0xc MCAL/USART/USART.o
 .group         0x0000000000000000        0xc MCAL/USART/USART.o
 .group         0x0000000000000000        0xc MCAL/USART/USART.o
 .group         0x0000000000000000        0xc MCAL/USART/USART.o
 .group         0x0000000000000000        0xc MCAL/USART/USART.o
 .group         0x0000000000000000        0xc MCAL/USART/USART.o
 .group         0x0000000000000000        0xc MCAL/USART/USART.o
 .group         0x0000000000000000        0xc MCAL/USART/USART.o
 .group         0x0000000000000000        0xc MCAL/USART/USART.o
 .group         0x0000000000000000        0xc MCAL/USART/USART.o
 .group         0x0000000000000000        0xc MCAL/USART/USART.o
 .group         0x0000000000000000        0xc MCAL/USART/USART.o
 .group         0x0000000000000000        0xc MCAL/USART/USART.o
 .group         0x0000000000000000        0xc MCAL/USART/USART.o
 .group         0x0000000000000000        0xc MCAL/USART/USART.o
 .group         0x0000000000000000        0xc MCAL/USART/USART.o
 .group         0x0000000000000000        0xc MCAL/USART/USART.o
 .group         0x0000000000000000        0xc MCAL/USART/USART.o
 .group         0x0000000000000000        0xc MCAL/USART/USART.o
 .group         0x0000000000000000        0xc MCAL/USART/USART.o
 .group         0x0000000000000000        0xc MCAL/USART/USART.o
 .group         0x0000000000000000        0xc MCAL/USART/USART.o
 .group         0x0000000000000000        0xc MCAL/USART/USART.o
 .text          0x0000000000000000        0x0 MCAL/USART/USART.o
 .data          0x0000000000000000        0x0 MCAL/USART/USART.o
 .bss           0x0000000000000000        0x0 MCAL/USART/USART.o
 .text.MCAL_USART_DeInit
                0x0000000000000000       0x8c MCAL/USART/USART.o
 .debug_macro   0x0000000000000000      0xa60 MCAL/USART/USART.o
 .debug_macro   0x0000000000000000       0x18 MCAL/USART/USART.o
 .debug_macro   0x0000000000000000       0x22 MCAL/USART/USART.o
 .debug_macro   0x0000000000000000       0x40 MCAL/USART/USART.o
 .debug_macro   0x0000000000000000       0x94 MCAL/USART/USART.o
 .debug_macro   0x0000000000000000       0x3c MCAL/USART/USART.o
 .debug_macro   0x0000000000000000       0x34 MCAL/USART/USART.o
 .debug_macro   0x0000000000000000       0x16 MCAL/USART/USART.o
 .debug_macro   0x0000000000000000      0x10e MCAL/USART/USART.o
 .debug_macro   0x0000000000000000       0x8d MCAL/USART/USART.o
 .debug_macro   0x0000000000000000       0x57 MCAL/USART/USART.o
 .debug_macro   0x0000000000000000       0x52 MCAL/USART/USART.o
 .debug_macro   0x0000000000000000       0x1f MCAL/USART/USART.o
 .debug_macro   0x0000000000000000       0x43 MCAL/USART/USART.o
 .debug_macro   0x0000000000000000       0x20 MCAL/USART/USART.o
 .debug_macro   0x0000000000000000      0x1a3 MCAL/USART/USART.o
 .debug_macro   0x0000000000000000      0x330 MCAL/USART/USART.o
 .debug_macro   0x0000000000000000       0x16 MCAL/USART/USART.o
 .debug_macro   0x0000000000000000       0x29 MCAL/USART/USART.o
 .debug_macro   0x0000000000000000       0xef MCAL/USART/USART.o
 .debug_macro   0x0000000000000000       0x6a MCAL/USART/USART.o
 .debug_macro   0x0000000000000000      0x1df MCAL/USART/USART.o
 .debug_macro   0x0000000000000000      0x230 MCAL/USART/USART.o
 .group         0x0000000000000000        0xc Src/main.o
 .group         0x0000000000000000        0xc Src/main.o
 .group         0x0000000000000000        0xc Src/main.o
 .group         0x0000000000000000        0xc Src/main.o
 .group         0x0000000000000000        0xc Src/main.o
 .group         0x0000000000000000        0xc Src/main.o
 .group         0x0000000000000000        0xc Src/main.o
 .group         0x0000000000000000        0xc Src/main.o
 .group         0x0000000000000000        0xc Src/main.o
 .group         0x0000000000000000        0xc Src/main.o
 .group         0x0000000000000000        0xc Src/main.o
 .group         0x0000000000000000        0xc Src/main.o
 .group         0x0000000000000000        0xc Src/main.o
 .group         0x0000000000000000        0xc Src/main.o
 .group         0x0000000000000000        0xc Src/main.o
 .group         0x0000000000000000        0xc Src/main.o
 .group         0x0000000000000000        0xc Src/main.o
 .group         0x0000000000000000        0xc Src/main.o
 .group         0x0000000000000000        0xc Src/main.o
 .group         0x0000000000000000        0xc Src/main.o
 .group         0x0000000000000000        0xc Src/main.o
 .group         0x0000000000000000        0xc Src/main.o
 .group         0x0000000000000000        0xc Src/main.o
 .group         0x0000000000000000        0xc Src/main.o
 .group         0x0000000000000000        0xc Src/main.o
 .group         0x0000000000000000        0xc Src/main.o
 .text          0x0000000000000000        0x0 Src/main.o
 .data          0x0000000000000000        0x0 Src/main.o
 .bss           0x0000000000000000        0x0 Src/main.o
 .debug_macro   0x0000000000000000      0xa60 Src/main.o
 .debug_macro   0x0000000000000000       0x18 Src/main.o
 .debug_macro   0x0000000000000000       0x22 Src/main.o
 .debug_macro   0x0000000000000000       0x40 Src/main.o
 .debug_macro   0x0000000000000000       0x94 Src/main.o
 .debug_macro   0x0000000000000000       0x3c Src/main.o
 .debug_macro   0x0000000000000000       0x34 Src/main.o
 .debug_macro   0x0000000000000000       0x16 Src/main.o
 .debug_macro   0x0000000000000000      0x10e Src/main.o
 .debug_macro   0x0000000000000000       0x8d Src/main.o
 .debug_macro   0x0000000000000000       0x57 Src/main.o
 .debug_macro   0x0000000000000000       0x52 Src/main.o
 .debug_macro   0x0000000000000000       0x1f Src/main.o
 .debug_macro   0x0000000000000000       0x43 Src/main.o
 .debug_macro   0x0000000000000000       0x20 Src/main.o
 .debug_macro   0x0000000000000000      0x1a3 Src/main.o
 .debug_macro   0x0000000000000000      0x330 Src/main.o
 .debug_macro   0x0000000000000000       0x16 Src/main.o
 .debug_macro   0x0000000000000000       0x29 Src/main.o
 .debug_macro   0x0000000000000000       0xef Src/main.o
 .debug_macro   0x0000000000000000       0x6a Src/main.o
 .debug_macro   0x0000000000000000      0x1df Src/main.o
 .debug_macro   0x0000000000000000      0x230 Src/main.o
 .debug_macro   0x0000000000000000       0x6a Src/main.o
 .debug_macro   0x0000000000000000       0xd0 Src/main.o
 .debug_macro   0x0000000000000000       0xee Src/main.o
 .group         0x0000000000000000        0xc Src/syscalls.o
 .group         0x0000000000000000        0xc Src/syscalls.o
 .group         0x0000000000000000        0xc Src/syscalls.o
 .group         0x0000000000000000        0xc Src/syscalls.o
 .group         0x0000000000000000        0xc Src/syscalls.o
 .group         0x0000000000000000        0xc Src/syscalls.o
 .group         0x0000000000000000        0xc Src/syscalls.o
 .group         0x0000000000000000        0xc Src/syscalls.o
 .group         0x0000000000000000        0xc Src/syscalls.o
 .group         0x0000000000000000        0xc Src/syscalls.o
 .group         0x0000000000000000        0xc Src/syscalls.o
 .group         0x0000000000000000        0xc Src/syscalls.o
 .group         0x0000000000000000        0xc Src/syscalls.o
 .group         0x0000000000000000        0xc Src/syscalls.o
 .group         0x0000000000000000        0xc Src/syscalls.o
 .group         0x0000000000000000        0xc Src/syscalls.o
 .group         0x0000000000000000        0xc Src/syscalls.o
 .group         0x0000000000000000        0xc Src/syscalls.o
 .group         0x0000000000000000        0xc Src/syscalls.o
 .group         0x0000000000000000        0xc Src/syscalls.o
 .group         0x0000000000000000        0xc Src/syscalls.o
 .group         0x0000000000000000        0xc Src/syscalls.o
 .group         0x0000000000000000        0xc Src/syscalls.o
 .group         0x0000000000000000        0xc Src/syscalls.o
 .group         0x0000000000000000        0xc Src/syscalls.o
 .group         0x0000000000000000        0xc Src/syscalls.o
 .group         0x0000000000000000        0xc Src/syscalls.o
 .group         0x0000000000000000        0xc Src/syscalls.o
 .group         0x0000000000000000        0xc Src/syscalls.o
 .group         0x0000000000000000        0xc Src/syscalls.o
 .group         0x0000000000000000        0xc Src/syscalls.o
 .group         0x0000000000000000        0xc Src/syscalls.o
 .group         0x0000000000000000        0xc Src/syscalls.o
 .group         0x0000000000000000        0xc Src/syscalls.o
 .group         0x0000000000000000        0xc Src/syscalls.o
 .group         0x0000000000000000        0xc Src/syscalls.o
 .group         0x0000000000000000        0xc Src/syscalls.o
 .group         0x0000000000000000        0xc Src/syscalls.o
 .group         0x0000000000000000        0xc Src/syscalls.o
 .group         0x0000000000000000        0xc Src/syscalls.o
 .group         0x0000000000000000        0xc Src/syscalls.o
 .group         0x0000000000000000        0xc Src/syscalls.o
 .group         0x0000000000000000        0xc Src/syscalls.o
 .group         0x0000000000000000        0xc Src/syscalls.o
 .text          0x0000000000000000        0x0 Src/syscalls.o
 .data          0x0000000000000000        0x0 Src/syscalls.o
 .bss           0x0000000000000000        0x0 Src/syscalls.o
 .bss.__env     0x0000000000000000        0x4 Src/syscalls.o
 .data.environ  0x0000000000000000        0x4 Src/syscalls.o
 .text.initialise_monitor_handles
                0x0000000000000000        0xc Src/syscalls.o
 .text._getpid  0x0000000000000000        0xe Src/syscalls.o
 .text._kill    0x0000000000000000       0x20 Src/syscalls.o
 .text._exit    0x0000000000000000       0x14 Src/syscalls.o
 .text._read    0x0000000000000000       0x3a Src/syscalls.o
 .text._write   0x0000000000000000       0x38 Src/syscalls.o
 .text._close   0x0000000000000000       0x16 Src/syscalls.o
 .text._fstat   0x0000000000000000       0x1e Src/syscalls.o
 .text._isatty  0x0000000000000000       0x14 Src/syscalls.o
 .text._lseek   0x0000000000000000       0x18 Src/syscalls.o
 .text._open    0x0000000000000000       0x1a Src/syscalls.o
 .text._wait    0x0000000000000000       0x1e Src/syscalls.o
 .text._unlink  0x0000000000000000       0x1e Src/syscalls.o
 .text._times   0x0000000000000000       0x16 Src/syscalls.o
 .text._stat    0x0000000000000000       0x1e Src/syscalls.o
 .text._link    0x0000000000000000       0x20 Src/syscalls.o
 .text._fork    0x0000000000000000       0x16 Src/syscalls.o
 .text._execve  0x0000000000000000       0x22 Src/syscalls.o
 .debug_info    0x0000000000000000     0x1038 Src/syscalls.o
 .debug_abbrev  0x0000000000000000      0x254 Src/syscalls.o
 .debug_loc     0x0000000000000000      0x5b8 Src/syscalls.o
 .debug_aranges
                0x0000000000000000       0xa8 Src/syscalls.o
 .debug_ranges  0x0000000000000000       0x98 Src/syscalls.o
 .debug_macro   0x0000000000000000      0x243 Src/syscalls.o
 .debug_macro   0x0000000000000000      0xa60 Src/syscalls.o
 .debug_macro   0x0000000000000000       0x22 Src/syscalls.o
 .debug_macro   0x0000000000000000       0x40 Src/syscalls.o
 .debug_macro   0x0000000000000000       0x18 Src/syscalls.o
 .debug_macro   0x0000000000000000       0x94 Src/syscalls.o
 .debug_macro   0x0000000000000000       0x3c Src/syscalls.o
 .debug_macro   0x0000000000000000       0x34 Src/syscalls.o
 .debug_macro   0x0000000000000000       0x57 Src/syscalls.o
 .debug_macro   0x0000000000000000      0x174 Src/syscalls.o
 .debug_macro   0x0000000000000000      0x330 Src/syscalls.o
 .debug_macro   0x0000000000000000       0x52 Src/syscalls.o
 .debug_macro   0x0000000000000000       0x1f Src/syscalls.o
 .debug_macro   0x0000000000000000       0x43 Src/syscalls.o
 .debug_macro   0x0000000000000000       0x20 Src/syscalls.o
 .debug_macro   0x0000000000000000      0x1a3 Src/syscalls.o
 .debug_macro   0x0000000000000000       0x10 Src/syscalls.o
 .debug_macro   0x0000000000000000       0x35 Src/syscalls.o
 .debug_macro   0x0000000000000000       0x10 Src/syscalls.o
 .debug_macro   0x0000000000000000       0x10 Src/syscalls.o
 .debug_macro   0x0000000000000000       0x10 Src/syscalls.o
 .debug_macro   0x0000000000000000       0x6a Src/syscalls.o
 .debug_macro   0x0000000000000000       0x1c Src/syscalls.o
 .debug_macro   0x0000000000000000       0x52 Src/syscalls.o
 .debug_macro   0x0000000000000000       0x40 Src/syscalls.o
 .debug_macro   0x0000000000000000       0x10 Src/syscalls.o
 .debug_macro   0x0000000000000000       0x40 Src/syscalls.o
 .debug_macro   0x0000000000000000       0xd7 Src/syscalls.o
 .debug_macro   0x0000000000000000       0x1c Src/syscalls.o
 .debug_macro   0x0000000000000000       0x3d Src/syscalls.o
 .debug_macro   0x0000000000000000       0x35 Src/syscalls.o
 .debug_macro   0x0000000000000000      0x122 Src/syscalls.o
 .debug_macro   0x0000000000000000       0x16 Src/syscalls.o
 .debug_macro   0x0000000000000000       0x16 Src/syscalls.o
 .debug_macro   0x0000000000000000       0x29 Src/syscalls.o
 .debug_macro   0x0000000000000000       0x10 Src/syscalls.o
 .debug_macro   0x0000000000000000      0x241 Src/syscalls.o
 .debug_macro   0x0000000000000000       0x1c Src/syscalls.o
 .debug_macro   0x0000000000000000       0x10 Src/syscalls.o
 .debug_macro   0x0000000000000000       0x10 Src/syscalls.o
 .debug_macro   0x0000000000000000       0x16 Src/syscalls.o
 .debug_macro   0x0000000000000000      0x145 Src/syscalls.o
 .debug_macro   0x0000000000000000      0x189 Src/syscalls.o
 .debug_macro   0x0000000000000000       0x16 Src/syscalls.o
 .debug_macro   0x0000000000000000       0x88 Src/syscalls.o
 .debug_line    0x0000000000000000      0x739 Src/syscalls.o
 .debug_str     0x0000000000000000     0x88af Src/syscalls.o
 .comment       0x0000000000000000       0x7c Src/syscalls.o
 .debug_frame   0x0000000000000000      0x2ac Src/syscalls.o
 .ARM.attributes
                0x0000000000000000       0x33 Src/syscalls.o
 .group         0x0000000000000000        0xc Src/sysmem.o
 .group         0x0000000000000000        0xc Src/sysmem.o
 .group         0x0000000000000000        0xc Src/sysmem.o
 .group         0x0000000000000000        0xc Src/sysmem.o
 .group         0x0000000000000000        0xc Src/sysmem.o
 .group         0x0000000000000000        0xc Src/sysmem.o
 .group         0x0000000000000000        0xc Src/sysmem.o
 .group         0x0000000000000000        0xc Src/sysmem.o
 .group         0x0000000000000000        0xc Src/sysmem.o
 .group         0x0000000000000000        0xc Src/sysmem.o
 .group         0x0000000000000000        0xc Src/sysmem.o
 .group         0x0000000000000000        0xc Src/sysmem.o
 .group         0x0000000000000000        0xc Src/sysmem.o
 .group         0x0000000000000000        0xc Src/sysmem.o
 .group         0x0000000000000000        0xc Src/sysmem.o
 .group         0x0000000000000000        0xc Src/sysmem.o
 .group         0x0000000000000000        0xc Src/sysmem.o
 .group         0x0000000000000000        0xc Src/sysmem.o
 .group         0x0000000000000000        0xc Src/sysmem.o
 .text          0x0000000000000000        0x0 Src/sysmem.o
 .data          0x0000000000000000        0x0 Src/sysmem.o
 .bss           0x0000000000000000        0x0 Src/sysmem.o
 .bss.__sbrk_heap_end
                0x0000000000000000        0x4 Src/sysmem.o
 .text._sbrk    0x0000000000000000       0x6c Src/sysmem.o
 .debug_info    0x0000000000000000      0xa7c Src/sysmem.o
 .debug_abbrev  0x0000000000000000      0x18e Src/sysmem.o
 .debug_loc     0x0000000000000000       0x50 Src/sysmem.o
 .debug_aranges
                0x0000000000000000       0x20 Src/sysmem.o
 .debug_ranges  0x0000000000000000       0x10 Src/sysmem.o
 .debug_macro   0x0000000000000000       0xee Src/sysmem.o
 .debug_macro   0x0000000000000000      0xa60 Src/sysmem.o
 .debug_macro   0x0000000000000000       0x10 Src/sysmem.o
 .debug_macro   0x0000000000000000       0x22 Src/sysmem.o
 .debug_macro   0x0000000000000000       0x40 Src/sysmem.o
 .debug_macro   0x0000000000000000       0x18 Src/sysmem.o
 .debug_macro   0x0000000000000000       0x94 Src/sysmem.o
 .debug_macro   0x0000000000000000       0x3c Src/sysmem.o
 .debug_macro   0x0000000000000000       0x34 Src/sysmem.o
 .debug_macro   0x0000000000000000      0x174 Src/sysmem.o
 .debug_macro   0x0000000000000000       0x57 Src/sysmem.o
 .debug_macro   0x0000000000000000       0x52 Src/sysmem.o
 .debug_macro   0x0000000000000000       0x1f Src/sysmem.o
 .debug_macro   0x0000000000000000       0x43 Src/sysmem.o
 .debug_macro   0x0000000000000000       0x20 Src/sysmem.o
 .debug_macro   0x0000000000000000      0x1a3 Src/sysmem.o
 .debug_macro   0x0000000000000000      0x23b Src/sysmem.o
 .debug_macro   0x0000000000000000       0xef Src/sysmem.o
 .debug_macro   0x0000000000000000       0x6a Src/sysmem.o
 .debug_macro   0x0000000000000000      0x1df Src/sysmem.o
 .debug_line    0x0000000000000000      0x4c2 Src/sysmem.o
 .debug_str     0x0000000000000000     0x5f7d Src/sysmem.o
 .comment       0x0000000000000000       0x7c Src/sysmem.o
 .debug_frame   0x0000000000000000       0x34 Src/sysmem.o
 .ARM.attributes
                0x0000000000000000       0x33 Src/sysmem.o
 .text          0x0000000000000000       0x14 Startup/startup_stm32f103c6tx.o
 .data          0x0000000000000000        0x0 Startup/startup_stm32f103c6tx.o
 .bss           0x0000000000000000        0x0 Startup/startup_stm32f103c6tx.o
 .text          0x0000000000000000        0x0 c:/st/stm32cubeide_1.4.0/stm32cubeide/plugins/com.st.stm32cube.ide.mcu.externaltools.gnu-tools-for-stm32.7-2018-q2-update.win32_1.4.0.202007081208/tools/bin/../lib/gcc/arm-none-eabi/7.3.1/../../../../arm-none-eabi/lib/thumb/v7-m\libc_nano.a(lib_a-errno.o)
 .data          0x0000000000000000        0x0 c:/st/stm32cubeide_1.4.0/stm32cubeide/plugins/com.st.stm32cube.ide.mcu.externaltools.gnu-tools-for-stm32.7-2018-q2-update.win32_1.4.0.202007081208/tools/bin/../lib/gcc/arm-none-eabi/7.3.1/../../../../arm-none-eabi/lib/thumb/v7-m\libc_nano.a(lib_a-errno.o)
 .bss           0x0000000000000000        0x0 c:/st/stm32cubeide_1.4.0/stm32cubeide/plugins/com.st.stm32cube.ide.mcu.externaltools.gnu-tools-for-stm32.7-2018-q2-update.win32_1.4.0.202007081208/tools/bin/../lib/gcc/arm-none-eabi/7.3.1/../../../../arm-none-eabi/lib/thumb/v7-m\libc_nano.a(lib_a-errno.o)
 .text.__errno  0x0000000000000000        0xc c:/st/stm32cubeide_1.4.0/stm32cubeide/plugins/com.st.stm32cube.ide.mcu.externaltools.gnu-tools-for-stm32.7-2018-q2-update.win32_1.4.0.202007081208/tools/bin/../lib/gcc/arm-none-eabi/7.3.1/../../../../arm-none-eabi/lib/thumb/v7-m\libc_nano.a(lib_a-errno.o)
 .debug_frame   0x0000000000000000       0x20 c:/st/stm32cubeide_1.4.0/stm32cubeide/plugins/com.st.stm32cube.ide.mcu.externaltools.gnu-tools-for-stm32.7-2018-q2-update.win32_1.4.0.202007081208/tools/bin/../lib/gcc/arm-none-eabi/7.3.1/../../../../arm-none-eabi/lib/thumb/v7-m\libc_nano.a(lib_a-errno.o)
 .ARM.attributes
                0x0000000000000000       0x2d c:/st/stm32cubeide_1.4.0/stm32cubeide/plugins/com.st.stm32cube.ide.mcu.externaltools.gnu-tools-for-stm32.7-2018-q2-update.win32_1.4.0.202007081208/tools/bin/../lib/gcc/arm-none-eabi/7.3.1/../../../../arm-none-eabi/lib/thumb/v7-m\libc_nano.a(lib_a-errno.o)
 .text          0x0000000000000000        0x0 c:/st/stm32cubeide_1.4.0/stm32cubeide/plugins/com.st.stm32cube.ide.mcu.externaltools.gnu-tools-for-stm32.7-2018-q2-update.win32_1.4.0.202007081208/tools/bin/../lib/gcc/arm-none-eabi/7.3.1/../../../../arm-none-eabi/lib/thumb/v7-m\libc_nano.a(lib_a-exit.o)
 .data          0x0000000000000000        0x0 c:/st/stm32cubeide_1.4.0/stm32cubeide/plugins/com.st.stm32cube.ide.mcu.externaltools.gnu-tools-for-stm32.7-2018-q2-update.win32_1.4.0.202007081208/tools/bin/../lib/gcc/arm-none-eabi/7.3.1/../../../../arm-none-eabi/lib/thumb/v7-m\libc_nano.a(lib_a-exit.o)
 .bss           0x0000000000000000        0x0 c:/st/stm32cubeide_1.4.0/stm32cubeide/plugins/com.st.stm32cube.ide.mcu.externaltools.gnu-tools-for-stm32.7-2018-q2-update.win32_1.4.0.202007081208/tools/bin/../lib/gcc/arm-none-eabi/7.3.1/../../../../arm-none-eabi/lib/thumb/v7-m\libc_nano.a(lib_a-exit.o)
 .text.exit     0x0000000000000000       0x28 c:/st/stm32cubeide_1.4.0/stm32cubeide/plugins/com.st.stm32cube.ide.mcu.externaltools.gnu-tools-for-stm32.7-2018-q2-update.win32_1.4.0.202007081208/tools/bin/../lib/gcc/arm-none-eabi/7.3.1/../../../../arm-none-eabi/lib/thumb/v7-m\libc_nano.a(lib_a-exit.o)
 .debug_frame   0x0000000000000000       0x28 c:/st/stm32cubeide_1.4.0/stm32cubeide/plugins/com.st.stm32cube.ide.mcu.externaltools.gnu-tools-for-stm32.7-2018-q2-update.win32_1.4.0.202007081208/tools/bin/../lib/gcc/arm-none-eabi/7.3.1/../../../../arm-none-eabi/lib/thumb/v7-m\libc_nano.a(lib_a-exit.o)
 .ARM.attributes
                0x0000000000000000       0x2d c:/st/stm32cubeide_1.4.0/stm32cubeide/plugins/com.st.stm32cube.ide.mcu.externaltools.gnu-tools-for-stm32.7-2018-q2-update.win32_1.4.0.202007081208/tools/bin/../lib/gcc/arm-none-eabi/7.3.1/../../../../arm-none-eabi/lib/thumb/v7-m\libc_nano.a(lib_a-exit.o)
 .text          0x0000000000000000        0x0 c:/st/stm32cubeide_1.4.0/stm32cubeide/plugins/com.st.stm32cube.ide.mcu.externaltools.gnu-tools-for-stm32.7-2018-q2-update.win32_1.4.0.202007081208/tools/bin/../lib/gcc/arm-none-eabi/7.3.1/../../../../arm-none-eabi/lib/thumb/v7-m\libc_nano.a(lib_a-impure.o)
 .data          0x0000000000000000        0x0 c:/st/stm32cubeide_1.4.0/stm32cubeide/plugins/com.st.stm32cube.ide.mcu.externaltools.gnu-tools-for-stm32.7-2018-q2-update.win32_1.4.0.202007081208/tools/bin/../lib/gcc/arm-none-eabi/7.3.1/../../../../arm-none-eabi/lib/thumb/v7-m\libc_nano.a(lib_a-impure.o)
 .bss           0x0000000000000000        0x0 c:/st/stm32cubeide_1.4.0/stm32cubeide/plugins/com.st.stm32cube.ide.mcu.externaltools.gnu-tools-for-stm32.7-2018-q2-update.win32_1.4.0.202007081208/tools/bin/../lib/gcc/arm-none-eabi/7.3.1/../../../../arm-none-eabi/lib/thumb/v7-m\libc_nano.a(lib_a-impure.o)
 .data._impure_ptr
                0x0000000000000000        0x4 c:/st/stm32cubeide_1.4.0/stm32cubeide/plugins/com.st.stm32cube.ide.mcu.externaltools.gnu-tools-for-stm32.7-2018-q2-update.win32_1.4.0.202007081208/tools/bin/../lib/gcc/arm-none-eabi/7.3.1/../../../../arm-none-eabi/lib/thumb/v7-m\libc_nano.a(lib_a-impure.o)
 .data.impure_data
                0x0000000000000000       0x60 c:/st/stm32cubeide_1.4.0/stm32cubeide/plugins/com.st.stm32cube.ide.mcu.externaltools.gnu-tools-for-stm32.7-2018-q2-update.win32_1.4.0.202007081208/tools/bin/../lib/gcc/arm-none-eabi/7.3.1/../../../../arm-none-eabi/lib/thumb/v7-m\libc_nano.a(lib_a-impure.o)
 .rodata._global_impure_ptr
                0x0000000000000000        0x4 c:/st/stm32cubeide_1.4.0/stm32cubeide/plugins/com.st.stm32cube.ide.mcu.externaltools.gnu-tools-for-stm32.7-2018-q2-update.win32_1.4.0.202007081208/tools/bin/../lib/gcc/arm-none-eabi/7.3.1/../../../../arm-none-eabi/lib/thumb/v7-m\libc_nano.a(lib_a-impure.o)
 .ARM.attributes
                0x0000000000000000       0x2d c:/st/stm32cubeide_1.4.0/stm32cubeide/plugins/com.st.stm32cube.ide.mcu.externaltools.gnu-tools-for-stm32.7-2018-q2-update.win32_1.4.0.202007081208/tools/bin/../lib/gcc/arm-none-eabi/7.3.1/../../../../arm-none-eabi/lib/thumb/v7-m\libc_nano.a(lib_a-impure.o)
 .text          0x0000000000000000        0x0 c:/st/stm32cubeide_1.4.0/stm32cubeide/plugins/com.st.stm32cube.ide.mcu.externaltools.gnu-tools-for-stm32.7-2018-q2-update.win32_1.4.0.202007081208/tools/bin/../lib/gcc/arm-none-eabi/7.3.1/../../../../arm-none-eabi/lib/thumb/v7-m\libc_nano.a(lib_a-init.o)
 .data          0x0000000000000000        0x0 c:/st/stm32cubeide_1.4.0/stm32cubeide/plugins/com.st.stm32cube.ide.mcu.externaltools.gnu-tools-for-stm32.7-2018-q2-update.win32_1.4.0.202007081208/tools/bin/../lib/gcc/arm-none-eabi/7.3.1/../../../../arm-none-eabi/lib/thumb/v7-m\libc_nano.a(lib_a-init.o)
 .bss           0x0000000000000000        0x0 c:/st/stm32cubeide_1.4.0/stm32cubeide/plugins/com.st.stm32cube.ide.mcu.externaltools.gnu-tools-for-stm32.7-2018-q2-update.win32_1.4.0.202007081208/tools/bin/../lib/gcc/arm-none-eabi/7.3.1/../../../../arm-none-eabi/lib/thumb/v7-m\libc_nano.a(lib_a-init.o)
 .text          0x0000000000000000        0x0 c:/st/stm32cubeide_1.4.0/stm32cubeide/plugins/com.st.stm32cube.ide.mcu.externaltools.gnu-tools-for-stm32.7-2018-q2-update.win32_1.4.0.202007081208/tools/bin/../lib/gcc/arm-none-eabi/7.3.1/../../../../arm-none-eabi/lib/thumb/v7-m\libc_nano.a(lib_a-memset.o)
 .data          0x0000000000000000        0x0 c:/st/stm32cubeide_1.4.0/stm32cubeide/plugins/com.st.stm32cube.ide.mcu.externaltools.gnu-tools-for-stm32.7-2018-q2-update.win32_1.4.0.202007081208/tools/bin/../lib/gcc/arm-none-eabi/7.3.1/../../../../arm-none-eabi/lib/thumb/v7-m\libc_nano.a(lib_a-memset.o)
 .bss           0x0000000000000000        0x0 c:/st/stm32cubeide_1.4.0/stm32cubeide/plugins/com.st.stm32cube.ide.mcu.externaltools.gnu-tools-for-stm32.7-2018-q2-update.win32_1.4.0.202007081208/tools/bin/../lib/gcc/arm-none-eabi/7.3.1/../../../../arm-none-eabi/lib/thumb/v7-m\libc_nano.a(lib_a-memset.o)
 .text.memset   0x0000000000000000       0x10 c:/st/stm32cubeide_1.4.0/stm32cubeide/plugins/com.st.stm32cube.ide.mcu.externaltools.gnu-tools-for-stm32.7-2018-q2-update.win32_1.4.0.202007081208/tools/bin/../lib/gcc/arm-none-eabi/7.3.1/../../../../arm-none-eabi/lib/thumb/v7-m\libc_nano.a(lib_a-memset.o)
 .debug_frame   0x0000000000000000       0x20 c:/st/stm32cubeide_1.4.0/stm32cubeide/plugins/com.st.stm32cube.ide.mcu.externaltools.gnu-tools-for-stm32.7-2018-q2-update.win32_1.4.0.202007081208/tools/bin/../lib/gcc/arm-none-eabi/7.3.1/../../../../arm-none-eabi/lib/thumb/v7-m\libc_nano.a(lib_a-memset.o)
 .ARM.attributes
                0x0000000000000000       0x2d c:/st/stm32cubeide_1.4.0/stm32cubeide/plugins/com.st.stm32cube.ide.mcu.externaltools.gnu-tools-for-stm32.7-2018-q2-update.win32_1.4.0.202007081208/tools/bin/../lib/gcc/arm-none-eabi/7.3.1/../../../../arm-none-eabi/lib/thumb/v7-m\libc_nano.a(lib_a-memset.o)
 .text          0x0000000000000000        0x0 c:/st/stm32cubeide_1.4.0/stm32cubeide/plugins/com.st.stm32cube.ide.mcu.externaltools.gnu-tools-for-stm32.7-2018-q2-update.win32_1.4.0.202007081208/tools/bin/../lib/gcc/arm-none-eabi/7.3.1/thumb/v7-m/crtend.o
 .data          0x0000000000000000        0x0 c:/st/stm32cubeide_1.4.0/stm32cubeide/plugins/com.st.stm32cube.ide.mcu.externaltools.gnu-tools-for-stm32.7-2018-q2-update.win32_1.4.0.202007081208/tools/bin/../lib/gcc/arm-none-eabi/7.3.1/thumb/v7-m/crtend.o
 .bss           0x0000000000000000        0x0 c:/st/stm32cubeide_1.4.0/stm32cubeide/plugins/com.st.stm32cube.ide.mcu.externaltools.gnu-tools-for-stm32.7-2018-q2-update.win32_1.4.0.202007081208/tools/bin/../lib/gcc/arm-none-eabi/7.3.1/thumb/v7-m/crtend.o
 .eh_frame      0x0000000000000000        0x4 c:/st/stm32cubeide_1.4.0/stm32cubeide/plugins/com.st.stm32cube.ide.mcu.externaltools.gnu-tools-for-stm32.7-2018-q2-update.win32_1.4.0.202007081208/tools/bin/../lib/gcc/arm-none-eabi/7.3.1/thumb/v7-m/crtend.o
 .ARM.attributes
                0x0000000000000000       0x2d c:/st/stm32cubeide_1.4.0/stm32cubeide/plugins/com.st.stm32cube.ide.mcu.externaltools.gnu-tools-for-stm32.7-2018-q2-update.win32_1.4.0.202007081208/tools/bin/../lib/gcc/arm-none-eabi/7.3.1/thumb/v7-m/crtend.o
 .text          0x0000000000000000        0x0 c:/st/stm32cubeide_1.4.0/stm32cubeide/plugins/com.st.stm32cube.ide.mcu.externaltools.gnu-tools-for-stm32.7-2018-q2-update.win32_1.4.0.202007081208/tools/bin/../lib/gcc/arm-none-eabi/7.3.1/thumb/v7-m/crtn.o
 .data          0x0000000000000000        0x0 c:/st/stm32cubeide_1.4.0/stm32cubeide/plugins/com.st.stm32cube.ide.mcu.externaltools.gnu-tools-for-stm32.7-2018-q2-update.win32_1.4.0.202007081208/tools/bin/../lib/gcc/arm-none-eabi/7.3.1/thumb/v7-m/crtn.o
 .bss           0x0000000000000000        0x0 c:/st/stm32cubeide_1.4.0/stm32cubeide/plugins/com.st.stm32cube.ide.mcu.externaltools.gnu-tools-for-stm32.7-2018-q2-update.win32_1.4.0.202007081208/tools/bin/../lib/gcc/arm-none-eabi/7.3.1/thumb/v7-m/crtn.o

Memory Configuration

Name             Origin             Length             Attributes
RAM              0x0000000020000000 0x0000000000002800 xrw
ROM              0x0000000008000000 0x0000000000008000 xr
*default*        0x0000000000000000 0xffffffffffffffff

Linker script and memory map

LOAD c:/st/stm32cubeide_1.4.0/stm32cubeide/plugins/com.st.stm32cube.ide.mcu.externaltools.gnu-tools-for-stm32.7-2018-q2-update.win32_1.4.0.202007081208/tools/bin/../lib/gcc/arm-none-eabi/7.3.1/thumb/v7-m/crti.o
LOAD c:/st/stm32cubeide_1.4.0/stm32cubeide/plugins/com.st.stm32cube.ide.mcu.externaltools.gnu-tools-for-stm32.7-2018-q2-update.win32_1.4.0.202007081208/tools/bin/../lib/gcc/arm-none-eabi/7.3.1/thumb/v7-m/crtbegin.o
LOAD c:/st/stm32cubeide_1.4.0/stm32cubeide/plugins/com.st.stm32cube.ide.mcu.externaltools.gnu-tools-for-stm32.7-2018-q2-update.win32_1.4.0.202007081208/tools/bin/../lib/gcc/arm-none-eabi/7.3.1/../../../../arm-none-eabi/lib/thumb/v7-m/crt0.o
LOAD MCAL/EXTI/EXTI.o
LOAD MCAL/GPIO/GPIO.o
LOAD MCAL/RCC/RCC.o
LOAD MCAL/USART/USART.o
LOAD Src/main.o
LOAD Src/syscalls.o
LOAD Src/sysmem.o
LOAD Startup/startup_stm32f103c6tx.o
START GROUP
LOAD c:/st/stm32cubeide_1.4.0/stm32cubeide/plugins/com.st.stm32cube.ide.mcu.externaltools.gnu-tools-for-stm32.7-2018-q2-update.win32_1.4.0.202007081208/tools/bin/../lib/gcc/arm-none-eabi/7.3.1/../../../../arm-none-eabi/lib/thumb/v7-m\libc_nano.a
LOAD c:/st/stm32cubeide_1.4.0/stm32cubeide/plugins/com.st.stm32cube.ide.mcu.externaltools.gnu-tools-for-stm32.7-2018-q2-update.win32_1.4.0.202007081208/tools/bin/../lib/gcc/arm-none-eabi/7.3.1/../../../../arm-none-eabi/lib/thumb/v7-m\libm.a
END GROUP
START GROUP
LOAD c:/st/stm32cubeide_1.4.0/stm32cubeide/plugins/com.st.stm32cube.ide.mcu.externaltools.gnu-tools-for-stm32.7-2018-q2-update.win32_1.4.0.202007081208/tools/bin/../lib/gcc/arm-none-eabi/7.3.1/thumb/v7-m\libgcc.a
LOAD c:/st/stm32cubeide_1.4.0/stm32cubeide/plugins/com.st.stm32cube.ide.mcu.externaltools.gnu-tools-for-stm32.7-2018-q2-update.win32_1.4.0.202007081208/tools/bin/../lib/gcc/arm-none-eabi/7.3.1/../../../../arm-none-eabi/lib/thumb/v7-m\libg_nano.a
LOAD c:/st/stm32cubeide_1.4.0/stm32cubeide/plugins/com.st.stm32cube.ide.mcu.externaltools.gnu-tools-for-stm32.7-2018-q2-update.win32_1.4.0.202007081208/tools/bin/../lib/gcc/arm-none-eabi/7.3.1/../../../../arm-none-eabi/lib/thumb/v7-m\libc_nano.a
END GROUP
START GROUP
LOAD c:/st/stm32cubeide_1.4.0/stm32cubeide/plugins/com.st.stm32cube.ide.mcu.externaltools.gnu-tools-for-stm32.7-2018-q2-update.win32_1.4.0.202007081208/tools/bin/../lib/gcc/arm-none-eabi/7.3.1/thumb/v7-m\libgcc.a
LOAD c:/st/stm32cubeide_1.4.0/stm32cubeide/plugins/com.st.stm32cube.ide.mcu.externaltools.gnu-tools-for-stm32.7-2018-q2-update.win32_1.4.0.202007081208/tools/bin/../lib/gcc/arm-none-eabi/7.3.1/../../../../arm-none-eabi/lib/thumb/v7-m\libc_nano.a
LOAD c:/st/stm32cubeide_1.4.0/stm32cubeide/plugins/com.st.stm32cube.ide.mcu.externaltools.gnu-tools-for-stm32.7-2018-q2-update.win32_1.4.0.202007081208/tools/bin/../lib/gcc/arm-none-eabi/7.3.1/../../../../arm-none-eabi/lib/thumb/v7-m\libnosys.a
END GROUP
START GROUP
LOAD c:/st/stm32cubeide_1.4.0/stm32cubeide/plugins/com.st.stm32cube.ide.mcu.externaltools.gnu-tools-for-stm32.7-2018-q2-update.win32_1.4.0.202007081208/tools/bin/../lib/gcc/arm-none-eabi/7.3.1/thumb/v7-m\libgcc.a
LOAD c:/st/stm32cubeide_1.4.0/stm32cubeide/plugins/com.st.stm32cube.ide.mcu.externaltools.gnu-tools-for-stm32.7-2018-q2-update.win32_1.4.0.202007081208/tools/bin/../lib/gcc/arm-none-eabi/7.3.1/../../../../arm-none-eabi/lib/thumb/v7-m\libc_nano.a
LOAD c:/st/stm32cubeide_1.4.0/stm32cubeide/plugins/com.st.stm32cube.ide.mcu.externaltools.gnu-tools-for-stm32.7-2018-q2-update.win32_1.4.0.202007081208/tools/bin/../lib/gcc/arm-none-eabi/7.3.1/../../../../arm-none-eabi/lib/thumb/v7-m\libnosys.a
END GROUP
LOAD c:/st/stm32cubeide_1.4.0/stm32cubeide/plugins/com.st.stm32cube.ide.mcu.externaltools.gnu-tools-for-stm32.7-2018-q2-update.win32_1.4.0.202007081208/tools/bin/../lib/gcc/arm-none-eabi/7.3.1/thumb/v7-m/crtend.o
LOAD c:/st/stm32cubeide_1.4.0/stm32cubeide/plugins/com.st.stm32cube.ide.mcu.externaltools.gnu-tools-for-stm32.7-2018-q2-update.win32_1.4.0.202007081208/tools/bin/../lib/gcc/arm-none-eabi/7.3.1/thumb/v7-m/crtn.o
                0x0000000020002800                _estack = (ORIGIN (RAM) + LENGTH (RAM))
                0x0000000000000200                _Min_Heap_Size = 0x200
                0x0000000000000400                _Min_Stack_Size = 0x400

.isr_vector     0x0000000008000000      0x130
                0x0000000008000000                . = ALIGN (0x4)
 *(.isr_vector)
 .isr_vector    0x0000000008000000      0x130 Startup/startup_stm32f103c6tx.o
                0x0000000008000000                g_pfnVectors
                0x0000000008000130                . = ALIGN (0x4)

.text           0x0000000008000130      0xca4
                0x0000000008000130                . = ALIGN (0x4)
 *(.text)
 .text          0x0000000008000130       0x40 c:/st/stm32cubeide_1.4.0/stm32cubeide/plugins/com.st.stm32cube.ide.mcu.externaltools.gnu-tools-for-stm32.7-2018-q2-update.win32_1.4.0.202007081208/tools/bin/../lib/gcc/arm-none-eabi/7.3.1/thumb/v7-m/crtbegin.o
 *(.text*)
 .text.EXTI0_IRQHandler
                0x0000000008000170       0x24 MCAL/EXTI/EXTI.o
                0x0000000008000170                EXTI0_IRQHandler
 .text.EXTI1_IRQHandler
                0x0000000008000194       0x24 MCAL/EXTI/EXTI.o
                0x0000000008000194                EXTI1_IRQHandler
 .text.EXTI2_IRQHandler
                0x00000000080001b8       0x24 MCAL/EXTI/EXTI.o
                0x00000000080001b8                EXTI2_IRQHandler
 .text.EXTI3_IRQHandler
                0x00000000080001dc       0x24 MCAL/EXTI/EXTI.o
                0x00000000080001dc                EXTI3_IRQHandler
 .text.EXTI4_IRQHandler
                0x0000000008000200       0x24 MCAL/EXTI/EXTI.o
                0x0000000008000200                EXTI4_IRQHandler
 .text.EXTI9_5_IRQHandler
                0x0000000008000224       0xa8 MCAL/EXTI/EXTI.o
                0x0000000008000224                EXTI9_5_IRQHandler
 .text.EXTI15_10_IRQHandler
                0x00000000080002cc       0xa8 MCAL/EXTI/EXTI.o
                0x00000000080002cc                EXTI15_10_IRQHandler
 .text.GPIO_CRLH_GetPosition
                0x0000000008000374       0xc4 MCAL/GPIO/GPIO.o
 .text.MCAL_GPIO_Init
                0x0000000008000438      0x15c MCAL/GPIO/GPIO.o
                0x0000000008000438                MCAL_GPIO_Init
 .text.MCAL_RCC_Get_SysClk_Freq
                0x0000000008000594       0x3c MCAL/RCC/RCC.o
                0x0000000008000594                MCAL_RCC_Get_SysClk_Freq
 .text.MCAL_RCC_Get_HClk_Freq
                0x00000000080005d0       0xb8 MCAL/RCC/RCC.o
                0x00000000080005d0                MCAL_RCC_Get_HClk_Freq
 .text.MCAL_RCC_Get_PClk1_Freq
                0x0000000008000688       0x7c MCAL/RCC/RCC.o
                0x0000000008000688                MCAL_RCC_Get_PClk1_Freq
 .text.MCAL_RCC_Get_PClk2_Freq
                0x0000000008000704       0x7c MCAL/RCC/RCC.o
                0x0000000008000704                MCAL_RCC_Get_PClk2_Freq
 .text.MCAL_USART_Init
                0x0000000008000780      0x194 MCAL/USART/USART.o
                0x0000000008000780                MCAL_USART_Init
 .text.MCAL_USART_GPIO_Pins
                0x0000000008000914      0x118 MCAL/USART/USART.o
                0x0000000008000914                MCAL_USART_GPIO_Pins
 .text.MCAL_USART_Send_Data
                0x0000000008000a2c       0xe4 MCAL/USART/USART.o
                0x0000000008000a2c                MCAL_USART_Send_Data
 .text.MCAL_USART_Receive_Data
                0x0000000008000b10      0x16c MCAL/USART/USART.o
                0x0000000008000b10                MCAL_USART_Receive_Data
 .text.USART1_IRQHandler
                0x0000000008000c7c       0x14 MCAL/USART/USART.o
                0x0000000008000c7c                USART1_IRQHandler
 .text.USART2_IRQHandler
                0x0000000008000c90       0x14 MCAL/USART/USART.o
                0x0000000008000c90                USART2_IRQHandler
 .text.USART3_IRQHandler
                0x0000000008000ca4       0x14 MCAL/USART/USART.o
                0x0000000008000ca4                USART3_IRQHandler
 .text.USART1_RX_IRQ_CB
                0x0000000008000cb8       0x24 Src/main.o
                0x0000000008000cb8                USART1_RX_IRQ_CB
 .text.main     0x0000000008000cdc       0x44 Src/main.o
                0x0000000008000cdc                main
 .text.Reset_Handler
                0x0000000008000d20       0x50 Startup/startup_stm32f103c6tx.o
                0x0000000008000d20                Reset_Handler
 .text.Default_Handler
                0x0000000008000d70        0x2 Startup/startup_stm32f103c6tx.o
                0x0000000008000d70                TIM8_TRG_COM_IRQHandler
                0x0000000008000d70                TIM8_CC_IRQHandler
                0x0000000008000d70                DebugMon_Handler
                0x0000000008000d70                TIM1_CC_IRQHandler
                0x0000000008000d70                HardFault_Handler
                0x0000000008000d70                TIM6_IRQHandler
                0x0000000008000d70                SysTick_Handler
                0x0000000008000d70                PVD_IRQHandler
                0x0000000008000d70                SDIO_IRQHandler
                0x0000000008000d70                PendSV_Handler
                0x0000000008000d70                NMI_Handler
                0x0000000008000d70                USB_HP_CAN_TX_IRQHandler
                0x0000000008000d70                I2C2_EV_IRQHandler
                0x0000000008000d70                UsageFault_Handler
                0x0000000008000d70                ADC1_2_IRQHandler
                0x0000000008000d70                SPI1_IRQHandler
                0x0000000008000d70                CAN_SCE_IRQHandler
                0x0000000008000d70                TAMPER_IRQHandler
                0x0000000008000d70                TIM8_UP_IRQHandler
                0x0000000008000d70                DMA2_Channel2_IRQHandler
                0x0000000008000d70                DMA1_Channel4_IRQHandler
                0x0000000008000d70                RTC_IRQHandler
                0x0000000008000d70                DMA1_Channel7_IRQHandler
                0x0000000008000d70                UART5_IRQHandler
                0x0000000008000d70                ADC3_IRQHandler
                0x0000000008000d70                TIM4_IRQHandler
                0x0000000008000d70                CAN_RX1_IRQHandler
                0x0000000008000d70                DMA2_Channel1_IRQHandler
                0x0000000008000d70                I2C1_EV_IRQHandler
                0x0000000008000d70                DMA1_Channel6_IRQHandler
                0x0000000008000d70                UART4_IRQHandler
                0x0000000008000d70                TIM3_IRQHandler
                0x0000000008000d70                RCC_IRQHandler
                0x0000000008000d70                TIM1_TRG_COM_IRQHandler
                0x0000000008000d70                DMA1_Channel1_IRQHandler
                0x0000000008000d70                Default_Handler
                0x0000000008000d70                TIM7_IRQHandler
                0x0000000008000d70                TIM5_IRQHandler
                0x0000000008000d70                SPI2_IRQHandler
                0x0000000008000d70                USB_LP_CAN_RX0_IRQHandler
                0x0000000008000d70                MemManage_Handler
                0x0000000008000d70                SVC_Handler
                0x0000000008000d70                DMA1_Channel5_IRQHandler
                0x0000000008000d70                DMA1_Channel3_IRQHandler
                0x0000000008000d70                FSMC_IRQHandler
                0x0000000008000d70                TIM1_UP_IRQHandler
                0x0000000008000d70                WWDG_IRQHandler
                0x0000000008000d70                TIM2_IRQHandler
                0x0000000008000d70                TIM1_BRK_IRQHandler
                0x0000000008000d70                RTCAlarm_IRQHandler
                0x0000000008000d70                DMA2_Channel4_5_IRQHandler
                0x0000000008000d70                I2C2_ER_IRQHandler
                0x0000000008000d70                DMA1_Channel2_IRQHandler
                0x0000000008000d70                TIM8_BRK_IRQHandler
                0x0000000008000d70                FLASH_IRQHandler
                0x0000000008000d70                BusFault_Handler
                0x0000000008000d70                SPI3_IRQHandler
                0x0000000008000d70                I2C1_ER_IRQHandler
                0x0000000008000d70                DMA2_Channel3_IRQHandler
 *fill*         0x0000000008000d72        0x2 
 .text.__libc_init_array
                0x0000000008000d74       0x48 c:/st/stm32cubeide_1.4.0/stm32cubeide/plugins/com.st.stm32cube.ide.mcu.externaltools.gnu-tools-for-stm32.7-2018-q2-update.win32_1.4.0.202007081208/tools/bin/../lib/gcc/arm-none-eabi/7.3.1/../../../../arm-none-eabi/lib/thumb/v7-m\libc_nano.a(lib_a-init.o)
                0x0000000008000d74                __libc_init_array
 *(.glue_7)
 .glue_7        0x0000000008000dbc        0x0 linker stubs
 *(.glue_7t)
 .glue_7t       0x0000000008000dbc        0x0 linker stubs
 *(.eh_frame)
 .eh_frame      0x0000000008000dbc        0x0 c:/st/stm32cubeide_1.4.0/stm32cubeide/plugins/com.st.stm32cube.ide.mcu.externaltools.gnu-tools-for-stm32.7-2018-q2-update.win32_1.4.0.202007081208/tools/bin/../lib/gcc/arm-none-eabi/7.3.1/thumb/v7-m/crtbegin.o
 *(.init)
 .init          0x0000000008000dbc        0x4 c:/st/stm32cubeide_1.4.0/stm32cubeide/plugins/com.st.stm32cube.ide.mcu.externaltools.gnu-tools-for-stm32.7-2018-q2-update.win32_1.4.0.202007081208/tools/bin/../lib/gcc/arm-none-eabi/7.3.1/thumb/v7-m/crti.o
                0x0000000008000dbc                _init
 .init          0x0000000008000dc0        0x8 c:/st/stm32cubeide_1.4.0/stm32cubeide/plugins/com.st.stm32cube.ide.mcu.externaltools.gnu-tools-for-stm32.7-2018-q2-update.win32_1.4.0.202007081208/tools/bin/../lib/gcc/arm-none-eabi/7.3.1/thumb/v7-m/crtn.o
 *(.fini)
 .fini          0x0000000008000dc8        0x4 c:/st/stm32cubeide_1.4.0/stm32cubeide/plugins/com.st.stm32cube.ide.mcu.externaltools.gnu-tools-for-stm32.7-2018-q2-update.win32_1.4.0.202007081208/tools/bin/../lib/gcc/arm-none-eabi/7.3.1/thumb/v7-m/crti.o
                0x0000000008000dc8                _fini
 .fini          0x0000000008000dcc        0x8 c:/st/stm32cubeide_1.4.0/stm32cubeide/plugins/com.st.stm32cube.ide.mcu.externaltools.gnu-tools-for-stm32.7-2018-q2-update.win32_1.4.0.202007081208/tools/bin/../lib/gcc/arm-none-eabi/7.3.1/thumb/v7-m/crtn.o
                0x0000000008000dd4                . = ALIGN (0x4)
                0x0000000008000dd4                _etext = .

.vfp11_veneer   0x0000000008000dd4        0x0
 .vfp11_veneer  0x0000000008000dd4        0x0 linker stubs

.v4_bx          0x0000000008000dd4        0x0
 .v4_bx         0x0000000008000dd4        0x0 linker stubs

.iplt           0x0000000008000dd4        0x0
 .iplt          0x0000000008000dd4        0x0 c:/st/stm32cubeide_1.4.0/stm32cubeide/plugins/com.st.stm32cube.ide.mcu.externaltools.gnu-tools-for-stm32.7-2018-q2-update.win32_1.4.0.202007081208/tools/bin/../lib/gcc/arm-none-eabi/7.3.1/thumb/v7-m/crtbegin.o

.rel.dyn        0x0000000008000dd4        0x0
 .rel.iplt      0x0000000008000dd4        0x0 c:/st/stm32cubeide_1.4.0/stm32cubeide/plugins/com.st.stm32cube.ide.mcu.externaltools.gnu-tools-for-stm32.7-2018-q2-update.win32_1.4.0.202007081208/tools/bin/../lib/gcc/arm-none-eabi/7.3.1/thumb/v7-m/crtbegin.o

.rodata         0x0000000008000dd4        0x0
                0x0000000008000dd4                . = ALIGN (0x4)
 *(.rodata)
 *(.rodata*)
                0x0000000008000dd4                . = ALIGN (0x4)

.ARM.extab      0x0000000008000dd4        0x0
                0x0000000008000dd4                . = ALIGN (0x4)
 *(.ARM.extab* .gnu.linkonce.armextab.*)
                0x0000000008000dd4                . = ALIGN (0x4)

.ARM            0x0000000008000dd4        0x0
                0x0000000008000dd4                . = ALIGN (0x4)
                0x0000000008000dd4                __exidx_start = .
 *(.ARM.exidx*)
                0x0000000008000dd4                __exidx_end = .
                0x0000000008000dd4                . = ALIGN (0x4)

.preinit_array  0x0000000008000dd4        0x0
                0x0000000008000dd4                . = ALIGN (0x4)
                0x0000000008000dd4                PROVIDE (__preinit_array_start = .)
 *(.preinit_array*)
                0x0000000008000dd4                PROVIDE (__preinit_array_end = .)
                0x0000000008000dd4                . = ALIGN (0x4)

.init_array     0x0000000008000dd4        0x4
                0x0000000008000dd4                . = ALIGN (0x4)
                0x0000000008000dd4                PROVIDE (__init_array_start = .)
 *(SORT_BY_NAME(.init_array.*))
 *(.init_array*)
 .init_array    0x0000000008000dd4        0x4 c:/st/stm32cubeide_1.4.0/stm32cubeide/plugins/com.st.stm32cube.ide.mcu.externaltools.gnu-tools-for-stm32.7-2018-q2-update.win32_1.4.0.202007081208/tools/bin/../lib/gcc/arm-none-eabi/7.3.1/thumb/v7-m/crtbegin.o
                0x0000000008000dd8                PROVIDE (__init_array_end = .)
                0x0000000008000dd8                . = ALIGN (0x4)

.fini_array     0x0000000008000dd8        0x4
                0x0000000008000dd8                . = ALIGN (0x4)
                [!provide]                        PROVIDE (__fini_array_start = .)
 *(SORT_BY_NAME(.fini_array.*))
 *(.fini_array*)
 .fini_array    0x0000000008000dd8        0x4 c:/st/stm32cubeide_1.4.0/stm32cubeide/plugins/com.st.stm32cube.ide.mcu.externaltools.gnu-tools-for-stm32.7-2018-q2-update.win32_1.4.0.202007081208/tools/bin/../lib/gcc/arm-none-eabi/7.3.1/thumb/v7-m/crtbegin.o
                [!provide]                        PROVIDE (__fini_array_end = .)
                0x0000000008000ddc                . = ALIGN (0x4)
                0x0000000008000ddc                _sidata = LOADADDR (.data)

.data           0x0000000020000000        0x0 load address 0x0000000008000ddc
                0x0000000020000000                . = ALIGN (0x4)
                0x0000000020000000                _sdata = .
 *(.data)
 *(.data*)
                0x0000000020000000                . = ALIGN (0x4)
                0x0000000020000000                _edata = .

.igot.plt       0x0000000020000000        0x0 load address 0x0000000008000ddc
 .igot.plt      0x0000000020000000        0x0 c:/st/stm32cubeide_1.4.0/stm32cubeide/plugins/com.st.stm32cube.ide.mcu.externaltools.gnu-tools-for-stm32.7-2018-q2-update.win32_1.4.0.202007081208/tools/bin/../lib/gcc/arm-none-eabi/7.3.1/thumb/v7-m/crtbegin.o
                0x0000000020000000                . = ALIGN (0x4)

.bss            0x0000000020000000       0x68 load address 0x0000000008000ddc
                0x0000000020000000                _sbss = .
                0x0000000020000000                __bss_start__ = _sbss
 *(.bss)
 .bss           0x0000000020000000       0x1c c:/st/stm32cubeide_1.4.0/stm32cubeide/plugins/com.st.stm32cube.ide.mcu.externaltools.gnu-tools-for-stm32.7-2018-q2-update.win32_1.4.0.202007081208/tools/bin/../lib/gcc/arm-none-eabi/7.3.1/thumb/v7-m/crtbegin.o
 *(.bss*)
 .bss.g_USART_Cfg
                0x000000002000001c        0xc MCAL/USART/USART.o
                0x000000002000001c                g_USART_Cfg
 *(COMMON)
 COMMON         0x0000000020000028       0x3c MCAL/EXTI/EXTI.o
                0x0000000020000028                GP_IRQ_CallBack
 COMMON         0x0000000020000064        0x2 Src/main.o
                0x0000000020000064                ch
                0x0000000020000068                . = ALIGN (0x4)
 *fill*         0x0000000020000066        0x2 
                0x0000000020000068                _ebss = .
                0x0000000020000068                __bss_end__ = _ebss

._user_heap_stack
                0x0000000020000068      0x600 load address 0x0000000008000ddc
                0x0000000020000068                . = ALIGN (0x8)
                [!provide]                        PROVIDE (end = .)
                0x0000000020000068                PROVIDE (_end = .)
                0x0000000020000268                . = (. + _Min_Heap_Size)
 *fill*         0x0000000020000068      0x200 
                0x0000000020000668                . = (. + _Min_Stack_Size)
 *fill*         0x0000000020000268      0x400 
                0x0000000020000668                . = ALIGN (0x8)

/DISCARD/
 libc.a(*)
 libm.a(*)
 libgcc.a(*)

.ARM.attributes
                0x0000000000000000       0x29
 *(.ARM.attributes)
 .ARM.attributes
                0x0000000000000000       0x1d c:/st/stm32cubeide_1.4.0/stm32cubeide/plugins/com.st.stm32cube.ide.mcu.externaltools.gnu-tools-for-stm32.7-2018-q2-update.win32_1.4.0.202007081208/tools/bin/../lib/gcc/arm-none-eabi/7.3.1/thumb/v7-m/crti.o
 .ARM.attributes
                0x000000000000001d       0x2d c:/st/stm32cubeide_1.4.0/stm32cubeide/plugins/com.st.stm32cube.ide.mcu.externaltools.gnu-tools-for-stm32.7-2018-q2-update.win32_1.4.0.202007081208/tools/bin/../lib/gcc/arm-none-eabi/7.3.1/thumb/v7-m/crtbegin.o
 .ARM.attributes
                0x000000000000004a       0x33 MCAL/EXTI/EXTI.o
 .ARM.attributes
                0x000000000000007d       0x33 MCAL/GPIO/GPIO.o
 .ARM.attributes
                0x00000000000000b0       0x33 MCAL/RCC/RCC.o
 .ARM.attributes
                0x00000000000000e3       0x33 MCAL/USART/USART.o
 .ARM.attributes
                0x0000000000000116       0x33 Src/main.o
 .ARM.attributes
                0x0000000000000149       0x21 Startup/startup_stm32f103c6tx.o
 .ARM.attributes
                0x000000000000016a       0x2d c:/st/stm32cubeide_1.4.0/stm32cubeide/plugins/com.st.stm32cube.ide.mcu.externaltools.gnu-tools-for-stm32.7-2018-q2-update.win32_1.4.0.202007081208/tools/bin/../lib/gcc/arm-none-eabi/7.3.1/../../../../arm-none-eabi/lib/thumb/v7-m\libc_nano.a(lib_a-init.o)
 .ARM.attributes
                0x0000000000000197       0x1d c:/st/stm32cubeide_1.4.0/stm32cubeide/plugins/com.st.stm32cube.ide.mcu.externaltools.gnu-tools-for-stm32.7-2018-q2-update.win32_1.4.0.202007081208/tools/bin/../lib/gcc/arm-none-eabi/7.3.1/thumb/v7-m/crtn.o
OUTPUT(STM32F103x_Drivers.elf elf32-littlearm)

.debug_info     0x0000000000000000     0x3fb8
 .debug_info    0x0000000000000000      0xdb9 MCAL/EXTI/EXTI.o
 .debug_info    0x0000000000000db9      0xd32 MCAL/GPIO/GPIO.o
 .debug_info    0x0000000000001aeb      0xb2d MCAL/RCC/RCC.o
 .debug_info    0x0000000000002618      0xe53 MCAL/USART/USART.o
 .debug_info    0x000000000000346b      0xb2b Src/main.o
 .debug_info    0x0000000000003f96       0x22 Startup/startup_stm32f103c6tx.o

.debug_abbrev   0x0000000000000000      0x98c
 .debug_abbrev  0x0000000000000000      0x228 MCAL/EXTI/EXTI.o
 .debug_abbrev  0x0000000000000228      0x1dc MCAL/GPIO/GPIO.o
 .debug_abbrev  0x0000000000000404      0x19b MCAL/RCC/RCC.o
 .debug_abbrev  0x000000000000059f      0x217 MCAL/USART/USART.o
 .debug_abbrev  0x00000000000007b6      0x1c4 Src/main.o
 .debug_abbrev  0x000000000000097a       0x12 Startup/startup_stm32f103c6tx.o

.debug_loc      0x0000000000000000      0xa20
 .debug_loc     0x0000000000000000      0x320 MCAL/EXTI/EXTI.o
 .debug_loc     0x0000000000000320      0x330 MCAL/GPIO/GPIO.o
 .debug_loc     0x0000000000000650      0x134 MCAL/RCC/RCC.o
 .debug_loc     0x0000000000000784      0x238 MCAL/USART/USART.o
 .debug_loc     0x00000000000009bc       0x64 Src/main.o

.debug_aranges  0x0000000000000000      0x1c0
 .debug_aranges
                0x0000000000000000       0x80 MCAL/EXTI/EXTI.o
 .debug_aranges
                0x0000000000000080       0x60 MCAL/GPIO/GPIO.o
 .debug_aranges
                0x00000000000000e0       0x38 MCAL/RCC/RCC.o
 .debug_aranges
                0x0000000000000118       0x58 MCAL/USART/USART.o
 .debug_aranges
                0x0000000000000170       0x28 Src/main.o
 .debug_aranges
                0x0000000000000198       0x28 Startup/startup_stm32f103c6tx.o

.debug_ranges   0x0000000000000000      0x168
 .debug_ranges  0x0000000000000000       0x70 MCAL/EXTI/EXTI.o
 .debug_ranges  0x0000000000000070       0x50 MCAL/GPIO/GPIO.o
 .debug_ranges  0x00000000000000c0       0x28 MCAL/RCC/RCC.o
 .debug_ranges  0x00000000000000e8       0x48 MCAL/USART/USART.o
 .debug_ranges  0x0000000000000130       0x18 Src/main.o
 .debug_ranges  0x0000000000000148       0x20 Startup/startup_stm32f103c6tx.o

.debug_macro    0x0000000000000000     0x252d
 .debug_macro   0x0000000000000000      0x154 MCAL/EXTI/EXTI.o
 .debug_macro   0x0000000000000154      0xa60 MCAL/EXTI/EXTI.o
 .debug_macro   0x0000000000000bb4       0x18 MCAL/EXTI/EXTI.o
 .debug_macro   0x0000000000000bcc       0x22 MCAL/EXTI/EXTI.o
 .debug_macro   0x0000000000000bee       0x40 MCAL/EXTI/EXTI.o
 .debug_macro   0x0000000000000c2e       0x94 MCAL/EXTI/EXTI.o
 .debug_macro   0x0000000000000cc2       0x3c MCAL/EXTI/EXTI.o
 .debug_macro   0x0000000000000cfe       0x34 MCAL/EXTI/EXTI.o
 .debug_macro   0x0000000000000d32       0x16 MCAL/EXTI/EXTI.o
 .debug_macro   0x0000000000000d48      0x10e MCAL/EXTI/EXTI.o
 .debug_macro   0x0000000000000e56       0x8d MCAL/EXTI/EXTI.o
 .debug_macro   0x0000000000000ee3       0x57 MCAL/EXTI/EXTI.o
 .debug_macro   0x0000000000000f3a       0x52 MCAL/EXTI/EXTI.o
 .debug_macro   0x0000000000000f8c       0x1f MCAL/EXTI/EXTI.o
 .debug_macro   0x0000000000000fab       0x43 MCAL/EXTI/EXTI.o
 .debug_macro   0x0000000000000fee       0x20 MCAL/EXTI/EXTI.o
 .debug_macro   0x000000000000100e      0x1a3 MCAL/EXTI/EXTI.o
 .debug_macro   0x00000000000011b1      0x330 MCAL/EXTI/EXTI.o
 .debug_macro   0x00000000000014e1       0x16 MCAL/EXTI/EXTI.o
 .debug_macro   0x00000000000014f7       0x29 MCAL/EXTI/EXTI.o
 .debug_macro   0x0000000000001520       0xef MCAL/EXTI/EXTI.o
 .debug_macro   0x000000000000160f       0x6a MCAL/EXTI/EXTI.o
 .debug_macro   0x0000000000001679      0x1df MCAL/EXTI/EXTI.o
 .debug_macro   0x0000000000001858      0x230 MCAL/EXTI/EXTI.o
 .debug_macro   0x0000000000001a88       0xca MCAL/EXTI/EXTI.o
 .debug_macro   0x0000000000001b52      0x215 MCAL/EXTI/EXTI.o
 .debug_macro   0x0000000000001d67      0x13f MCAL/GPIO/GPIO.o
 .debug_macro   0x0000000000001ea6      0x13f MCAL/RCC/RCC.o
 .debug_macro   0x0000000000001fe5       0x6a MCAL/RCC/RCC.o
 .debug_macro   0x000000000000204f      0x151 MCAL/USART/USART.o
 .debug_macro   0x00000000000021a0       0x70 MCAL/USART/USART.o
 .debug_macro   0x0000000000002210       0xd0 MCAL/USART/USART.o
 .debug_macro   0x00000000000022e0       0xee MCAL/USART/USART.o
 .debug_macro   0x00000000000023ce      0x15f Src/main.o

.debug_line     0x0000000000000000     0x2019
 .debug_line    0x0000000000000000      0x6e3 MCAL/EXTI/EXTI.o
 .debug_line    0x00000000000006e3      0x685 MCAL/GPIO/GPIO.o
 .debug_line    0x0000000000000d68      0x5cf MCAL/RCC/RCC.o
 .debug_line    0x0000000000001337      0x6ce MCAL/USART/USART.o
 .debug_line    0x0000000000001a05      0x590 Src/main.o
 .debug_line    0x0000000000001f95       0x84 Startup/startup_stm32f103c6tx.o

.debug_str      0x0000000000000000     0x9f43
 .debug_str     0x0000000000000000     0x9216 MCAL/EXTI/EXTI.o
                                       0x9492 (size before relaxing)
 .debug_str     0x0000000000009216      0x121 MCAL/GPIO/GPIO.o
                                       0x8033 (size before relaxing)
 .debug_str     0x0000000000009337      0x34a MCAL/RCC/RCC.o
                                       0x7e4e (size before relaxing)
 .debug_str     0x0000000000009681      0x863 MCAL/USART/USART.o
                                       0x8a52 (size before relaxing)
 .debug_str     0x0000000000009ee4       0x2e Src/main.o
                                       0x88c7 (size before relaxing)
 .debug_str     0x0000000000009f12       0x31 Startup/startup_stm32f103c6tx.o
                                         0xa0 (size before relaxing)

.comment        0x0000000000000000       0x7b
 .comment       0x0000000000000000       0x7b MCAL/EXTI/EXTI.o
                                         0x7c (size before relaxing)
 .comment       0x000000000000007b       0x7c MCAL/GPIO/GPIO.o
 .comment       0x000000000000007b       0x7c MCAL/RCC/RCC.o
 .comment       0x000000000000007b       0x7c MCAL/USART/USART.o
 .comment       0x000000000000007b       0x7c Src/main.o

.debug_frame    0x0000000000000000      0x560
 .debug_frame   0x0000000000000000      0x1b0 MCAL/EXTI/EXTI.o
 .debug_frame   0x00000000000001b0      0x178 MCAL/GPIO/GPIO.o
 .debug_frame   0x0000000000000328       0x9c MCAL/RCC/RCC.o
 .debug_frame   0x00000000000003c4      0x124 MCAL/USART/USART.o
 .debug_frame   0x00000000000004e8       0x4c Src/main.o
 .debug_frame   0x0000000000000534       0x2c c:/st/stm32cubeide_1.4.0/stm32cubeide/plugins/com.st.stm32cube.ide.mcu.externaltools.gnu-tools-for-stm32.7-2018-q2-update.win32_1.4.0.202007081208/tools/bin/../lib/gcc/arm-none-eabi/7.3.1/../../../../arm-none-eabi/lib/thumb/v7-m\libc_nano.a(lib_a-init.o)
