MQTTSim800.c:60:6:Sim800_RxCallBack	8	static
MQTTSim800.c:119:6:clearRxBuffer	8	static
MQTTSim800.c:130:6:clearMqttBuffer	8	static
MQTTSim800.c:144:5:SIM800_SendCommand	24	static
MQTTSim800.c:169:5:MQTT_Init	56	static
MQTTSim800.c:204:6:MQTT_Connect	360	static
MQTTSim800.c:241:6:MQTT_Pub	328	static
MQTTSim800.c:264:6:MQTT_PubUint8	48	static
MQTTSim800.c:277:6:MQTT_PubUint16	48	static
MQTTSim800.c:290:6:MQTT_PubUint32	48	static
MQTTSim800.c:303:6:MQTT_PubFloat	56	static
MQTTSim800.c:316:6:MQTT_PubDouble	56	static
MQTTSim800.c:328:6:MQTT_PingReq	32	static
MQTTSim800.c:341:6:MQTT_Sub	304	static
MQTTSim800.c:363:6:MQTT_Receive	56	static
