Stm32_F103C6_EXTI_driver.c:29:6:Enable_NVIC	16	static
Stm32_F103C6_EXTI_driver.c:64:6:Disable_NVIC	16	static
Stm32_F103C6_EXTI_driver.c:98:6:Update_EXTI	24	static
Stm32_F103C6_EXTI_driver.c:157:6:MCAL_EXTI_GPIO_Init	16	static
Stm32_F103C6_EXTI_driver.c:160:6:MCAL_EXTI_GPIO_Update	16	static
Stm32_F103C6_EXTI_driver.c:172:6:MCAL_EXTI_GPIO_DeInit	4	static
Stm32_F103C6_EXTI_driver.c:191:6:EXTI0_IRQHandler	8	static
Stm32_F103C6_EXTI_driver.c:198:6:EXTI1_IRQHandler	8	static
Stm32_F103C6_EXTI_driver.c:203:6:EXTI2_IRQHandler	8	static
Stm32_F103C6_EXTI_driver.c:208:6:EXTI3_IRQHandler	8	static
Stm32_F103C6_EXTI_driver.c:213:6:EXTI4_IRQHandler	8	static
Stm32_F103C6_EXTI_driver.c:218:6:EXTI9_5_IRQHandler	8	static
Stm32_F103C6_EXTI_driver.c:246:6:EXTI15_10_IRQHandler	8	static
