
Memory Configuration

Name             Origin             Length             Attributes
flash            0x08000000         0x00020000         xr
sram             0x20000000         0x00005000         xrw
*default*        0x00000000         0xffffffff

Linker script and memory map


.text           0x08000000      0x3dc
 *(.vectors*)
 .vectors       0x08000000       0x18 Startup.o
                0x08000000                vectors
 *(.text*)
 .text          0x08000018       0xac Alarmactuatordriver.o
                0x08000018                inti
                0x08000024                st_alarm_on
                0x0800004c                st_alarm_off
                0x08000074                st_waiting
                0x0800008c                start_alarm
                0x080000a8                stop_alarm
 .text          0x080000c4       0x80 AlarmMonitor.o
                0x080000c4                st_alarm_monitor_waiting
                0x080000ec                st_alarm_monitor_alarm_on
                0x08000110                st_alarm_monitor_alarm_off
                0x08000128                high_pressure_detected
 .text          0x08000144       0xc4 driver.o
                0x08000144                Delay
                0x08000166                getPressureVal
                0x0800017c                Set_Alarm_actuator
                0x080001b8                GPIO_INITIALIZATION
 .text          0x08000208       0x7c main.o
                0x08000208                Setup_main
                0x0800024c                main
 .text          0x08000284       0x58 main_algo.o
                0x08000284                st_high_pressure_decide
                0x080002b0                set_pressure_val
 .text          0x080002dc       0x6c pressure_sensir_driver.o
                0x080002dc                init
                0x080002e8                st_pressure_driver_read
                0x08000320                st_pressure_driver_waiting
 .text          0x08000348       0x94 Startup.o
                0x08000348                Default_handler
                0x08000348                Bus_fAULT_handler
                0x08000348                MM_Fault_handler
                0x08000348                H_fault_handler
                0x08000348                NMI_Handler
                0x08000354                Reset_handler
 *(.rodata*)
                0x080003dc                _E_text = .

.glue_7         0x080003dc        0x0
 .glue_7        0x080003dc        0x0 linker stubs

.glue_7t        0x080003dc        0x0
 .glue_7t       0x080003dc        0x0 linker stubs

.vfp11_veneer   0x080003dc        0x0
 .vfp11_veneer  0x080003dc        0x0 linker stubs

.v4_bx          0x080003dc        0x0
 .v4_bx         0x080003dc        0x0 linker stubs

.iplt           0x080003dc        0x0
 .iplt          0x080003dc        0x0 Alarmactuatordriver.o

.rel.dyn        0x080003dc        0x0
 .rel.iplt      0x080003dc        0x0 Alarmactuatordriver.o

.data           0x20000000        0x4 load address 0x080003dc
                0x20000000                _S_data = .
 *(.data*)
 .data          0x20000000        0x0 Alarmactuatordriver.o
 .data          0x20000000        0x0 AlarmMonitor.o
 .data          0x20000000        0x0 driver.o
 .data          0x20000000        0x0 main.o
 .data          0x20000000        0x4 main_algo.o
                0x20000000                threshold
 .data          0x20000004        0x0 pressure_sensir_driver.o
 .data          0x20000004        0x0 Startup.o
                0x20000004                _E_data = .

.igot.plt       0x20000004        0x0 load address 0x080003e0
 .igot.plt      0x20000004        0x0 Alarmactuatordriver.o

.bss            0x20000004     0x1025 load address 0x080003e0
                0x20000004                _S_bss = .
 *(.bss*)
 .bss           0x20000004        0x5 Alarmactuatordriver.o
                0x20000004                alarm_actuator_states
                0x20000008                id_alarm_actuator
 *fill*         0x20000009        0x3 
 .bss           0x2000000c        0x8 AlarmMonitor.o
                0x2000000c                id_alarm_monitor
                0x20000010                alarm_monitor_states
 .bss           0x20000014        0x0 driver.o
 .bss           0x20000014        0x0 main.o
 .bss           0x20000014        0x9 main_algo.o
                0x20000014                main_algo_states
                0x20000018                pval
                0x2000001c                id_main_algo_states
 *fill*         0x2000001d        0x3 
 .bss           0x20000020        0x9 pressure_sensir_driver.o
                0x20000020                pressure
                0x20000024                Pressure_state
                0x20000028                id_pressure_driver_states
 .bss           0x20000029        0x0 Startup.o
                0x20000029                _E_bss = .
                0x20001029                . = (. + 0x1000)
 *fill*         0x20000029     0x1000 
                0x20001029                _stack_top = .
LOAD Alarmactuatordriver.o
LOAD AlarmMonitor.o
LOAD driver.o
LOAD main.o
LOAD main_algo.o
LOAD pressure_sensir_driver.o
LOAD Startup.o
OUTPUT(Learn-in-depth-first_term_project_1.elf elf32-littlearm)
LOAD linker stubs

.debug_info     0x00000000      0x883
 .debug_info    0x00000000      0x15b Alarmactuatordriver.o
 .debug_info    0x0000015b      0x12f AlarmMonitor.o
 .debug_info    0x0000028a      0x112 driver.o
 .debug_info    0x0000039c       0xef main.o
 .debug_info    0x0000048b      0x132 main_algo.o
 .debug_info    0x000005bd      0x126 pressure_sensir_driver.o
 .debug_info    0x000006e3      0x1a0 Startup.o

.debug_abbrev   0x00000000      0x53e
 .debug_abbrev  0x00000000       0xc0 Alarmactuatordriver.o
 .debug_abbrev  0x000000c0       0xc0 AlarmMonitor.o
 .debug_abbrev  0x00000180       0xc3 driver.o
 .debug_abbrev  0x00000243       0x84 main.o
 .debug_abbrev  0x000002c7       0xd5 main_algo.o
 .debug_abbrev  0x0000039c       0xc0 pressure_sensir_driver.o
 .debug_abbrev  0x0000045c       0xe2 Startup.o

.debug_loc      0x00000000      0x580
 .debug_loc     0x00000000      0x168 Alarmactuatordriver.o
 .debug_loc     0x00000168       0xc8 AlarmMonitor.o
 .debug_loc     0x00000230      0x140 driver.o
 .debug_loc     0x00000370       0x70 main.o
 .debug_loc     0x000003e0       0x88 main_algo.o
 .debug_loc     0x00000468       0x9c pressure_sensir_driver.o
 .debug_loc     0x00000504       0x7c Startup.o

.debug_aranges  0x00000000       0xe0
 .debug_aranges
                0x00000000       0x20 Alarmactuatordriver.o
 .debug_aranges
                0x00000020       0x20 AlarmMonitor.o
 .debug_aranges
                0x00000040       0x20 driver.o
 .debug_aranges
                0x00000060       0x20 main.o
 .debug_aranges
                0x00000080       0x20 main_algo.o
 .debug_aranges
                0x000000a0       0x20 pressure_sensir_driver.o
 .debug_aranges
                0x000000c0       0x20 Startup.o

.debug_line     0x00000000      0x693
 .debug_line    0x00000000       0x9c Alarmactuatordriver.o
 .debug_line    0x0000009c       0x82 AlarmMonitor.o
 .debug_line    0x0000011e      0x1c1 driver.o
 .debug_line    0x000002df       0xbe main.o
 .debug_line    0x0000039d       0x67 main_algo.o
 .debug_line    0x00000404       0x8d pressure_sensir_driver.o
 .debug_line    0x00000491      0x202 Startup.o

.debug_str      0x00000000      0x3ed
 .debug_str     0x00000000      0x194 Alarmactuatordriver.o
                                0x1e8 (size before relaxing)
 .debug_str     0x00000194       0x9a AlarmMonitor.o
                                0x22e (size before relaxing)
 .debug_str     0x0000022e       0x4e driver.o
                                0x1af (size before relaxing)
 .debug_str     0x0000027c       0x21 main.o
                                0x1b1 (size before relaxing)
 .debug_str     0x0000029d       0x61 main_algo.o
                                0x1d6 (size before relaxing)
 .debug_str     0x000002fe       0x6b pressure_sensir_driver.o
                                0x1ff (size before relaxing)
 .debug_str     0x00000369       0x84 Startup.o
                                0x1d6 (size before relaxing)

.comment        0x00000000       0x49
 .comment       0x00000000       0x49 Alarmactuatordriver.o
                                 0x4a (size before relaxing)
 .comment       0x00000049       0x4a AlarmMonitor.o
 .comment       0x00000049       0x4a driver.o
 .comment       0x00000049       0x4a main.o
 .comment       0x00000049       0x4a main_algo.o
 .comment       0x00000049       0x4a pressure_sensir_driver.o
 .comment       0x00000049       0x4a Startup.o

.ARM.attributes
                0x00000000       0x2d
 .ARM.attributes
                0x00000000       0x2d Alarmactuatordriver.o
 .ARM.attributes
                0x0000002d       0x2d AlarmMonitor.o
 .ARM.attributes
                0x0000005a       0x2d driver.o
 .ARM.attributes
                0x00000087       0x2d main.o
 .ARM.attributes
                0x000000b4       0x2d main_algo.o
 .ARM.attributes
                0x000000e1       0x2d pressure_sensir_driver.o
 .ARM.attributes
                0x0000010e       0x2d Startup.o

.debug_frame    0x00000000      0x344
 .debug_frame   0x00000000       0xc8 Alarmactuatordriver.o
 .debug_frame   0x000000c8       0x84 AlarmMonitor.o
 .debug_frame   0x0000014c       0xa0 driver.o
 .debug_frame   0x000001ec       0x4c main.o
 .debug_frame   0x00000238       0x54 main_algo.o
 .debug_frame   0x0000028c       0x68 pressure_sensir_driver.o
 .debug_frame   0x000002f4       0x50 Startup.o
