Archive member included to satisfy reference by file (symbol)

c:/st/stm32cubeide_1.4.0/stm32cubeide/plugins/com.st.stm32cube.ide.mcu.externaltools.gnu-tools-for-stm32.7-2018-q2-update.win32_1.4.0.202007081208/tools/bin/../lib/gcc/arm-none-eabi/7.3.1/../../../../arm-none-eabi/lib/thumb/v7-m\libc_nano.a(lib_a-atoi.o)
                              Core/Src/main.o (atoi)
c:/st/stm32cubeide_1.4.0/stm32cubeide/plugins/com.st.stm32cube.ide.mcu.externaltools.gnu-tools-for-stm32.7-2018-q2-update.win32_1.4.0.202007081208/tools/bin/../lib/gcc/arm-none-eabi/7.3.1/../../../../arm-none-eabi/lib/thumb/v7-m\libc_nano.a(lib_a-errno.o)
                              Core/Src/syscalls.o (__errno)
c:/st/stm32cubeide_1.4.0/stm32cubeide/plugins/com.st.stm32cube.ide.mcu.externaltools.gnu-tools-for-stm32.7-2018-q2-update.win32_1.4.0.202007081208/tools/bin/../lib/gcc/arm-none-eabi/7.3.1/../../../../arm-none-eabi/lib/thumb/v7-m\libc_nano.a(lib_a-exit.o)
                              c:/st/stm32cubeide_1.4.0/stm32cubeide/plugins/com.st.stm32cube.ide.mcu.externaltools.gnu-tools-for-stm32.7-2018-q2-update.win32_1.4.0.202007081208/tools/bin/../lib/gcc/arm-none-eabi/7.3.1/../../../../arm-none-eabi/lib/thumb/v7-m/crt0.o (exit)
c:/st/stm32cubeide_1.4.0/stm32cubeide/plugins/com.st.stm32cube.ide.mcu.externaltools.gnu-tools-for-stm32.7-2018-q2-update.win32_1.4.0.202007081208/tools/bin/../lib/gcc/arm-none-eabi/7.3.1/../../../../arm-none-eabi/lib/thumb/v7-m\libc_nano.a(lib_a-impure.o)
                              c:/st/stm32cubeide_1.4.0/stm32cubeide/plugins/com.st.stm32cube.ide.mcu.externaltools.gnu-tools-for-stm32.7-2018-q2-update.win32_1.4.0.202007081208/tools/bin/../lib/gcc/arm-none-eabi/7.3.1/../../../../arm-none-eabi/lib/thumb/v7-m\libc_nano.a(lib_a-exit.o) (_global_impure_ptr)
c:/st/stm32cubeide_1.4.0/stm32cubeide/plugins/com.st.stm32cube.ide.mcu.externaltools.gnu-tools-for-stm32.7-2018-q2-update.win32_1.4.0.202007081208/tools/bin/../lib/gcc/arm-none-eabi/7.3.1/../../../../arm-none-eabi/lib/thumb/v7-m\libc_nano.a(lib_a-init.o)
                              c:/st/stm32cubeide_1.4.0/stm32cubeide/plugins/com.st.stm32cube.ide.mcu.externaltools.gnu-tools-for-stm32.7-2018-q2-update.win32_1.4.0.202007081208/tools/bin/../lib/gcc/arm-none-eabi/7.3.1/../../../../arm-none-eabi/lib/thumb/v7-m/crt0.o (__libc_init_array)
c:/st/stm32cubeide_1.4.0/stm32cubeide/plugins/com.st.stm32cube.ide.mcu.externaltools.gnu-tools-for-stm32.7-2018-q2-update.win32_1.4.0.202007081208/tools/bin/../lib/gcc/arm-none-eabi/7.3.1/../../../../arm-none-eabi/lib/thumb/v7-m\libc_nano.a(lib_a-memcpy-stub.o)
                              Core/Src/MQTTPacket.o (memcpy)
c:/st/stm32cubeide_1.4.0/stm32cubeide/plugins/com.st.stm32cube.ide.mcu.externaltools.gnu-tools-for-stm32.7-2018-q2-update.win32_1.4.0.202007081208/tools/bin/../lib/gcc/arm-none-eabi/7.3.1/../../../../arm-none-eabi/lib/thumb/v7-m\libc_nano.a(lib_a-memset.o)
                              c:/st/stm32cubeide_1.4.0/stm32cubeide/plugins/com.st.stm32cube.ide.mcu.externaltools.gnu-tools-for-stm32.7-2018-q2-update.win32_1.4.0.202007081208/tools/bin/../lib/gcc/arm-none-eabi/7.3.1/../../../../arm-none-eabi/lib/thumb/v7-m/crt0.o (memset)
c:/st/stm32cubeide_1.4.0/stm32cubeide/plugins/com.st.stm32cube.ide.mcu.externaltools.gnu-tools-for-stm32.7-2018-q2-update.win32_1.4.0.202007081208/tools/bin/../lib/gcc/arm-none-eabi/7.3.1/../../../../arm-none-eabi/lib/thumb/v7-m\libc_nano.a(lib_a-snprintf.o)
                              Core/Src/MQTTFormat.o (snprintf)
c:/st/stm32cubeide_1.4.0/stm32cubeide/plugins/com.st.stm32cube.ide.mcu.externaltools.gnu-tools-for-stm32.7-2018-q2-update.win32_1.4.0.202007081208/tools/bin/../lib/gcc/arm-none-eabi/7.3.1/../../../../arm-none-eabi/lib/thumb/v7-m\libc_nano.a(lib_a-sprintf.o)
                              Core/Src/MQTTSim800.o (sprintf)
c:/st/stm32cubeide_1.4.0/stm32cubeide/plugins/com.st.stm32cube.ide.mcu.externaltools.gnu-tools-for-stm32.7-2018-q2-update.win32_1.4.0.202007081208/tools/bin/../lib/gcc/arm-none-eabi/7.3.1/../../../../arm-none-eabi/lib/thumb/v7-m\libc_nano.a(lib_a-strlen.o)
                              Core/Src/MQTTPacket.o (strlen)
c:/st/stm32cubeide_1.4.0/stm32cubeide/plugins/com.st.stm32cube.ide.mcu.externaltools.gnu-tools-for-stm32.7-2018-q2-update.win32_1.4.0.202007081208/tools/bin/../lib/gcc/arm-none-eabi/7.3.1/../../../../arm-none-eabi/lib/thumb/v7-m\libc_nano.a(lib_a-strncmp.o)
                              Core/Src/MQTTPacket.o (strncmp)
c:/st/stm32cubeide_1.4.0/stm32cubeide/plugins/com.st.stm32cube.ide.mcu.externaltools.gnu-tools-for-stm32.7-2018-q2-update.win32_1.4.0.202007081208/tools/bin/../lib/gcc/arm-none-eabi/7.3.1/../../../../arm-none-eabi/lib/thumb/v7-m\libc_nano.a(lib_a-strstr.o)
                              Core/Src/MQTTSim800.o (strstr)
[...]
Memory Configuration

Name             Origin             Length             Attributes
RAM              0x0000000020000000 0x0000000000005000 xrw
FLASH            0x0000000008000000 0x0000000000010000 xr
*default*        0x0000000000000000 0xffffffffffffffff

Linker script and memory map

LOAD c:/st/stm32cubeide_1.4.0/stm32cubeide/plugins/com.st.stm32cube.ide.mcu.externaltools.gnu-tools-for-stm32.7-2018-q2-update.win32_1.4.0.202007081208/tools/bin/../lib/gcc/arm-none-eabi/7.3.1/thumb/v7-m/crti.o
LOAD c:/st/stm32cubeide_1.4.0/stm32cubeide/plugins/com.st.stm32cube.ide.mcu.externaltools.gnu-tools-for-stm32.7-2018-q2-update.win32_1.4.0.202007081208/tools/bin/../lib/gcc/arm-none-eabi/7.3.1/thumb/v7-m/crtbegin.o
LOAD c:/st/stm32cubeide_1.4.0/stm32cubeide/plugins/com.st.stm32cube.ide.mcu.externaltools.gnu-tools-for-stm32.7-2018-q2-update.win32_1.4.0.202007081208/tools/bin/../lib/gcc/arm-none-eabi/7.3.1/../../../../arm-none-eabi/lib/thumb/v7-m/crt0.o
LOAD Core/Src/MQTTConnectClient.o
LOAD Core/Src/MQTTDeserializePublish.o
LOAD Core/Src/MQTTFormat.o
LOAD Core/Src/MQTTPacket.o
LOAD Core/Src/MQTTSerializePublish.o
LOAD Core/Src/MQTTSim800.o
LOAD Core/Src/MQTTSubscribeClient.o
LOAD Core/Src/MQTTUnsubscribeClient.o
LOAD Core/Src/freertos.o
LOAD Core/Src/gpio.o
LOAD Core/Src/main.o
LOAD Core/Src/stm32f1xx_hal_msp.o
LOAD Core/Src/stm32f1xx_hal_timebase_tim.o
LOAD Core/Src/stm32f1xx_it.o
LOAD Core/Src/syscalls.o
LOAD Core/Src/sysmem.o
LOAD Core/Src/system_stm32f1xx.o
LOAD Core/Src/usart.o
LOAD Core/Startup/startup_stm32f103c8tx.o
LOAD Drivers/STM32F1xx_HAL_Driver/Src/stm32f1xx_hal.o
LOAD Drivers/STM32F1xx_HAL_Driver/Src/stm32f1xx_hal_cortex.o
LOAD Drivers/STM32F1xx_HAL_Driver/Src/stm32f1xx_hal_dma.o
LOAD Drivers/STM32F1xx_HAL_Driver/Src/stm32f1xx_hal_exti.o
LOAD Drivers/STM32F1xx_HAL_Driver/Src/stm32f1xx_hal_flash.o
LOAD Drivers/STM32F1xx_HAL_Driver/Src/stm32f1xx_hal_flash_ex.o
LOAD Drivers/STM32F1xx_HAL_Driver/Src/stm32f1xx_hal_gpio.o
LOAD Drivers/STM32F1xx_HAL_Driver/Src/stm32f1xx_hal_gpio_ex.o
LOAD Drivers/STM32F1xx_HAL_Driver/Src/stm32f1xx_hal_pwr.o
LOAD Drivers/STM32F1xx_HAL_Driver/Src/stm32f1xx_hal_rcc.o
LOAD Drivers/STM32F1xx_HAL_Driver/Src/stm32f1xx_hal_rcc_ex.o
LOAD Drivers/STM32F1xx_HAL_Driver/Src/stm32f1xx_hal_tim.o
LOAD Drivers/STM32F1xx_HAL_Driver/Src/stm32f1xx_hal_tim_ex.o
LOAD Drivers/STM32F1xx_HAL_Driver/Src/stm32f1xx_hal_uart.o
LOAD Middlewares/Third_Party/FreeRTOS/Source/CMSIS_RTOS/cmsis_os.o
LOAD Middlewares/Third_Party/FreeRTOS/Source/croutine.o
LOAD Middlewares/Third_Party/FreeRTOS/Source/event_groups.o
LOAD Middlewares/Third_Party/FreeRTOS/Source/list.o
LOAD Middlewares/Third_Party/FreeRTOS/Source/queue.o
LOAD Middlewares/Third_Party/FreeRTOS/Source/stream_buffer.o
LOAD Middlewares/Third_Party/FreeRTOS/Source/tasks.o
LOAD Middlewares/Third_Party/FreeRTOS/Source/timers.o
LOAD Middlewares/Third_Party/FreeRTOS/Source/portable/GCC/ARM_CM3/port.o
LOAD Middlewares/Third_Party/FreeRTOS/Source/portable/MemMang/heap_4.o
START GROUP
LOAD c:/st/stm32cubeide_1.4.0/stm32cubeide/plugins/com.st.stm32cube.ide.mcu.externaltools.gnu-tools-for-stm32.7-2018-q2-update.win32_1.4.0.202007081208/tools/bin/../lib/gcc/arm-none-eabi/7.3.1/../../../../arm-none-eabi/lib/thumb/v7-m\libc_nano.a
LOAD c:/st/stm32cubeide_1.4.0/stm32cubeide/plugins/com.st.stm32cube.ide.mcu.externaltools.gnu-tools-for-stm32.7-2018-q2-update.win32_1.4.0.202007081208/tools/bin/../lib/gcc/arm-none-eabi/7.3.1/../../../../arm-none-eabi/lib/thumb/v7-m\libm.a
END GROUP
START GROUP
LOAD c:/st/stm32cubeide_1.4.0/stm32cubeide/plugins/com.st.stm32cube.ide.mcu.externaltools.gnu-tools-for-stm32.7-2018-q2-update.win32_1.4.0.202007081208/tools/bin/../lib/gcc/arm-none-eabi/7.3.1/thumb/v7-m\libgcc.a
LOAD c:/st/stm32cubeide_1.4.0/stm32cubeide/plugins/com.st.stm32cube.ide.mcu.externaltools.gnu-tools-for-stm32.7-2018-q2-update.win32_1.4.0.202007081208/tools/bin/../lib/gcc/arm-none-eabi/7.3.1/../../../../arm-none-eabi/lib/thumb/v7-m\libc_nano.a
END GROUP
START GROUP
LOAD c:/st/stm32cubeide_1.4.0/stm32cubeide/plugins/com.st.stm32cube.ide.mcu.externaltools.gnu-tools-for-stm32.7-2018-q2-update.win32_1.4.0.202007081208/tools/bin/../lib/gcc/arm-none-eabi/7.3.1/thumb/v7-m\libgcc.a
LOAD c:/st/stm32cubeide_1.4.0/stm32cubeide/plugins/com.st.stm32cube.ide.mcu.externaltools.gnu-tools-for-stm32.7-2018-q2-update.win32_1.4.0.202007081208/tools/bin/../lib/gcc/arm-none-eabi/7.3.1/../../../../arm-none-eabi/lib/thumb/v7-m\libc_nano.a
LOAD c:/st/stm32cubeide_1.4.0/stm32cubeide/plugins/com.st.stm32cube.ide.mcu.externaltools.gnu-tools-for-stm32.7-2018-q2-update.win32_1.4.0.202007081208/tools/bin/../lib/gcc/arm-none-eabi/7.3.1/../../../../arm-none-eabi/lib/thumb/v7-m\libnosys.a
END GROUP
START GROUP
LOAD c:/st/stm32cubeide_1.4.0/stm32cubeide/plugins/com.st.stm32cube.ide.mcu.externaltools.gnu-tools-for-stm32.7-2018-q2-update.win32_1.4.0.202007081208/tools/bin/../lib/gcc/arm-none-eabi/7.3.1/thumb/v7-m\libgcc.a
LOAD c:/st/stm32cubeide_1.4.0/stm32cubeide/plugins/com.st.stm32cube.ide.mcu.externaltools.gnu-tools-for-stm32.7-2018-q2-update.win32_1.4.0.202007081208/tools/bin/../lib/gcc/arm-none-eabi/7.3.1/../../../../arm-none-eabi/lib/thumb/v7-m\libc_nano.a
LOAD c:/st/stm32cubeide_1.4.0/stm32cubeide/plugins/com.st.stm32cube.ide.mcu.externaltools.gnu-tools-for-stm32.7-2018-q2-update.win32_1.4.0.202007081208/tools/bin/../lib/gcc/arm-none-eabi/7.3.1/../../../../arm-none-eabi/lib/thumb/v7-m\libnosys.a
END GROUP
LOAD c:/st/stm32cubeide_1.4.0/stm32cubeide/plugins/com.st.stm32cube.ide.mcu.externaltools.gnu-tools-for-stm32.7-2018-q2-update.win32_1.4.0.202007081208/tools/bin/../lib/gcc/arm-none-eabi/7.3.1/thumb/v7-m/crtend.o
LOAD c:/st/stm32cubeide_1.4.0/stm32cubeide/plugins/com.st.stm32cube.ide.mcu.externaltools.gnu-tools-for-stm32.7-2018-q2-update.win32_1.4.0.202007081208/tools/bin/../lib/gcc/arm-none-eabi/7.3.1/thumb/v7-m/crtn.o
                0x0000000020005000                _estack = (ORIGIN (RAM) + LENGTH (RAM))
                0x0000000000000200                _Min_Heap_Size = 0x200
                0x0000000000000400                _Min_Stack_Size = 0x400

.isr_vector     0x0000000008000000      0x10c
                0x0000000008000000                . = ALIGN (0x4)
 *(.isr_vector)
 .isr_vector    0x0000000008000000      0x10c Core/Startup/startup_stm32f103c8tx.o
                0x0000000008000000                g_pfnVectors
                0x000000000800010c                . = ALIGN (0x4)

.text           0x0000000008000110     0x5044
                0x0000000008000110                . = ALIGN (0x4)
 *(.text)
 .text          0x0000000008000110       0x40 c:/st/stm32cubeide_1.4.0/stm32cubeide/plugins/com.st.stm32cube.ide.mcu.externaltools.gnu-tools-for-stm32.7-2018-q2-update.win32_1.4.0.202007081208/tools/bin/../lib/gcc/arm-none-eabi/7.3.1/thumb/v7-m/crtbegin.o
 .text          0x0000000008000150       0x10 c:/st/stm32cubeide_1.4.0/stm32cubeide/plugins/com.st.stm32cube.ide.mcu.externaltools.gnu-tools-for-stm32.7-2018-q2-update.win32_1.4.0.202007081208/tools/bin/../lib/gcc/arm-none-eabi/7.3.1/../../../../arm-none-eabi/lib/thumb/v7-m\libc_nano.a(lib_a-strlen.o)
                0x0000000008000150                strlen
 *(.text*)
 .text.MQTTSerialize_connectLength
                0x0000000008000160       0xc2 Core/Src/MQTTConnectClient.o
                0x0000000008000160                MQTTSerialize_connectLength
 *fill*         0x0000000008000222        0x2 
 .text.MQTTSerialize_connect
                0x0000000008000224      0x1dc Core/Src/MQTTConnectClient.o
                0x0000000008000224                MQTTSerialize_connect
 .text.MQTTDeserialize_publish
                0x0000000008000400       0xe4 Core/Src/MQTTDeserializePublish.o
                0x0000000008000400                MQTTDeserialize_publish
 .text.MQTTPacket_encode
                0x00000000080004e4       0x5c Core/Src/MQTTPacket.o
                0x00000000080004e4                MQTTPacket_encode
 .text.MQTTPacket_decode
                0x0000000008000540       0x78 Core/Src/MQTTPacket.o
                0x0000000008000540                MQTTPacket_decode
 .text.MQTTPacket_len
                0x00000000080005b8       0x54 Core/Src/MQTTPacket.o
                0x00000000080005b8                MQTTPacket_len
 .text.bufchar  0x000000000800060c       0x40 Core/Src/MQTTPacket.o
                0x000000000800060c                bufchar
 .text.MQTTPacket_decodeBuf
                0x000000000800064c       0x2c Core/Src/MQTTPacket.o
                0x000000000800064c                MQTTPacket_decodeBuf
 .text.readInt  0x0000000008000678       0x34 Core/Src/MQTTPacket.o
                0x0000000008000678                readInt
 .text.readChar
                0x00000000080006ac       0x26 Core/Src/MQTTPacket.o
                0x00000000080006ac                readChar
 .text.writeChar
                0x00000000080006d2       0x28 Core/Src/MQTTPacket.o
                0x00000000080006d2                writeChar
 .text.writeInt
                0x00000000080006fa       0x50 Core/Src/MQTTPacket.o
                0x00000000080006fa                writeInt
 .text.writeCString
                0x000000000800074a       0x3e Core/Src/MQTTPacket.o
                0x000000000800074a                writeCString
 .text.writeMQTTString
                0x0000000008000788       0x5c Core/Src/MQTTPacket.o
                0x0000000008000788                writeMQTTString
 .text.readMQTTLenString
                0x00000000080007e4       0x62 Core/Src/MQTTPacket.o
                0x00000000080007e4                readMQTTLenString
 .text.MQTTstrlen
                0x0000000008000846       0x32 Core/Src/MQTTPacket.o
                0x0000000008000846                MQTTstrlen
 .text.MQTTSerialize_publishLength
                0x0000000008000878       0x40 Core/Src/MQTTSerializePublish.o
                0x0000000008000878                MQTTSerialize_publishLength
 .text.MQTTSerialize_publish
                0x00000000080008b8       0xee Core/Src/MQTTSerializePublish.o
                0x00000000080008b8                MQTTSerialize_publish
 *fill*         0x00000000080009a6        0x2 
 .text.Sim800_RxCallBack
                0x00000000080009a8      0x180 Core/Src/MQTTSim800.o
                0x00000000080009a8                Sim800_RxCallBack
 .text.clearRxBuffer
                0x0000000008000b28       0x24 Core/Src/MQTTSim800.o
                0x0000000008000b28                clearRxBuffer
 .text.clearMqttBuffer
                0x0000000008000b4c       0x2c Core/Src/MQTTSim800.o
                0x0000000008000b4c                clearMqttBuffer
 .text.SIM800_SendCommand
                0x0000000008000b78       0x58 Core/Src/MQTTSim800.o
                0x0000000008000b78                SIM800_SendCommand
 .text.MQTT_Init
                0x0000000008000bd0      0x11c Core/Src/MQTTSim800.o
                0x0000000008000bd0                MQTT_Init
 .text.MQTT_Connect
                0x0000000008000cec       0xe4 Core/Src/MQTTSim800.o
                0x0000000008000cec                MQTT_Connect
 .text.MQTT_Pub
                0x0000000008000dd0       0xa4 Core/Src/MQTTSim800.o
                0x0000000008000dd0                MQTT_Pub
 .text.MQTT_Sub
                0x0000000008000e74       0x88 Core/Src/MQTTSim800.o
                0x0000000008000e74                MQTT_Sub
 .text.MQTT_Receive
                0x0000000008000efc       0x94 Core/Src/MQTTSim800.o
                0x0000000008000efc                MQTT_Receive
 .text.MQTTSerialize_subscribeLength
                0x0000000008000f90       0x4e Core/Src/MQTTSubscribeClient.o
                0x0000000008000f90                MQTTSerialize_subscribeLength
 .text.MQTTSerialize_subscribe
                0x0000000008000fde       0xfa Core/Src/MQTTSubscribeClient.o
                0x0000000008000fde                MQTTSerialize_subscribe
 .text.vApplicationGetIdleTaskMemory
                0x00000000080010d8       0x30 Core/Src/freertos.o
                0x00000000080010d8                vApplicationGetIdleTaskMemory
 .text.MX_FREERTOS_Init
                0x0000000008001108       0x38 Core/Src/freertos.o
                0x0000000008001108                MX_FREERTOS_Init
 .text.StartDefaultTask
                0x0000000008001140       0x10 Core/Src/freertos.o
                0x0000000008001140                StartDefaultTask
 .text.MX_GPIO_Init
                0x0000000008001150       0x2c Core/Src/gpio.o
                0x0000000008001150                MX_GPIO_Init
 .text.main     0x000000000800117c       0xe4 Core/Src/main.o
                0x000000000800117c                main
 .text.SystemClock_Config
                0x0000000008001260       0x76 Core/Src/main.o
                0x0000000008001260                SystemClock_Config
 *fill*         0x00000000080012d6        0x2 
 .text.HAL_TIM_PeriodElapsedCallback
                0x00000000080012d8       0x24 Core/Src/main.o
                0x00000000080012d8                HAL_TIM_PeriodElapsedCallback
 .text.Error_Handler
                0x00000000080012fc        0xc Core/Src/main.o
                0x00000000080012fc                Error_Handler
 .text.HAL_MspInit
                0x0000000008001308       0x64 Core/Src/stm32f1xx_hal_msp.o
                0x0000000008001308                HAL_MspInit
 .text.HAL_InitTick
                0x000000000800136c       0xac Core/Src/stm32f1xx_hal_timebase_tim.o
                0x000000000800136c                HAL_InitTick
 .text.NMI_Handler
                0x0000000008001418        0xc Core/Src/stm32f1xx_it.o
                0x0000000008001418                NMI_Handler
 .text.HardFault_Handler
                0x0000000008001424        0x6 Core/Src/stm32f1xx_it.o
                0x0000000008001424                HardFault_Handler
 .text.MemManage_Handler
                0x000000000800142a        0x6 Core/Src/stm32f1xx_it.o
                0x000000000800142a                MemManage_Handler
 .text.BusFault_Handler
                0x0000000008001430        0x6 Core/Src/stm32f1xx_it.o
                0x0000000008001430                BusFault_Handler
 .text.UsageFault_Handler
                0x0000000008001436        0x6 Core/Src/stm32f1xx_it.o
                0x0000000008001436                UsageFault_Handler
 .text.DebugMon_Handler
                0x000000000800143c        0xc Core/Src/stm32f1xx_it.o
                0x000000000800143c                DebugMon_Handler
 .text.TIM1_UP_IRQHandler
                0x0000000008001448       0x14 Core/Src/stm32f1xx_it.o
                0x0000000008001448                TIM1_UP_IRQHandler
 .text.USART2_IRQHandler
                0x000000000800145c       0x18 Core/Src/stm32f1xx_it.o
                0x000000000800145c                USART2_IRQHandler
 .text._sbrk    0x0000000008001474       0x6c Core/Src/sysmem.o
                0x0000000008001474                _sbrk
 .text.SystemInit
                0x00000000080014e0        0xc Core/Src/system_stm32f1xx.o
                0x00000000080014e0                SystemInit
 .text.MX_USART2_UART_Init
                0x00000000080014ec       0x54 Core/Src/usart.o
                0x00000000080014ec                MX_USART2_UART_Init
 .text.HAL_UART_MspInit
                0x0000000008001540       0xa4 Core/Src/usart.o
                0x0000000008001540                HAL_UART_MspInit
 .text.Reset_Handler
                0x00000000080015e4       0x48 Core/Startup/startup_stm32f103c8tx.o
                0x00000000080015e4                Reset_Handler
 .text.Default_Handler
                0x000000000800162c        0x2 Core/Startup/startup_stm32f103c8tx.o
                0x000000000800162c                RTC_Alarm_IRQHandler
                0x000000000800162c                EXTI2_IRQHandler
                0x000000000800162c                TIM1_CC_IRQHandler
                0x000000000800162c                PVD_IRQHandler
                0x000000000800162c                EXTI3_IRQHandler
                0x000000000800162c                EXTI0_IRQHandler
                0x000000000800162c                I2C2_EV_IRQHandler
                0x000000000800162c                ADC1_2_IRQHandler
                0x000000000800162c                SPI1_IRQHandler
                0x000000000800162c                TAMPER_IRQHandler
                0x000000000800162c                DMA1_Channel4_IRQHandler
                0x000000000800162c                USART3_IRQHandler
                0x000000000800162c                RTC_IRQHandler
                0x000000000800162c                DMA1_Channel7_IRQHandler
                0x000000000800162c                CAN1_RX1_IRQHandler
                0x000000000800162c                TIM4_IRQHandler
                0x000000000800162c                I2C1_EV_IRQHandler
                0x000000000800162c                DMA1_Channel6_IRQHandler
                0x000000000800162c                TIM3_IRQHandler
                0x000000000800162c                RCC_IRQHandler
                0x000000000800162c                TIM1_TRG_COM_IRQHandler
                0x000000000800162c                DMA1_Channel1_IRQHandler
                0x000000000800162c                Default_Handler
                0x000000000800162c                EXTI15_10_IRQHandler
                0x000000000800162c                EXTI9_5_IRQHandler
                0x000000000800162c                SPI2_IRQHandler
                0x000000000800162c                DMA1_Channel5_IRQHandler
                0x000000000800162c                EXTI4_IRQHandler
                0x000000000800162c                USB_LP_CAN1_RX0_IRQHandler
                0x000000000800162c                USB_HP_CAN1_TX_IRQHandler
                0x000000000800162c                DMA1_Channel3_IRQHandler
                0x000000000800162c                WWDG_IRQHandler
                0x000000000800162c                TIM2_IRQHandler
                0x000000000800162c                TIM1_BRK_IRQHandler
                0x000000000800162c                EXTI1_IRQHandler
                0x000000000800162c                I2C2_ER_IRQHandler
                0x000000000800162c                DMA1_Channel2_IRQHandler
                0x000000000800162c                CAN1_SCE_IRQHandler
                0x000000000800162c                FLASH_IRQHandler
                0x000000000800162c                USART1_IRQHandler
                0x000000000800162c                I2C1_ER_IRQHandler
                0x000000000800162c                USBWakeUp_IRQHandler
 *fill*         0x000000000800162e        0x2 
 .text.HAL_Init
                0x0000000008001630       0x2c Drivers/STM32F1xx_HAL_Driver/Src/stm32f1xx_hal.o
                0x0000000008001630                HAL_Init
 .text.HAL_IncTick
                0x000000000800165c       0x24 Drivers/STM32F1xx_HAL_Driver/Src/stm32f1xx_hal.o
                0x000000000800165c                HAL_IncTick
 .text.HAL_GetTick
                0x0000000008001680       0x14 Drivers/STM32F1xx_HAL_Driver/Src/stm32f1xx_hal.o
                0x0000000008001680                HAL_GetTick
 .text.HAL_Delay
                0x0000000008001694       0x44 Drivers/STM32F1xx_HAL_Driver/Src/stm32f1xx_hal.o
                0x0000000008001694                HAL_Delay
 .text.__NVIC_SetPriorityGrouping
                0x00000000080016d8       0x48 Drivers/STM32F1xx_HAL_Driver/Src/stm32f1xx_hal_cortex.o
 .text.__NVIC_GetPriorityGrouping
                0x0000000008001720       0x1c Drivers/STM32F1xx_HAL_Driver/Src/stm32f1xx_hal_cortex.o
 .text.__NVIC_EnableIRQ
                0x000000000800173c       0x38 Drivers/STM32F1xx_HAL_Driver/Src/stm32f1xx_hal_cortex.o
 .text.__NVIC_SetPriority
                0x0000000008001774       0x54 Drivers/STM32F1xx_HAL_Driver/Src/stm32f1xx_hal_cortex.o
 .text.NVIC_EncodePriority
                0x00000000080017c8       0x64 Drivers/STM32F1xx_HAL_Driver/Src/stm32f1xx_hal_cortex.o
 .text.HAL_NVIC_SetPriorityGrouping
                0x000000000800182c       0x16 Drivers/STM32F1xx_HAL_Driver/Src/stm32f1xx_hal_cortex.o
                0x000000000800182c                HAL_NVIC_SetPriorityGrouping
 .text.HAL_NVIC_SetPriority
                0x0000000008001842       0x38 Drivers/STM32F1xx_HAL_Driver/Src/stm32f1xx_hal_cortex.o
                0x0000000008001842                HAL_NVIC_SetPriority
 .text.HAL_NVIC_EnableIRQ
                0x000000000800187a       0x1c Drivers/STM32F1xx_HAL_Driver/Src/stm32f1xx_hal_cortex.o
                0x000000000800187a                HAL_NVIC_EnableIRQ
 .text.HAL_DMA_Abort
                0x0000000008001896       0x74 Drivers/STM32F1xx_HAL_Driver/Src/stm32f1xx_hal_dma.o
                0x0000000008001896                HAL_DMA_Abort
 *fill*         0x000000000800190a        0x2 
 .text.HAL_DMA_Abort_IT
                0x000000000800190c       0xec Drivers/STM32F1xx_HAL_Driver/Src/stm32f1xx_hal_dma.o
                0x000000000800190c                HAL_DMA_Abort_IT
 .text.HAL_GPIO_Init
                0x00000000080019f8      0x2b4 Drivers/STM32F1xx_HAL_Driver/Src/stm32f1xx_hal_gpio.o
                0x00000000080019f8                HAL_GPIO_Init
 .text.HAL_RCC_OscConfig
                0x0000000008001cac      0x500 Drivers/STM32F1xx_HAL_Driver/Src/stm32f1xx_hal_rcc.o
                0x0000000008001cac                HAL_RCC_OscConfig
 .text.HAL_RCC_ClockConfig
                0x00000000080021ac      0x1d4 Drivers/STM32F1xx_HAL_Driver/Src/stm32f1xx_hal_rcc.o
                0x00000000080021ac                HAL_RCC_ClockConfig
 .text.HAL_RCC_GetSysClockFreq
                0x0000000008002380       0xc4 Drivers/STM32F1xx_HAL_Driver/Src/stm32f1xx_hal_rcc.o
                0x0000000008002380                HAL_RCC_GetSysClockFreq
 .text.HAL_RCC_GetHCLKFreq
                0x0000000008002444       0x14 Drivers/STM32F1xx_HAL_Driver/Src/stm32f1xx_hal_rcc.o
                0x0000000008002444                HAL_RCC_GetHCLKFreq
 .text.HAL_RCC_GetPCLK1Freq
                0x0000000008002458       0x28 Drivers/STM32F1xx_HAL_Driver/Src/stm32f1xx_hal_rcc.o
                0x0000000008002458                HAL_RCC_GetPCLK1Freq
 .text.HAL_RCC_GetPCLK2Freq
                0x0000000008002480       0x28 Drivers/STM32F1xx_HAL_Driver/Src/stm32f1xx_hal_rcc.o
                0x0000000008002480                HAL_RCC_GetPCLK2Freq
 .text.HAL_RCC_GetClockConfig
                0x00000000080024a8       0x60 Drivers/STM32F1xx_HAL_Driver/Src/stm32f1xx_hal_rcc.o
                0x00000000080024a8                HAL_RCC_GetClockConfig
 .text.RCC_Delay
                0x0000000008002508       0x3c Drivers/STM32F1xx_HAL_Driver/Src/stm32f1xx_hal_rcc.o
 .text.HAL_TIM_Base_Init
                0x0000000008002544       0x9e Drivers/STM32F1xx_HAL_Driver/Src/stm32f1xx_hal_tim.o
                0x0000000008002544                HAL_TIM_Base_Init
 .text.HAL_TIM_Base_MspInit
                0x00000000080025e2       0x12 Drivers/STM32F1xx_HAL_Driver/Src/stm32f1xx_hal_tim.o
                0x00000000080025e2                HAL_TIM_Base_MspInit
 .text.HAL_TIM_Base_Start_IT
                0x00000000080025f4       0xa4 Drivers/STM32F1xx_HAL_Driver/Src/stm32f1xx_hal_tim.o
                0x00000000080025f4                HAL_TIM_Base_Start_IT
 .text.HAL_TIM_IRQHandler
                0x0000000008002698      0x210 Drivers/STM32F1xx_HAL_Driver/Src/stm32f1xx_hal_tim.o
                0x0000000008002698                HAL_TIM_IRQHandler
 .text.HAL_TIM_OC_DelayElapsedCallback
                0x00000000080028a8       0x12 Drivers/STM32F1xx_HAL_Driver/Src/stm32f1xx_hal_tim.o
                0x00000000080028a8                HAL_TIM_OC_DelayElapsedCallback
 .text.HAL_TIM_IC_CaptureCallback
                0x00000000080028ba       0x12 Drivers/STM32F1xx_HAL_Driver/Src/stm32f1xx_hal_tim.o
                0x00000000080028ba                HAL_TIM_IC_CaptureCallback
 .text.HAL_TIM_PWM_PulseFinishedCallback
                0x00000000080028cc       0x12 Drivers/STM32F1xx_HAL_Driver/Src/stm32f1xx_hal_tim.o
                0x00000000080028cc                HAL_TIM_PWM_PulseFinishedCallback
 .text.HAL_TIM_TriggerCallback
                0x00000000080028de       0x12 Drivers/STM32F1xx_HAL_Driver/Src/stm32f1xx_hal_tim.o
                0x00000000080028de                HAL_TIM_TriggerCallback
 .text.TIM_Base_SetConfig
                0x00000000080028f0       0xc4 Drivers/STM32F1xx_HAL_Driver/Src/stm32f1xx_hal_tim.o
                0x00000000080028f0                TIM_Base_SetConfig
 .text.HAL_TIMEx_CommutCallback
                0x00000000080029b4       0x12 Drivers/STM32F1xx_HAL_Driver/Src/stm32f1xx_hal_tim_ex.o
                0x00000000080029b4                HAL_TIMEx_CommutCallback
 .text.HAL_TIMEx_BreakCallback
                0x00000000080029c6       0x12 Drivers/STM32F1xx_HAL_Driver/Src/stm32f1xx_hal_tim_ex.o
                0x00000000080029c6                HAL_TIMEx_BreakCallback
 .text.HAL_UART_Init
                0x00000000080029d8       0x9a Drivers/STM32F1xx_HAL_Driver/Src/stm32f1xx_hal_uart.o
                0x00000000080029d8                HAL_UART_Init
 .text.HAL_UART_Transmit_IT
                0x0000000008002a72       0x88 Drivers/STM32F1xx_HAL_Driver/Src/stm32f1xx_hal_uart.o
                0x0000000008002a72                HAL_UART_Transmit_IT
 .text.HAL_UART_Receive_IT
                0x0000000008002afa       0x60 Drivers/STM32F1xx_HAL_Driver/Src/stm32f1xx_hal_uart.o
                0x0000000008002afa                HAL_UART_Receive_IT
 *fill*         0x0000000008002b5a        0x2 
 .text.HAL_UART_IRQHandler
                0x0000000008002b5c      0x358 Drivers/STM32F1xx_HAL_Driver/Src/stm32f1xx_hal_uart.o
                0x0000000008002b5c                HAL_UART_IRQHandler
 .text.HAL_UART_TxCpltCallback
                0x0000000008002eb4       0x12 Drivers/STM32F1xx_HAL_Driver/Src/stm32f1xx_hal_uart.o
                0x0000000008002eb4                HAL_UART_TxCpltCallback
 .text.HAL_UART_RxCpltCallback
                0x0000000008002ec6       0x12 Drivers/STM32F1xx_HAL_Driver/Src/stm32f1xx_hal_uart.o
                0x0000000008002ec6                HAL_UART_RxCpltCallback
 .text.HAL_UART_ErrorCallback
                0x0000000008002ed8       0x12 Drivers/STM32F1xx_HAL_Driver/Src/stm32f1xx_hal_uart.o
                0x0000000008002ed8                HAL_UART_ErrorCallback
 .text.HAL_UARTEx_RxEventCallback
                0x0000000008002eea       0x16 Drivers/STM32F1xx_HAL_Driver/Src/stm32f1xx_hal_uart.o
                0x0000000008002eea                HAL_UARTEx_RxEventCallback
 .text.UART_Start_Receive_IT
                0x0000000008002f00       0x72 Drivers/STM32F1xx_HAL_Driver/Src/stm32f1xx_hal_uart.o
                0x0000000008002f00                UART_Start_Receive_IT
 .text.UART_EndRxTransfer
                0x0000000008002f72       0x58 Drivers/STM32F1xx_HAL_Driver/Src/stm32f1xx_hal_uart.o
 .text.UART_DMAAbortOnError
                0x0000000008002fca       0x28 Drivers/STM32F1xx_HAL_Driver/Src/stm32f1xx_hal_uart.o
 .text.UART_Transmit_IT
                0x0000000008002ff2       0x9e Drivers/STM32F1xx_HAL_Driver/Src/stm32f1xx_hal_uart.o
 .text.UART_EndTransmit_IT
                0x0000000008003090       0x30 Drivers/STM32F1xx_HAL_Driver/Src/stm32f1xx_hal_uart.o
 .text.UART_Receive_IT
                0x00000000080030c0      0x152 Drivers/STM32F1xx_HAL_Driver/Src/stm32f1xx_hal_uart.o
 *fill*         0x0000000008003212        0x2 
 .text.UART_SetConfig
                0x0000000008003214      0x11c Drivers/STM32F1xx_HAL_Driver/Src/stm32f1xx_hal_uart.o
 .text.makeFreeRtosPriority
                0x0000000008003330       0x2e Middlewares/Third_Party/FreeRTOS/Source/CMSIS_RTOS/cmsis_os.o
 .text.osKernelStart
                0x000000000800335e        0xe Middlewares/Third_Party/FreeRTOS/Source/CMSIS_RTOS/cmsis_os.o
                0x000000000800335e                osKernelStart
 .text.osThreadCreate
                0x000000000800336c       0x98 Middlewares/Third_Party/FreeRTOS/Source/CMSIS_RTOS/cmsis_os.o
                0x000000000800336c                osThreadCreate
 .text.osDelay  0x0000000008003404       0x28 Middlewares/Third_Party/FreeRTOS/Source/CMSIS_RTOS/cmsis_os.o
                0x0000000008003404                osDelay
 .text.vListInitialise
                0x000000000800342c       0x3e Middlewares/Third_Party/FreeRTOS/Source/list.o
                0x000000000800342c                vListInitialise
 .text.vListInitialiseItem
                0x000000000800346a       0x18 Middlewares/Third_Party/FreeRTOS/Source/list.o
                0x000000000800346a                vListInitialiseItem
 .text.vListInsertEnd
                0x0000000008003482       0x46 Middlewares/Third_Party/FreeRTOS/Source/list.o
                0x0000000008003482                vListInsertEnd
 .text.vListInsert
                0x00000000080034c8       0x70 Middlewares/Third_Party/FreeRTOS/Source/list.o
                0x00000000080034c8                vListInsert
 .text.uxListRemove
                0x0000000008003538       0x52 Middlewares/Third_Party/FreeRTOS/Source/list.o
                0x0000000008003538                uxListRemove
 .text.xTaskCreateStatic
                0x000000000800358a       0xb2 Middlewares/Third_Party/FreeRTOS/Source/tasks.o
                0x000000000800358a                xTaskCreateStatic
 .text.xTaskCreate
                0x000000000800363c       0x8a Middlewares/Third_Party/FreeRTOS/Source/tasks.o
                0x000000000800363c                xTaskCreate
 .text.prvInitialiseNewTask
                0x00000000080036c6       0xfc Middlewares/Third_Party/FreeRTOS/Source/tasks.o
 *fill*         0x00000000080037c2        0x2 
 .text.prvAddNewTaskToReadyList
                0x00000000080037c4       0xd4 Middlewares/Third_Party/FreeRTOS/Source/tasks.o
 .text.vTaskDelay
                0x0000000008003898       0x68 Middlewares/Third_Party/FreeRTOS/Source/tasks.o
                0x0000000008003898                vTaskDelay
 .text.vTaskStartScheduler
                0x0000000008003900       0xbc Middlewares/Third_Party/FreeRTOS/Source/tasks.o
                0x0000000008003900                vTaskStartScheduler
 .text.vTaskSuspendAll
                0x00000000080039bc       0x1c Middlewares/Third_Party/FreeRTOS/Source/tasks.o
                0x00000000080039bc                vTaskSuspendAll
 .text.xTaskResumeAll
                0x00000000080039d8      0x138 Middlewares/Third_Party/FreeRTOS/Source/tasks.o
                0x00000000080039d8                xTaskResumeAll
 .text.xTaskIncrementTick
                0x0000000008003b10      0x178 Middlewares/Third_Party/FreeRTOS/Source/tasks.o
                0x0000000008003b10                xTaskIncrementTick
 .text.vTaskSwitchContext
                0x0000000008003c88       0xb4 Middlewares/Third_Party/FreeRTOS/Source/tasks.o
                0x0000000008003c88                vTaskSwitchContext
 .text.prvIdleTask
                0x0000000008003d3c       0x30 Middlewares/Third_Party/FreeRTOS/Source/tasks.o
 .text.prvInitialiseTaskLists
                0x0000000008003d6c       0x80 Middlewares/Third_Party/FreeRTOS/Source/tasks.o
 .text.prvCheckTasksWaitingTermination
                0x0000000008003dec       0x58 Middlewares/Third_Party/FreeRTOS/Source/tasks.o
 .text.prvDeleteTCB
                0x0000000008003e44       0x5c Middlewares/Third_Party/FreeRTOS/Source/tasks.o
 .text.prvResetNextTaskUnblockTime
                0x0000000008003ea0       0x48 Middlewares/Third_Party/FreeRTOS/Source/tasks.o
 .text.prvAddCurrentTaskToDelayedList
                0x0000000008003ee8       0xcc Middlewares/Third_Party/FreeRTOS/Source/tasks.o
 .text.pxPortInitialiseStack
                0x0000000008003fb4       0x58 Middlewares/Third_Party/FreeRTOS/Source/portable/GCC/ARM_CM3/port.o
                0x0000000008003fb4                pxPortInitialiseStack
 .text.prvTaskExitError
                0x000000000800400c       0x50 Middlewares/Third_Party/FreeRTOS/Source/portable/GCC/ARM_CM3/port.o
 *fill*         0x000000000800405c        0x4 
 .text.SVC_Handler
                0x0000000008004060       0x28 Middlewares/Third_Party/FreeRTOS/Source/portable/GCC/ARM_CM3/port.o
                0x0000000008004060                SVC_Handler
 .text.prvPortStartFirstTask
                0x0000000008004088       0x20 Middlewares/Third_Party/FreeRTOS/Source/portable/GCC/ARM_CM3/port.o
 .text.xPortStartScheduler
                0x00000000080040a8       0xe0 Middlewares/Third_Party/FreeRTOS/Source/portable/GCC/ARM_CM3/port.o
                0x00000000080040a8                xPortStartScheduler
 .text.vPortEnterCritical
                0x0000000008004188       0x5c Middlewares/Third_Party/FreeRTOS/Source/portable/GCC/ARM_CM3/port.o
                0x0000000008004188                vPortEnterCritical
 .text.vPortExitCritical
                0x00000000080041e4       0x4c Middlewares/Third_Party/FreeRTOS/Source/portable/GCC/ARM_CM3/port.o
                0x00000000080041e4                vPortExitCritical
 .text.PendSV_Handler
                0x0000000008004230       0x48 Middlewares/Third_Party/FreeRTOS/Source/portable/GCC/ARM_CM3/port.o
                0x0000000008004230                PendSV_Handler
 .text.SysTick_Handler
                0x0000000008004278       0x40 Middlewares/Third_Party/FreeRTOS/Source/portable/GCC/ARM_CM3/port.o
                0x0000000008004278                SysTick_Handler
 .text.vPortSetupTimerInterrupt
                0x00000000080042b8       0x44 Middlewares/Third_Party/FreeRTOS/Source/portable/GCC/ARM_CM3/port.o
                0x00000000080042b8                vPortSetupTimerInterrupt
 .text.pvPortMalloc
                0x00000000080042fc      0x184 Middlewares/Third_Party/FreeRTOS/Source/portable/MemMang/heap_4.o
                0x00000000080042fc                pvPortMalloc
 .text.vPortFree
                0x0000000008004480       0xb0 Middlewares/Third_Party/FreeRTOS/Source/portable/MemMang/heap_4.o
                0x0000000008004480                vPortFree
 .text.prvHeapInit
                0x0000000008004530       0xc4 Middlewares/Third_Party/FreeRTOS/Source/portable/MemMang/heap_4.o
 .text.prvInsertBlockIntoFreeList
                0x00000000080045f4       0xb0 Middlewares/Third_Party/FreeRTOS/Source/portable/MemMang/heap_4.o
 .text.atoi     0x00000000080046a4        0x8 c:/st/stm32cubeide_1.4.0/stm32cubeide/plugins/com.st.stm32cube.ide.mcu.externaltools.gnu-tools-for-stm32.7-2018-q2-update.win32_1.4.0.202007081208/tools/bin/../lib/gcc/arm-none-eabi/7.3.1/../../../../arm-none-eabi/lib/thumb/v7-m\libc_nano.a(lib_a-atoi.o)
                0x00000000080046a4                atoi
 .text.__errno  0x00000000080046ac        0xc c:/st/stm32cubeide_1.4.0/stm32cubeide/plugins/com.st.stm32cube.ide.mcu.externaltools.gnu-tools-for-stm32.7-2018-q2-update.win32_1.4.0.202007081208/tools/bin/../lib/gcc/arm-none-eabi/7.3.1/../../../../arm-none-eabi/lib/thumb/v7-m\libc_nano.a(lib_a-errno.o)
                0x00000000080046ac                __errno
 .text.__libc_init_array
                0x00000000080046b8       0x48 c:/st/stm32cubeide_1.4.0/stm32cubeide/plugins/com.st.stm32cube.ide.mcu.externaltools.gnu-tools-for-stm32.7-2018-q2-update.win32_1.4.0.202007081208/tools/bin/../lib/gcc/arm-none-eabi/7.3.1/../../../../arm-none-eabi/lib/thumb/v7-m\libc_nano.a(lib_a-init.o)
                0x00000000080046b8                __libc_init_array
 .text.memcpy   0x0000000008004700       0x16 c:/st/stm32cubeide_1.4.0/stm32cubeide/plugins/com.st.stm32cube.ide.mcu.externaltools.gnu-tools-for-stm32.7-2018-q2-update.win32_1.4.0.202007081208/tools/bin/../lib/gcc/arm-none-eabi/7.3.1/../../../../arm-none-eabi/lib/thumb/v7-m\libc_nano.a(lib_a-memcpy-stub.o)
                0x0000000008004700                memcpy
 .text.memset   0x0000000008004716       0x10 c:/st/stm32cubeide_1.4.0/stm32cubeide/plugins/com.st.stm32cube.ide.mcu.externaltools.gnu-tools-for-stm32.7-2018-q2-update.win32_1.4.0.202007081208/tools/bin/../lib/gcc/arm-none-eabi/7.3.1/../../../../arm-none-eabi/lib/thumb/v7-m\libc_nano.a(lib_a-memset.o)
                0x0000000008004716                memset
 *fill*         0x0000000008004726        0x2 
 .text.snprintf
                0x0000000008004728       0x68 c:/st/stm32cubeide_1.4.0/stm32cubeide/plugins/com.st.stm32cube.ide.mcu.externaltools.gnu-tools-for-stm32.7-2018-q2-update.win32_1.4.0.202007081208/tools/bin/../lib/gcc/arm-none-eabi/7.3.1/../../../../arm-none-eabi/lib/thumb/v7-m\libc_nano.a(lib_a-snprintf.o)
                0x0000000008004728                sniprintf
                0x0000000008004728                snprintf
 .text.sprintf  0x0000000008004790       0x40 c:/st/stm32cubeide_1.4.0/stm32cubeide/plugins/com.st.stm32cube.ide.mcu.externaltools.gnu-tools-for-stm32.7-2018-q2-update.win32_1.4.0.202007081208/tools/bin/../lib/gcc/arm-none-eabi/7.3.1/../../../../arm-none-eabi/lib/thumb/v7-m\libc_nano.a(lib_a-sprintf.o)
                0x0000000008004790                siprintf
                0x0000000008004790                sprintf
 .text.strstr   0x00000000080047d0       0x34 c:/st/stm32cubeide_1.4.0/stm32cubeide/plugins/com.st.stm32cube.ide.mcu.externaltools.gnu-tools-for-stm32.7-2018-q2-update.win32_1.4.0.202007081208/tools/bin/../lib/gcc/arm-none-eabi/7.3.1/../../../../arm-none-eabi/lib/thumb/v7-m\libc_nano.a(lib_a-strstr.o)
                0x00000000080047d0                strstr
 .text._strtol_l.isra.0
                0x0000000008004804       0xf6 c:/st/stm32cubeide_1.4.0/stm32cubeide/plugins/com.st.stm32cube.ide.mcu.externaltools.gnu-tools-for-stm32.7-2018-q2-update.win32_1.4.0.202007081208/tools/bin/../lib/gcc/arm-none-eabi/7.3.1/../../../../arm-none-eabi/lib/thumb/v7-m\libc_nano.a(lib_a-strtol.o)
 *fill*         0x00000000080048fa        0x2 
 .text.strtol   0x00000000080048fc       0x2c c:/st/stm32cubeide_1.4.0/stm32cubeide/plugins/com.st.stm32cube.ide.mcu.externaltools.gnu-tools-for-stm32.7-2018-q2-update.win32_1.4.0.202007081208/tools/bin/../lib/gcc/arm-none-eabi/7.3.1/../../../../arm-none-eabi/lib/thumb/v7-m\libc_nano.a(lib_a-strtol.o)
                0x00000000080048fc                strtol
 .text.__locale_ctype_ptr_l
                0x0000000008004928        0x6 c:/st/stm32cubeide_1.4.0/stm32cubeide/plugins/com.st.stm32cube.ide.mcu.externaltools.gnu-tools-for-stm32.7-2018-q2-update.win32_1.4.0.202007081208/tools/bin/../lib/gcc/arm-none-eabi/7.3.1/../../../../arm-none-eabi/lib/thumb/v7-m\libc_nano.a(lib_a-locale.o)
                0x0000000008004928                __locale_ctype_ptr_l
 .text.__ascii_mbtowc
                0x000000000800492e       0x24 c:/st/stm32cubeide_1.4.0/stm32cubeide/plugins/com.st.stm32cube.ide.mcu.externaltools.gnu-tools-for-stm32.7-2018-q2-update.win32_1.4.0.202007081208/tools/bin/../lib/gcc/arm-none-eabi/7.3.1/../../../../arm-none-eabi/lib/thumb/v7-m\libc_nano.a(lib_a-mbtowc_r.o)
                0x000000000800492e                __ascii_mbtowc
 .text.__ssputs_r
                0x0000000008004952       0xb4 c:/st/stm32cubeide_1.4.0/stm32cubeide/plugins/com.st.stm32cube.ide.mcu.externaltools.gnu-tools-for-stm32.7-2018-q2-update.win32_1.4.0.202007081208/tools/bin/../lib/gcc/arm-none-eabi/7.3.1/../../../../arm-none-eabi/lib/thumb/v7-m\libc_nano.a(lib_a-nano-svfprintf.o)
                0x0000000008004952                __ssputs_r
 *fill*         0x0000000008004a06        0x2 
 .text._svfprintf_r
                0x0000000008004a08      0x1f0 c:/st/stm32cubeide_1.4.0/stm32cubeide/plugins/com.st.stm32cube.ide.mcu.externaltools.gnu-tools-for-stm32.7-2018-q2-update.win32_1.4.0.202007081208/tools/bin/../lib/gcc/arm-none-eabi/7.3.1/../../../../arm-none-eabi/lib/thumb/v7-m\libc_nano.a(lib_a-nano-svfprintf.o)
                0x0000000008004a08                _svfiprintf_r
                0x0000000008004a08                _svfprintf_r
 .text._printf_common
                0x0000000008004bf8       0xec c:/st/stm32cubeide_1.4.0/stm32cubeide/plugins/com.st.stm32cube.ide.mcu.externaltools.gnu-tools-for-stm32.7-2018-q2-update.win32_1.4.0.202007081208/tools/bin/../lib/gcc/arm-none-eabi/7.3.1/../../../../arm-none-eabi/lib/thumb/v7-m\libc_nano.a(lib_a-nano-vfprintf_i.o)
                0x0000000008004bf8                _printf_common
 .text._printf_i
                0x0000000008004ce4      0x224 c:/st/stm32cubeide_1.4.0/stm32cubeide/plugins/com.st.stm32cube.ide.mcu.externaltools.gnu-tools-for-stm32.7-2018-q2-update.win32_1.4.0.202007081208/tools/bin/../lib/gcc/arm-none-eabi/7.3.1/../../../../arm-none-eabi/lib/thumb/v7-m\libc_nano.a(lib_a-nano-vfprintf_i.o)
                0x0000000008004ce4                _printf_i
 .text.__ascii_wctomb
                0x0000000008004f08       0x1a c:/st/stm32cubeide_1.4.0/stm32cubeide/plugins/com.st.stm32cube.ide.mcu.externaltools.gnu-tools-for-stm32.7-2018-q2-update.win32_1.4.0.202007081208/tools/bin/../lib/gcc/arm-none-eabi/7.3.1/../../../../arm-none-eabi/lib/thumb/v7-m\libc_nano.a(lib_a-wctomb_r.o)
                0x0000000008004f08                __ascii_wctomb
 .text.memchr   0x0000000008004f22       0x1c c:/st/stm32cubeide_1.4.0/stm32cubeide/plugins/com.st.stm32cube.ide.mcu.externaltools.gnu-tools-for-stm32.7-2018-q2-update.win32_1.4.0.202007081208/tools/bin/../lib/gcc/arm-none-eabi/7.3.1/../../../../arm-none-eabi/lib/thumb/v7-m\libc_nano.a(lib_a-memchr-stub.o)
                0x0000000008004f22                memchr
 .text.memmove  0x0000000008004f3e       0x32 c:/st/stm32cubeide_1.4.0/stm32cubeide/plugins/com.st.stm32cube.ide.mcu.externaltools.gnu-tools-for-stm32.7-2018-q2-update.win32_1.4.0.202007081208/tools/bin/../lib/gcc/arm-none-eabi/7.3.1/../../../../arm-none-eabi/lib/thumb/v7-m\libc_nano.a(lib_a-memmove.o)
                0x0000000008004f3e                memmove
 .text._free_r  0x0000000008004f70       0x98 c:/st/stm32cubeide_1.4.0/stm32cubeide/plugins/com.st.stm32cube.ide.mcu.externaltools.gnu-tools-for-stm32.7-2018-q2-update.win32_1.4.0.202007081208/tools/bin/../lib/gcc/arm-none-eabi/7.3.1/../../../../arm-none-eabi/lib/thumb/v7-m\libc_nano.a(lib_a-nano-freer.o)
                0x0000000008004f70                _free_r
 .text._malloc_r
                0x0000000008005008       0xb4 c:/st/stm32cubeide_1.4.0/stm32cubeide/plugins/com.st.stm32cube.ide.mcu.externaltools.gnu-tools-for-stm32.7-2018-q2-update.win32_1.4.0.202007081208/tools/bin/../lib/gcc/arm-none-eabi/7.3.1/../../../../arm-none-eabi/lib/thumb/v7-m\libc_nano.a(lib_a-nano-mallocr.o)
                0x0000000008005008                _malloc_r
 .text._realloc_r
                0x00000000080050bc       0x4c c:/st/stm32cubeide_1.4.0/stm32cubeide/plugins/com.st.stm32cube.ide.mcu.externaltools.gnu-tools-for-stm32.7-2018-q2-update.win32_1.4.0.202007081208/tools/bin/../lib/gcc/arm-none-eabi/7.3.1/../../../../arm-none-eabi/lib/thumb/v7-m\libc_nano.a(lib_a-nano-reallocr.o)
                0x00000000080050bc                _realloc_r
 .text._sbrk_r  0x0000000008005108       0x20 c:/st/stm32cubeide_1.4.0/stm32cubeide/plugins/com.st.stm32cube.ide.mcu.externaltools.gnu-tools-for-stm32.7-2018-q2-update.win32_1.4.0.202007081208/tools/bin/../lib/gcc/arm-none-eabi/7.3.1/../../../../arm-none-eabi/lib/thumb/v7-m\libc_nano.a(lib_a-sbrkr.o)
                0x0000000008005108                _sbrk_r
 .text.__malloc_lock
                0x0000000008005128        0x2 c:/st/stm32cubeide_1.4.0/stm32cubeide/plugins/com.st.stm32cube.ide.mcu.externaltools.gnu-tools-for-stm32.7-2018-q2-update.win32_1.4.0.202007081208/tools/bin/../lib/gcc/arm-none-eabi/7.3.1/../../../../arm-none-eabi/lib/thumb/v7-m\libc_nano.a(lib_a-mlock.o)
                0x0000000008005128                __malloc_lock
 .text.__malloc_unlock
                0x000000000800512a        0x2 c:/st/stm32cubeide_1.4.0/stm32cubeide/plugins/com.st.stm32cube.ide.mcu.externaltools.gnu-tools-for-stm32.7-2018-q2-update.win32_1.4.0.202007081208/tools/bin/../lib/gcc/arm-none-eabi/7.3.1/../../../../arm-none-eabi/lib/thumb/v7-m\libc_nano.a(lib_a-mlock.o)
                0x000000000800512a                __malloc_unlock
 .text._malloc_usable_size_r
                0x000000000800512c       0x10 c:/st/stm32cubeide_1.4.0/stm32cubeide/plugins/com.st.stm32cube.ide.mcu.externaltools.gnu-tools-for-stm32.7-2018-q2-update.win32_1.4.0.202007081208/tools/bin/../lib/gcc/arm-none-eabi/7.3.1/../../../../arm-none-eabi/lib/thumb/v7-m\libc_nano.a(lib_a-nano-msizer.o)
                0x000000000800512c                _malloc_usable_size_r
 *(.glue_7)
 .glue_7        0x000000000800513c        0x0 linker stubs
 *(.glue_7t)
 .glue_7t       0x000000000800513c        0x0 linker stubs
 *(.eh_frame)
 .eh_frame      0x000000000800513c        0x0 c:/st/stm32cubeide_1.4.0/stm32cubeide/plugins/com.st.stm32cube.ide.mcu.externaltools.gnu-tools-for-stm32.7-2018-q2-update.win32_1.4.0.202007081208/tools/bin/../lib/gcc/arm-none-eabi/7.3.1/thumb/v7-m/crtbegin.o
 *(.init)
 .init          0x000000000800513c        0x4 c:/st/stm32cubeide_1.4.0/stm32cubeide/plugins/com.st.stm32cube.ide.mcu.externaltools.gnu-tools-for-stm32.7-2018-q2-update.win32_1.4.0.202007081208/tools/bin/../lib/gcc/arm-none-eabi/7.3.1/thumb/v7-m/crti.o
                0x000000000800513c                _init
 .init          0x0000000008005140        0x8 c:/st/stm32cubeide_1.4.0/stm32cubeide/plugins/com.st.stm32cube.ide.mcu.externaltools.gnu-tools-for-stm32.7-2018-q2-update.win32_1.4.0.202007081208/tools/bin/../lib/gcc/arm-none-eabi/7.3.1/thumb/v7-m/crtn.o
 *(.fini)
 .fini          0x0000000008005148        0x4 c:/st/stm32cubeide_1.4.0/stm32cubeide/plugins/com.st.stm32cube.ide.mcu.externaltools.gnu-tools-for-stm32.7-2018-q2-update.win32_1.4.0.202007081208/tools/bin/../lib/gcc/arm-none-eabi/7.3.1/thumb/v7-m/crti.o
                0x0000000008005148                _fini
 .fini          0x000000000800514c        0x8 c:/st/stm32cubeide_1.4.0/stm32cubeide/plugins/com.st.stm32cube.ide.mcu.externaltools.gnu-tools-for-stm32.7-2018-q2-update.win32_1.4.0.202007081208/tools/bin/../lib/gcc/arm-none-eabi/7.3.1/thumb/v7-m/crtn.o
                0x0000000008005154                . = ALIGN (0x4)
                0x0000000008005154                _etext = .

.vfp11_veneer   0x0000000008005154        0x0
 .vfp11_veneer  0x0000000008005154        0x0 linker stubs

.v4_bx          0x0000000008005154        0x0
 .v4_bx         0x0000000008005154        0x0 linker stubs

.iplt           0x0000000008005154        0x0
 .iplt          0x0000000008005154        0x0 c:/st/stm32cubeide_1.4.0/stm32cubeide/plugins/com.st.stm32cube.ide.mcu.externaltools.gnu-tools-for-stm32.7-2018-q2-update.win32_1.4.0.202007081208/tools/bin/../lib/gcc/arm-none-eabi/7.3.1/thumb/v7-m/crtbegin.o

.rodata         0x0000000008005154      0x33c
                0x0000000008005154                . = ALIGN (0x4)
 *(.rodata)
 .rodata        0x0000000008005154        0xf Core/Src/MQTTConnectClient.o
 *fill*         0x0000000008005163        0x1 
 .rodata        0x0000000008005164      0x147 Core/Src/MQTTSim800.o
 *fill*         0x00000000080052ab        0x1 
 .rodata        0x00000000080052ac       0x28 Core/Src/freertos.o
 .rodata        0x00000000080052d4       0x46 Core/Src/main.o
 *fill*         0x000000000800531a        0x2 
 .rodata        0x000000000800531c       0x12 Drivers/STM32F1xx_HAL_Driver/Src/stm32f1xx_hal_rcc.o
 *fill*         0x000000000800532e        0x2 
 .rodata        0x0000000008005330        0x5 Middlewares/Third_Party/FreeRTOS/Source/tasks.o
 *(.rodata*)
 *fill*         0x0000000008005335        0x3 
 .rodata.AHBPrescTable
                0x0000000008005338       0x10 Core/Src/system_stm32f1xx.o
                0x0000000008005338                AHBPrescTable
 .rodata.APBPrescTable
                0x0000000008005348        0x8 Core/Src/system_stm32f1xx.o
                0x0000000008005348                APBPrescTable
 .rodata._setlocale_r.str1.1
                0x0000000008005350        0x8 c:/st/stm32cubeide_1.4.0/stm32cubeide/plugins/com.st.stm32cube.ide.mcu.externaltools.gnu-tools-for-stm32.7-2018-q2-update.win32_1.4.0.202007081208/tools/bin/../lib/gcc/arm-none-eabi/7.3.1/../../../../arm-none-eabi/lib/thumb/v7-m\libc_nano.a(lib_a-locale.o)
                                          0x9 (size before relaxing)
 .rodata.str1.1
                0x0000000008005358        0x2 c:/st/stm32cubeide_1.4.0/stm32cubeide/plugins/com.st.stm32cube.ide.mcu.externaltools.gnu-tools-for-stm32.7-2018-q2-update.win32_1.4.0.202007081208/tools/bin/../lib/gcc/arm-none-eabi/7.3.1/../../../../arm-none-eabi/lib/thumb/v7-m\libc_nano.a(lib_a-locale.o)
 .rodata._svfprintf_r.str1.1
                0x000000000800535a       0x11 c:/st/stm32cubeide_1.4.0/stm32cubeide/plugins/com.st.stm32cube.ide.mcu.externaltools.gnu-tools-for-stm32.7-2018-q2-update.win32_1.4.0.202007081208/tools/bin/../lib/gcc/arm-none-eabi/7.3.1/../../../../arm-none-eabi/lib/thumb/v7-m\libc_nano.a(lib_a-nano-svfprintf.o)
 .rodata._printf_i.str1.1
                0x000000000800536b       0x22 c:/st/stm32cubeide_1.4.0/stm32cubeide/plugins/com.st.stm32cube.ide.mcu.externaltools.gnu-tools-for-stm32.7-2018-q2-update.win32_1.4.0.202007081208/tools/bin/../lib/gcc/arm-none-eabi/7.3.1/../../../../arm-none-eabi/lib/thumb/v7-m\libc_nano.a(lib_a-nano-vfprintf_i.o)
 .rodata._ctype_
                0x000000000800538d      0x101 c:/st/stm32cubeide_1.4.0/stm32cubeide/plugins/com.st.stm32cube.ide.mcu.externaltools.gnu-tools-for-stm32.7-2018-q2-update.win32_1.4.0.202007081208/tools/bin/../lib/gcc/arm-none-eabi/7.3.1/../../../../arm-none-eabi/lib/thumb/v7-m\libc_nano.a(lib_a-ctype_.o)
                0x000000000800538d                _ctype_
                0x0000000008005490                . = ALIGN (0x4)
 *fill*         0x000000000800548e        0x2 

.rel.dyn        0x0000000008005490        0x0
 .rel.iplt      0x0000000008005490        0x0 c:/st/stm32cubeide_1.4.0/stm32cubeide/plugins/com.st.stm32cube.ide.mcu.externaltools.gnu-tools-for-stm32.7-2018-q2-update.win32_1.4.0.202007081208/tools/bin/../lib/gcc/arm-none-eabi/7.3.1/thumb/v7-m/crtbegin.o

.ARM.extab      0x0000000008005490        0x0
                0x0000000008005490                . = ALIGN (0x4)
 *(.ARM.extab* .gnu.linkonce.armextab.*)
                0x0000000008005490                . = ALIGN (0x4)

.ARM            0x0000000008005490        0x0
                0x0000000008005490                . = ALIGN (0x4)
                0x0000000008005490                __exidx_start = .
 *(.ARM.exidx*)
                0x0000000008005490                __exidx_end = .
                0x0000000008005490                . = ALIGN (0x4)

.preinit_array  0x0000000008005490        0x0
                0x0000000008005490                . = ALIGN (0x4)
                0x0000000008005490                PROVIDE (__preinit_array_start = .)
 *(.preinit_array*)
                0x0000000008005490                PROVIDE (__preinit_array_end = .)
                0x0000000008005490                . = ALIGN (0x4)

.init_array     0x0000000008005490        0x4
                0x0000000008005490                . = ALIGN (0x4)
                0x0000000008005490                PROVIDE (__init_array_start = .)
 *(SORT_BY_NAME(.init_array.*))
 *(.init_array*)
 .init_array    0x0000000008005490        0x4 c:/st/stm32cubeide_1.4.0/stm32cubeide/plugins/com.st.stm32cube.ide.mcu.externaltools.gnu-tools-for-stm32.7-2018-q2-update.win32_1.4.0.202007081208/tools/bin/../lib/gcc/arm-none-eabi/7.3.1/thumb/v7-m/crtbegin.o
                0x0000000008005494                PROVIDE (__init_array_end = .)
                0x0000000008005494                . = ALIGN (0x4)

.fini_array     0x0000000008005494        0x4
                0x0000000008005494                . = ALIGN (0x4)
                [!provide]                        PROVIDE (__fini_array_start = .)
 *(SORT_BY_NAME(.fini_array.*))
 *(.fini_array*)
 .fini_array    0x0000000008005494        0x4 c:/st/stm32cubeide_1.4.0/stm32cubeide/plugins/com.st.stm32cube.ide.mcu.externaltools.gnu-tools-for-stm32.7-2018-q2-update.win32_1.4.0.202007081208/tools/bin/../lib/gcc/arm-none-eabi/7.3.1/thumb/v7-m/crtbegin.o
                [!provide]                        PROVIDE (__fini_array_end = .)
                0x0000000008005498                . = ALIGN (0x4)
                0x0000000008005498                _sidata = LOADADDR (.data)

.data           0x0000000020000000      0x1e0 load address 0x0000000008005498
                0x0000000020000000                . = ALIGN (0x4)
                0x0000000020000000                _sdata = .
 *(.data)
 *(.data*)
 .data.SystemCoreClock
                0x0000000020000000        0x4 Core/Src/system_stm32f1xx.o
                0x0000000020000000                SystemCoreClock
 .data.uwTickPrio
                0x0000000020000004        0x4 Drivers/STM32F1xx_HAL_Driver/Src/stm32f1xx_hal.o
                0x0000000020000004                uwTickPrio
 .data.uwTickFreq
                0x0000000020000008        0x1 Drivers/STM32F1xx_HAL_Driver/Src/stm32f1xx_hal.o
                0x0000000020000008                uwTickFreq
 *fill*         0x0000000020000009        0x3 
 .data.uxCriticalNesting
                0x000000002000000c        0x4 Middlewares/Third_Party/FreeRTOS/Source/portable/GCC/ARM_CM3/port.o
 .data._impure_ptr
                0x0000000020000010        0x4 c:/st/stm32cubeide_1.4.0/stm32cubeide/plugins/com.st.stm32cube.ide.mcu.externaltools.gnu-tools-for-stm32.7-2018-q2-update.win32_1.4.0.202007081208/tools/bin/../lib/gcc/arm-none-eabi/7.3.1/../../../../arm-none-eabi/lib/thumb/v7-m\libc_nano.a(lib_a-impure.o)
                0x0000000020000010                _impure_ptr
 .data.impure_data
                0x0000000020000014       0x60 c:/st/stm32cubeide_1.4.0/stm32cubeide/plugins/com.st.stm32cube.ide.mcu.externaltools.gnu-tools-for-stm32.7-2018-q2-update.win32_1.4.0.202007081208/tools/bin/../lib/gcc/arm-none-eabi/7.3.1/../../../../arm-none-eabi/lib/thumb/v7-m\libc_nano.a(lib_a-impure.o)
 .data.__global_locale
                0x0000000020000074      0x16c c:/st/stm32cubeide_1.4.0/stm32cubeide/plugins/com.st.stm32cube.ide.mcu.externaltools.gnu-tools-for-stm32.7-2018-q2-update.win32_1.4.0.202007081208/tools/bin/../lib/gcc/arm-none-eabi/7.3.1/../../../../arm-none-eabi/lib/thumb/v7-m\libc_nano.a(lib_a-locale.o)
                0x0000000020000074                __global_locale
                0x00000000200001e0                . = ALIGN (0x4)
                0x00000000200001e0                _edata = .

.igot.plt       0x00000000200001e0        0x0 load address 0x0000000008005678
 .igot.plt      0x00000000200001e0        0x0 c:/st/stm32cubeide_1.4.0/stm32cubeide/plugins/com.st.stm32cube.ide.mcu.externaltools.gnu-tools-for-stm32.7-2018-q2-update.win32_1.4.0.202007081208/tools/bin/../lib/gcc/arm-none-eabi/7.3.1/thumb/v7-m/crtbegin.o
                0x00000000200001e0                . = ALIGN (0x4)

.bss            0x00000000200001e0     0x1c90 load address 0x0000000008005678
                0x00000000200001e0                _sbss = .
                0x00000000200001e0                __bss_start__ = _sbss
 *(.bss)
 .bss           0x00000000200001e0       0x1c c:/st/stm32cubeide_1.4.0/stm32cubeide/plugins/com.st.stm32cube.ide.mcu.externaltools.gnu-tools-for-stm32.7-2018-q2-update.win32_1.4.0.202007081208/tools/bin/../lib/gcc/arm-none-eabi/7.3.1/thumb/v7-m/crtbegin.o
 *(.bss*)
 .bss.bufptr    0x00000000200001fc        0x4 Core/Src/MQTTPacket.o
 .bss.rx_data   0x0000000020000200        0x1 Core/Src/MQTTSim800.o
                0x0000000020000200                rx_data
 *fill*         0x0000000020000201        0x3 
 .bss.rx_buffer
                0x0000000020000204      0x5b4 Core/Src/MQTTSim800.o
                0x0000000020000204                rx_buffer
 .bss.rx_index  0x00000000200007b8        0x2 Core/Src/MQTTSim800.o
                0x00000000200007b8                rx_index
 .bss.mqtt_receive
                0x00000000200007ba        0x1 Core/Src/MQTTSim800.o
                0x00000000200007ba                mqtt_receive
 *fill*         0x00000000200007bb        0x1 
 .bss.mqtt_buffer
                0x00000000200007bc      0x5b4 Core/Src/MQTTSim800.o
                0x00000000200007bc                mqtt_buffer
 .bss.mqtt_index
                0x0000000020000d70        0x2 Core/Src/MQTTSim800.o
                0x0000000020000d70                mqtt_index
 *fill*         0x0000000020000d72        0x2 
 .bss.xIdleTaskTCBBuffer
                0x0000000020000d74       0x54 Core/Src/freertos.o
 .bss.xIdleStack
                0x0000000020000dc8      0x200 Core/Src/freertos.o
 .bss.__sbrk_heap_end
                0x0000000020000fc8        0x4 Core/Src/sysmem.o
 .bss.pxCurrentTCB
                0x0000000020000fcc        0x4 Middlewares/Third_Party/FreeRTOS/Source/tasks.o
                0x0000000020000fcc                pxCurrentTCB
 .bss.pxReadyTasksLists
                0x0000000020000fd0       0x8c Middlewares/Third_Party/FreeRTOS/Source/tasks.o
 .bss.xDelayedTaskList1
                0x000000002000105c       0x14 Middlewares/Third_Party/FreeRTOS/Source/tasks.o
 .bss.xDelayedTaskList2
                0x0000000020001070       0x14 Middlewares/Third_Party/FreeRTOS/Source/tasks.o
 .bss.pxDelayedTaskList
                0x0000000020001084        0x4 Middlewares/Third_Party/FreeRTOS/Source/tasks.o
 .bss.pxOverflowDelayedTaskList
                0x0000000020001088        0x4 Middlewares/Third_Party/FreeRTOS/Source/tasks.o
 .bss.xPendingReadyList
                0x000000002000108c       0x14 Middlewares/Third_Party/FreeRTOS/Source/tasks.o
 .bss.xTasksWaitingTermination
                0x00000000200010a0       0x14 Middlewares/Third_Party/FreeRTOS/Source/tasks.o
 .bss.uxDeletedTasksWaitingCleanUp
                0x00000000200010b4        0x4 Middlewares/Third_Party/FreeRTOS/Source/tasks.o
 .bss.xSuspendedTaskList
                0x00000000200010b8       0x14 Middlewares/Third_Party/FreeRTOS/Source/tasks.o
 .bss.uxCurrentNumberOfTasks
                0x00000000200010cc        0x4 Middlewares/Third_Party/FreeRTOS/Source/tasks.o
 .bss.xTickCount
                0x00000000200010d0        0x4 Middlewares/Third_Party/FreeRTOS/Source/tasks.o
 .bss.uxTopReadyPriority
                0x00000000200010d4        0x4 Middlewares/Third_Party/FreeRTOS/Source/tasks.o
 .bss.xSchedulerRunning
                0x00000000200010d8        0x4 Middlewares/Third_Party/FreeRTOS/Source/tasks.o
 .bss.uxPendedTicks
                0x00000000200010dc        0x4 Middlewares/Third_Party/FreeRTOS/Source/tasks.o
 .bss.xYieldPending
                0x00000000200010e0        0x4 Middlewares/Third_Party/FreeRTOS/Source/tasks.o
 .bss.xNumOfOverflows
                0x00000000200010e4        0x4 Middlewares/Third_Party/FreeRTOS/Source/tasks.o
 .bss.uxTaskNumber
                0x00000000200010e8        0x4 Middlewares/Third_Party/FreeRTOS/Source/tasks.o
 .bss.xNextTaskUnblockTime
                0x00000000200010ec        0x4 Middlewares/Third_Party/FreeRTOS/Source/tasks.o
 .bss.xIdleTaskHandle
                0x00000000200010f0        0x4 Middlewares/Third_Party/FreeRTOS/Source/tasks.o
 .bss.uxSchedulerSuspended
                0x00000000200010f4        0x4 Middlewares/Third_Party/FreeRTOS/Source/tasks.o
 .bss.ucMaxSysCallPriority
                0x00000000200010f8        0x1 Middlewares/Third_Party/FreeRTOS/Source/portable/GCC/ARM_CM3/port.o
 *fill*         0x00000000200010f9        0x3 
 .bss.ulMaxPRIGROUPValue
                0x00000000200010fc        0x4 Middlewares/Third_Party/FreeRTOS/Source/portable/GCC/ARM_CM3/port.o
 .bss.ucHeap    0x0000000020001100      0xc00 Middlewares/Third_Party/FreeRTOS/Source/portable/MemMang/heap_4.o
 .bss.xStart    0x0000000020001d00        0x8 Middlewares/Third_Party/FreeRTOS/Source/portable/MemMang/heap_4.o
 .bss.pxEnd     0x0000000020001d08        0x4 Middlewares/Third_Party/FreeRTOS/Source/portable/MemMang/heap_4.o
 .bss.xFreeBytesRemaining
                0x0000000020001d0c        0x4 Middlewares/Third_Party/FreeRTOS/Source/portable/MemMang/heap_4.o
 .bss.xMinimumEverFreeBytesRemaining
                0x0000000020001d10        0x4 Middlewares/Third_Party/FreeRTOS/Source/portable/MemMang/heap_4.o
 .bss.xBlockAllocatedBit
                0x0000000020001d14        0x4 Middlewares/Third_Party/FreeRTOS/Source/portable/MemMang/heap_4.o
 .bss.__malloc_free_list
                0x0000000020001d18        0x4 c:/st/stm32cubeide_1.4.0/stm32cubeide/plugins/com.st.stm32cube.ide.mcu.externaltools.gnu-tools-for-stm32.7-2018-q2-update.win32_1.4.0.202007081208/tools/bin/../lib/gcc/arm-none-eabi/7.3.1/../../../../arm-none-eabi/lib/thumb/v7-m\libc_nano.a(lib_a-nano-mallocr.o)
                0x0000000020001d18                __malloc_free_list
 .bss.__malloc_sbrk_start
                0x0000000020001d1c        0x4 c:/st/stm32cubeide_1.4.0/stm32cubeide/plugins/com.st.stm32cube.ide.mcu.externaltools.gnu-tools-for-stm32.7-2018-q2-update.win32_1.4.0.202007081208/tools/bin/../lib/gcc/arm-none-eabi/7.3.1/../../../../arm-none-eabi/lib/thumb/v7-m\libc_nano.a(lib_a-nano-mallocr.o)
                0x0000000020001d1c                __malloc_sbrk_start
 *(COMMON)
 COMMON         0x0000000020001d20        0x4 Core/Src/freertos.o
                0x0000000020001d20                defaultTaskHandle
 COMMON         0x0000000020001d24       0xb8 Core/Src/main.o
                0x0000000020001d24                SIM800
 COMMON         0x0000000020001ddc       0x48 Core/Src/stm32f1xx_hal_timebase_tim.o
                0x0000000020001ddc                htim1
 COMMON         0x0000000020001e24       0x44 Core/Src/usart.o
                0x0000000020001e24                huart2
 COMMON         0x0000000020001e68        0x4 Drivers/STM32F1xx_HAL_Driver/Src/stm32f1xx_hal.o
                0x0000000020001e68                uwTick
 COMMON         0x0000000020001e6c        0x4 c:/st/stm32cubeide_1.4.0/stm32cubeide/plugins/com.st.stm32cube.ide.mcu.externaltools.gnu-tools-for-stm32.7-2018-q2-update.win32_1.4.0.202007081208/tools/bin/../lib/gcc/arm-none-eabi/7.3.1/../../../../arm-none-eabi/lib/thumb/v7-m\libc_nano.a(lib_a-reent.o)
                0x0000000020001e6c                errno
                0x0000000020001e70                . = ALIGN (0x4)
                0x0000000020001e70                _ebss = .
                0x0000000020001e70                __bss_end__ = _ebss

._user_heap_stack
                0x0000000020001e70      0x600 load address 0x0000000008005678
                0x0000000020001e70                . = ALIGN (0x8)
                [!provide]                        PROVIDE (end = .)
                0x0000000020001e70                PROVIDE (_end = .)
                0x0000000020002070                . = (. + _Min_Heap_Size)
 *fill*         0x0000000020001e70      0x200 
                0x0000000020002470                . = (. + _Min_Stack_Size)
 *fill*         0x0000000020002070      0x400 
                0x0000000020002470                . = ALIGN (0x8)

/DISCARD/
 libc.a(*)
 libm.a(*)
 libgcc.a(*)

.ARM.attributes
                0x0000000000000000       0x29
 *(.ARM.attributes)
 .ARM.attributes
                0x0000000000000000       0x1d c:/st/stm32cubeide_1.4.0/stm32cubeide/plugins/com.st.stm32cube.ide.mcu.externaltools.gnu-tools-for-stm32.7-2018-q2-update.win32_1.4.0.202007081208/tools/bin/../lib/gcc/arm-none-eabi/7.3.1/thumb/v7-m/crti.o
 .ARM.attributes
                0x000000000000001d       0x2d c:/st/stm32cubeide_1.4.0/stm32cubeide/plugins/com.st.stm32cube.ide.mcu.externaltools.gnu-tools-for-stm32.7-2018-q2-update.win32_1.4.0.202007081208/tools/bin/../lib/gcc/arm-none-eabi/7.3.1/thumb/v7-m/crtbegin.o
 .ARM.attributes
                0x000000000000004a       0x33 Core/Src/MQTTConnectClient.o
 .ARM.attributes
                0x000000000000007d       0x33 Core/Src/MQTTDeserializePublish.o
 .ARM.attributes
                0x00000000000000b0       0x33 Core/Src/MQTTPacket.o
 .ARM.attributes
                0x00000000000000e3       0x33 Core/Src/MQTTSerializePublish.o
 .ARM.attributes
                0x0000000000000116       0x33 Core/Src/MQTTSim800.o
 .ARM.attributes
                0x0000000000000149       0x33 Core/Src/MQTTSubscribeClient.o
 .ARM.attributes
                0x000000000000017c       0x33 Core/Src/freertos.o
 .ARM.attributes
                0x00000000000001af       0x33 Core/Src/gpio.o
 .ARM.attributes
                0x00000000000001e2       0x33 Core/Src/main.o
 .ARM.attributes
                0x0000000000000215       0x33 Core/Src/stm32f1xx_hal_msp.o
 .ARM.attributes
                0x0000000000000248       0x33 Core/Src/stm32f1xx_hal_timebase_tim.o
 .ARM.attributes
                0x000000000000027b       0x33 Core/Src/stm32f1xx_it.o
 .ARM.attributes
                0x00000000000002ae       0x33 Core/Src/sysmem.o
 .ARM.attributes
                0x00000000000002e1       0x33 Core/Src/system_stm32f1xx.o
 .ARM.attributes
                0x0000000000000314       0x33 Core/Src/usart.o
 .ARM.attributes
                0x0000000000000347       0x21 Core/Startup/startup_stm32f103c8tx.o
 .ARM.attributes
                0x0000000000000368       0x33 Drivers/STM32F1xx_HAL_Driver/Src/stm32f1xx_hal.o
 .ARM.attributes
                0x000000000000039b       0x33 Drivers/STM32F1xx_HAL_Driver/Src/stm32f1xx_hal_cortex.o
 .ARM.attributes
                0x00000000000003ce       0x33 Drivers/STM32F1xx_HAL_Driver/Src/stm32f1xx_hal_dma.o
 .ARM.attributes
                0x0000000000000401       0x33 Drivers/STM32F1xx_HAL_Driver/Src/stm32f1xx_hal_gpio.o
 .ARM.attributes
                0x0000000000000434       0x33 Drivers/STM32F1xx_HAL_Driver/Src/stm32f1xx_hal_rcc.o
 .ARM.attributes
                0x0000000000000467       0x33 Drivers/STM32F1xx_HAL_Driver/Src/stm32f1xx_hal_tim.o
 .ARM.attributes
                0x000000000000049a       0x33 Drivers/STM32F1xx_HAL_Driver/Src/stm32f1xx_hal_tim_ex.o
 .ARM.attributes
                0x00000000000004cd       0x33 Drivers/STM32F1xx_HAL_Driver/Src/stm32f1xx_hal_uart.o
 .ARM.attributes
                0x0000000000000500       0x33 Middlewares/Third_Party/FreeRTOS/Source/CMSIS_RTOS/cmsis_os.o
 .ARM.attributes
                0x0000000000000533       0x33 Middlewares/Third_Party/FreeRTOS/Source/list.o
 .ARM.attributes
                0x0000000000000566       0x33 Middlewares/Third_Party/FreeRTOS/Source/tasks.o
 .ARM.attributes
                0x0000000000000599       0x33 Middlewares/Third_Party/FreeRTOS/Source/portable/GCC/ARM_CM3/port.o
 .ARM.attributes
                0x00000000000005cc       0x33 Middlewares/Third_Party/FreeRTOS/Source/portable/MemMang/heap_4.o
 .ARM.attributes
                0x00000000000005ff       0x2d c:/st/stm32cubeide_1.4.0/stm32cubeide/plugins/com.st.stm32cube.ide.mcu.externaltools.gnu-tools-for-stm32.7-2018-q2-update.win32_1.4.0.202007081208/tools/bin/../lib/gcc/arm-none-eabi/7.3.1/../../../../arm-none-eabi/lib/thumb/v7-m\libc_nano.a(lib_a-atoi.o)
 .ARM.attributes
                0x000000000000062c       0x2d c:/st/stm32cubeide_1.4.0/stm32cubeide/plugins/com.st.stm32cube.ide.mcu.externaltools.gnu-tools-for-stm32.7-2018-q2-update.win32_1.4.0.202007081208/tools/bin/../lib/gcc/arm-none-eabi/7.3.1/../../../../arm-none-eabi/lib/thumb/v7-m\libc_nano.a(lib_a-errno.o)
 .ARM.attributes
                0x0000000000000659       0x2d c:/st/stm32cubeide_1.4.0/stm32cubeide/plugins/com.st.stm32cube.ide.mcu.externaltools.gnu-tools-for-stm32.7-2018-q2-update.win32_1.4.0.202007081208/tools/bin/../lib/gcc/arm-none-eabi/7.3.1/../../../../arm-none-eabi/lib/thumb/v7-m\libc_nano.a(lib_a-impure.o)
 .ARM.attributes
                0x0000000000000686       0x2d c:/st/stm32cubeide_1.4.0/stm32cubeide/plugins/com.st.stm32cube.ide.mcu.externaltools.gnu-tools-for-stm32.7-2018-q2-update.win32_1.4.0.202007081208/tools/bin/../lib/gcc/arm-none-eabi/7.3.1/../../../../arm-none-eabi/lib/thumb/v7-m\libc_nano.a(lib_a-init.o)
 .ARM.attributes
                0x00000000000006b3       0x2d c:/st/stm32cubeide_1.4.0/stm32cubeide/plugins/com.st.stm32cube.ide.mcu.externaltools.gnu-tools-for-stm32.7-2018-q2-update.win32_1.4.0.202007081208/tools/bin/../lib/gcc/arm-none-eabi/7.3.1/../../../../arm-none-eabi/lib/thumb/v7-m\libc_nano.a(lib_a-memcpy-stub.o)
 .ARM.attributes
                0x00000000000006e0       0x2d c:/st/stm32cubeide_1.4.0/stm32cubeide/plugins/com.st.stm32cube.ide.mcu.externaltools.gnu-tools-for-stm32.7-2018-q2-update.win32_1.4.0.202007081208/tools/bin/../lib/gcc/arm-none-eabi/7.3.1/../../../../arm-none-eabi/lib/thumb/v7-m\libc_nano.a(lib_a-memset.o)
 .ARM.attributes
                0x000000000000070d       0x2d c:/st/stm32cubeide_1.4.0/stm32cubeide/plugins/com.st.stm32cube.ide.mcu.externaltools.gnu-tools-for-stm32.7-2018-q2-update.win32_1.4.0.202007081208/tools/bin/../lib/gcc/arm-none-eabi/7.3.1/../../../../arm-none-eabi/lib/thumb/v7-m\libc_nano.a(lib_a-snprintf.o)
 .ARM.attributes
                0x000000000000073a       0x2d c:/st/stm32cubeide_1.4.0/stm32cubeide/plugins/com.st.stm32cube.ide.mcu.externaltools.gnu-tools-for-stm32.7-2018-q2-update.win32_1.4.0.202007081208/tools/bin/../lib/gcc/arm-none-eabi/7.3.1/../../../../arm-none-eabi/lib/thumb/v7-m\libc_nano.a(lib_a-sprintf.o)
 .ARM.attributes
                0x0000000000000767       0x17 c:/st/stm32cubeide_1.4.0/stm32cubeide/plugins/com.st.stm32cube.ide.mcu.externaltools.gnu-tools-for-stm32.7-2018-q2-update.win32_1.4.0.202007081208/tools/bin/../lib/gcc/arm-none-eabi/7.3.1/../../../../arm-none-eabi/lib/thumb/v7-m\libc_nano.a(lib_a-strlen.o)
 .ARM.attributes
                0x000000000000077e       0x2d c:/st/stm32cubeide_1.4.0/stm32cubeide/plugins/com.st.stm32cube.ide.mcu.externaltools.gnu-tools-for-stm32.7-2018-q2-update.win32_1.4.0.202007081208/tools/bin/../lib/gcc/arm-none-eabi/7.3.1/../../../../arm-none-eabi/lib/thumb/v7-m\libc_nano.a(lib_a-strstr.o)
 .ARM.attributes
                0x00000000000007ab       0x2d c:/st/stm32cubeide_1.4.0/stm32cubeide/plugins/com.st.stm32cube.ide.mcu.externaltools.gnu-tools-for-stm32.7-2018-q2-update.win32_1.4.0.202007081208/tools/bin/../lib/gcc/arm-none-eabi/7.3.1/../../../../arm-none-eabi/lib/thumb/v7-m\libc_nano.a(lib_a-strtol.o)
 .ARM.attributes
                0x00000000000007d8       0x2d c:/st/stm32cubeide_1.4.0/stm32cubeide/plugins/com.st.stm32cube.ide.mcu.externaltools.gnu-tools-for-stm32.7-2018-q2-update.win32_1.4.0.202007081208/tools/bin/../lib/gcc/arm-none-eabi/7.3.1/../../../../arm-none-eabi/lib/thumb/v7-m\libc_nano.a(lib_a-locale.o)
 .ARM.attributes
                0x0000000000000805       0x2d c:/st/stm32cubeide_1.4.0/stm32cubeide/plugins/com.st.stm32cube.ide.mcu.externaltools.gnu-tools-for-stm32.7-2018-q2-update.win32_1.4.0.202007081208/tools/bin/../lib/gcc/arm-none-eabi/7.3.1/../../../../arm-none-eabi/lib/thumb/v7-m\libc_nano.a(lib_a-mbtowc_r.o)
 .ARM.attributes
                0x0000000000000832       0x2d c:/st/stm32cubeide_1.4.0/stm32cubeide/plugins/com.st.stm32cube.ide.mcu.externaltools.gnu-tools-for-stm32.7-2018-q2-update.win32_1.4.0.202007081208/tools/bin/../lib/gcc/arm-none-eabi/7.3.1/../../../../arm-none-eabi/lib/thumb/v7-m\libc_nano.a(lib_a-nano-svfprintf.o)
 .ARM.attributes
                0x000000000000085f       0x2d c:/st/stm32cubeide_1.4.0/stm32cubeide/plugins/com.st.stm32cube.ide.mcu.externaltools.gnu-tools-for-stm32.7-2018-q2-update.win32_1.4.0.202007081208/tools/bin/../lib/gcc/arm-none-eabi/7.3.1/../../../../arm-none-eabi/lib/thumb/v7-m\libc_nano.a(lib_a-nano-vfprintf_i.o)
 .ARM.attributes
                0x000000000000088c       0x2d c:/st/stm32cubeide_1.4.0/stm32cubeide/plugins/com.st.stm32cube.ide.mcu.externaltools.gnu-tools-for-stm32.7-2018-q2-update.win32_1.4.0.202007081208/tools/bin/../lib/gcc/arm-none-eabi/7.3.1/../../../../arm-none-eabi/lib/thumb/v7-m\libc_nano.a(lib_a-wctomb_r.o)
 .ARM.attributes
                0x00000000000008b9       0x2d c:/st/stm32cubeide_1.4.0/stm32cubeide/plugins/com.st.stm32cube.ide.mcu.externaltools.gnu-tools-for-stm32.7-2018-q2-update.win32_1.4.0.202007081208/tools/bin/../lib/gcc/arm-none-eabi/7.3.1/../../../../arm-none-eabi/lib/thumb/v7-m\libc_nano.a(lib_a-ctype_.o)
 .ARM.attributes
                0x00000000000008e6       0x2d c:/st/stm32cubeide_1.4.0/stm32cubeide/plugins/com.st.stm32cube.ide.mcu.externaltools.gnu-tools-for-stm32.7-2018-q2-update.win32_1.4.0.202007081208/tools/bin/../lib/gcc/arm-none-eabi/7.3.1/../../../../arm-none-eabi/lib/thumb/v7-m\libc_nano.a(lib_a-memchr-stub.o)
 .ARM.attributes
                0x0000000000000913       0x2d c:/st/stm32cubeide_1.4.0/stm32cubeide/plugins/com.st.stm32cube.ide.mcu.externaltools.gnu-tools-for-stm32.7-2018-q2-update.win32_1.4.0.202007081208/tools/bin/../lib/gcc/arm-none-eabi/7.3.1/../../../../arm-none-eabi/lib/thumb/v7-m\libc_nano.a(lib_a-memmove.o)
 .ARM.attributes
                0x0000000000000940       0x2d c:/st/stm32cubeide_1.4.0/stm32cubeide/plugins/com.st.stm32cube.ide.mcu.externaltools.gnu-tools-for-stm32.7-2018-q2-update.win32_1.4.0.202007081208/tools/bin/../lib/gcc/arm-none-eabi/7.3.1/../../../../arm-none-eabi/lib/thumb/v7-m\libc_nano.a(lib_a-nano-freer.o)
 .ARM.attributes
                0x000000000000096d       0x2d c:/st/stm32cubeide_1.4.0/stm32cubeide/plugins/com.st.stm32cube.ide.mcu.externaltools.gnu-tools-for-stm32.7-2018-q2-update.win32_1.4.0.202007081208/tools/bin/../lib/gcc/arm-none-eabi/7.3.1/../../../../arm-none-eabi/lib/thumb/v7-m\libc_nano.a(lib_a-nano-mallocr.o)
 .ARM.attributes
                0x000000000000099a       0x2d c:/st/stm32cubeide_1.4.0/stm32cubeide/plugins/com.st.stm32cube.ide.mcu.externaltools.gnu-tools-for-stm32.7-2018-q2-update.win32_1.4.0.202007081208/tools/bin/../lib/gcc/arm-none-eabi/7.3.1/../../../../arm-none-eabi/lib/thumb/v7-m\libc_nano.a(lib_a-nano-reallocr.o)
 .ARM.attributes
                0x00000000000009c7       0x2d c:/st/stm32cubeide_1.4.0/stm32cubeide/plugins/com.st.stm32cube.ide.mcu.externaltools.gnu-tools-for-stm32.7-2018-q2-update.win32_1.4.0.202007081208/tools/bin/../lib/gcc/arm-none-eabi/7.3.1/../../../../arm-none-eabi/lib/thumb/v7-m\libc_nano.a(lib_a-sbrkr.o)
 .ARM.attributes
                0x00000000000009f4       0x2d c:/st/stm32cubeide_1.4.0/stm32cubeide/plugins/com.st.stm32cube.ide.mcu.externaltools.gnu-tools-for-stm32.7-2018-q2-update.win32_1.4.0.202007081208/tools/bin/../lib/gcc/arm-none-eabi/7.3.1/../../../../arm-none-eabi/lib/thumb/v7-m\libc_nano.a(lib_a-mlock.o)
 .ARM.attributes
                0x0000000000000a21       0x2d c:/st/stm32cubeide_1.4.0/stm32cubeide/plugins/com.st.stm32cube.ide.mcu.externaltools.gnu-tools-for-stm32.7-2018-q2-update.win32_1.4.0.202007081208/tools/bin/../lib/gcc/arm-none-eabi/7.3.1/../../../../arm-none-eabi/lib/thumb/v7-m\libc_nano.a(lib_a-nano-msizer.o)
 .ARM.attributes
                0x0000000000000a4e       0x2d c:/st/stm32cubeide_1.4.0/stm32cubeide/plugins/com.st.stm32cube.ide.mcu.externaltools.gnu-tools-for-stm32.7-2018-q2-update.win32_1.4.0.202007081208/tools/bin/../lib/gcc/arm-none-eabi/7.3.1/../../../../arm-none-eabi/lib/thumb/v7-m\libc_nano.a(lib_a-reent.o)
 .ARM.attributes
                0x0000000000000a7b       0x1d c:/st/stm32cubeide_1.4.0/stm32cubeide/plugins/com.st.stm32cube.ide.mcu.externaltools.gnu-tools-for-stm32.7-2018-q2-update.win32_1.4.0.202007081208/tools/bin/../lib/gcc/arm-none-eabi/7.3.1/thumb/v7-m/crtn.o
OUTPUT(SIM800L.elf elf32-littlearm)

.debug_info     0x0000000000000000    0x16bff
 .debug_info    0x0000000000000000      0xe10 Core/Src/MQTTConnectClient.o
 .debug_info    0x0000000000000e10      0xb66 Core/Src/MQTTDeserializePublish.o
 .debug_info    0x0000000000001976      0xf82 Core/Src/MQTTPacket.o
 .debug_info    0x00000000000028f8      0xc70 Core/Src/MQTTSerializePublish.o
 .debug_info    0x0000000000003568     0x1513 Core/Src/MQTTSim800.o
 .debug_info    0x0000000000004a7b      0xbc0 Core/Src/MQTTSubscribeClient.o
 .debug_info    0x000000000000563b      0x4b1 Core/Src/freertos.o
 .debug_info    0x0000000000005aec      0x232 Core/Src/gpio.o
 .debug_info    0x0000000000005d1e      0xc5a Core/Src/main.o
 .debug_info    0x0000000000006978      0x2d6 Core/Src/stm32f1xx_hal_msp.o
 .debug_info    0x0000000000006c4e      0x993 Core/Src/stm32f1xx_hal_timebase_tim.o
 .debug_info    0x00000000000075e1      0x966 Core/Src/stm32f1xx_it.o
 .debug_info    0x0000000000007f47      0x985 Core/Src/sysmem.o
 .debug_info    0x00000000000088cc      0x29a Core/Src/system_stm32f1xx.o
 .debug_info    0x0000000000008b66      0x915 Core/Src/usart.o
 .debug_info    0x000000000000947b       0x22 Core/Startup/startup_stm32f103c8tx.o
 .debug_info    0x000000000000949d      0x714 Drivers/STM32F1xx_HAL_Driver/Src/stm32f1xx_hal.o
 .debug_info    0x0000000000009bb1      0xb51 Drivers/STM32F1xx_HAL_Driver/Src/stm32f1xx_hal_cortex.o
 .debug_info    0x000000000000a702      0x7b1 Drivers/STM32F1xx_HAL_Driver/Src/stm32f1xx_hal_dma.o
 .debug_info    0x000000000000aeb3      0x69b Drivers/STM32F1xx_HAL_Driver/Src/stm32f1xx_hal_gpio.o
 .debug_info    0x000000000000b54e      0x80f Drivers/STM32F1xx_HAL_Driver/Src/stm32f1xx_hal_rcc.o
 .debug_info    0x000000000000bd5d     0x27f1 Drivers/STM32F1xx_HAL_Driver/Src/stm32f1xx_hal_tim.o
 .debug_info    0x000000000000e54e     0x13ab Drivers/STM32F1xx_HAL_Driver/Src/stm32f1xx_hal_tim_ex.o
 .debug_info    0x000000000000f8f9     0x14ec Drivers/STM32F1xx_HAL_Driver/Src/stm32f1xx_hal_uart.o
 .debug_info    0x0000000000010de5     0x1e5d Middlewares/Third_Party/FreeRTOS/Source/CMSIS_RTOS/cmsis_os.o
 .debug_info    0x0000000000012c42      0xac5 Middlewares/Third_Party/FreeRTOS/Source/list.o
 .debug_info    0x0000000000013707     0x243c Middlewares/Third_Party/FreeRTOS/Source/tasks.o
 .debug_info    0x0000000000015b43      0x4d2 Middlewares/Third_Party/FreeRTOS/Source/portable/GCC/ARM_CM3/port.o
 .debug_info    0x0000000000016015      0xbea Middlewares/Third_Party/FreeRTOS/Source/portable/MemMang/heap_4.o

.debug_abbrev   0x0000000000000000     0x392e
 .debug_abbrev  0x0000000000000000      0x226 Core/Src/MQTTConnectClient.o
 .debug_abbrev  0x0000000000000226      0x1f6 Core/Src/MQTTDeserializePublish.o
 .debug_abbrev  0x000000000000041c      0x2f8 Core/Src/MQTTPacket.o
 .debug_abbrev  0x0000000000000714      0x219 Core/Src/MQTTSerializePublish.o
 .debug_abbrev  0x000000000000092d      0x27e Core/Src/MQTTSim800.o
 .debug_abbrev  0x0000000000000bab      0x219 Core/Src/MQTTSubscribeClient.o
 .debug_abbrev  0x0000000000000dc4      0x152 Core/Src/freertos.o
 .debug_abbrev  0x0000000000000f16       0xfe Core/Src/gpio.o
 .debug_abbrev  0x0000000000001014      0x1e4 Core/Src/main.o
 .debug_abbrev  0x00000000000011f8      0x109 Core/Src/stm32f1xx_hal_msp.o
 .debug_abbrev  0x0000000000001301      0x19d Core/Src/stm32f1xx_hal_timebase_tim.o
 .debug_abbrev  0x000000000000149e      0x18a Core/Src/stm32f1xx_it.o
 .debug_abbrev  0x0000000000001628      0x19b Core/Src/sysmem.o
 .debug_abbrev  0x00000000000017c3      0x134 Core/Src/system_stm32f1xx.o
 .debug_abbrev  0x00000000000018f7      0x1a2 Core/Src/usart.o
 .debug_abbrev  0x0000000000001a99       0x12 Core/Startup/startup_stm32f103c8tx.o
 .debug_abbrev  0x0000000000001aab      0x1c7 Drivers/STM32F1xx_HAL_Driver/Src/stm32f1xx_hal.o
 .debug_abbrev  0x0000000000001c72      0x2d5 Drivers/STM32F1xx_HAL_Driver/Src/stm32f1xx_hal_cortex.o
 .debug_abbrev  0x0000000000001f47      0x1fe Drivers/STM32F1xx_HAL_Driver/Src/stm32f1xx_hal_dma.o
 .debug_abbrev  0x0000000000002145      0x1c0 Drivers/STM32F1xx_HAL_Driver/Src/stm32f1xx_hal_gpio.o
 .debug_abbrev  0x0000000000002305      0x243 Drivers/STM32F1xx_HAL_Driver/Src/stm32f1xx_hal_rcc.o
 .debug_abbrev  0x0000000000002548      0x230 Drivers/STM32F1xx_HAL_Driver/Src/stm32f1xx_hal_tim.o
 .debug_abbrev  0x0000000000002778      0x236 Drivers/STM32F1xx_HAL_Driver/Src/stm32f1xx_hal_tim_ex.o
 .debug_abbrev  0x00000000000029ae      0x25d Drivers/STM32F1xx_HAL_Driver/Src/stm32f1xx_hal_uart.o
 .debug_abbrev  0x0000000000002c0b      0x379 Middlewares/Third_Party/FreeRTOS/Source/CMSIS_RTOS/cmsis_os.o
 .debug_abbrev  0x0000000000002f84      0x1cf Middlewares/Third_Party/FreeRTOS/Source/list.o
 .debug_abbrev  0x0000000000003153      0x338 Middlewares/Third_Party/FreeRTOS/Source/tasks.o
 .debug_abbrev  0x000000000000348b      0x205 Middlewares/Third_Party/FreeRTOS/Source/portable/GCC/ARM_CM3/port.o
 .debug_abbrev  0x0000000000003690      0x29e Middlewares/Third_Party/FreeRTOS/Source/portable/MemMang/heap_4.o

.debug_aranges  0x0000000000000000     0x12f8
 .debug_aranges
                0x0000000000000000       0x48 Core/Src/MQTTConnectClient.o
 .debug_aranges
                0x0000000000000048       0x28 Core/Src/MQTTDeserializePublish.o
 .debug_aranges
                0x0000000000000070       0xa8 Core/Src/MQTTPacket.o
 .debug_aranges
                0x0000000000000118       0x48 Core/Src/MQTTSerializePublish.o
 .debug_aranges
                0x0000000000000160       0x90 Core/Src/MQTTSim800.o
 .debug_aranges
                0x00000000000001f0       0x30 Core/Src/MQTTSubscribeClient.o
 .debug_aranges
                0x0000000000000220       0x30 Core/Src/freertos.o
 .debug_aranges
                0x0000000000000250       0x20 Core/Src/gpio.o
 .debug_aranges
                0x0000000000000270       0x38 Core/Src/main.o
 .debug_aranges
                0x00000000000002a8       0x20 Core/Src/stm32f1xx_hal_msp.o
 .debug_aranges
                0x00000000000002c8       0x30 Core/Src/stm32f1xx_hal_timebase_tim.o
 .debug_aranges
                0x00000000000002f8       0x58 Core/Src/stm32f1xx_it.o
 .debug_aranges
                0x0000000000000350       0x20 Core/Src/sysmem.o
 .debug_aranges
                0x0000000000000370       0x28 Core/Src/system_stm32f1xx.o
 .debug_aranges
                0x0000000000000398       0x30 Core/Src/usart.o
 .debug_aranges
                0x00000000000003c8       0x28 Core/Startup/startup_stm32f103c8tx.o
 .debug_aranges
                0x00000000000003f0       0xe0 Drivers/STM32F1xx_HAL_Driver/Src/stm32f1xx_hal.o
 .debug_aranges
                0x00000000000004d0      0x100 Drivers/STM32F1xx_HAL_Driver/Src/stm32f1xx_hal_cortex.o
 .debug_aranges
                0x00000000000005d0       0x80 Drivers/STM32F1xx_HAL_Driver/Src/stm32f1xx_hal_dma.o
 .debug_aranges
                0x0000000000000650       0x58 Drivers/STM32F1xx_HAL_Driver/Src/stm32f1xx_hal_gpio.o
 .debug_aranges
                0x00000000000006a8       0x90 Drivers/STM32F1xx_HAL_Driver/Src/stm32f1xx_hal_rcc.o
 .debug_aranges
                0x0000000000000738      0x3d0 Drivers/STM32F1xx_HAL_Driver/Src/stm32f1xx_hal_tim.o
 .debug_aranges
                0x0000000000000b08      0x168 Drivers/STM32F1xx_HAL_Driver/Src/stm32f1xx_hal_tim_ex.o
 .debug_aranges
                0x0000000000000c70      0x200 Drivers/STM32F1xx_HAL_Driver/Src/stm32f1xx_hal_uart.o
 .debug_aranges
                0x0000000000000e70      0x1d8 Middlewares/Third_Party/FreeRTOS/Source/CMSIS_RTOS/cmsis_os.o
 .debug_aranges
                0x0000000000001048       0x40 Middlewares/Third_Party/FreeRTOS/Source/list.o
 .debug_aranges
                0x0000000000001088      0x1a8 Middlewares/Third_Party/FreeRTOS/Source/tasks.o
 .debug_aranges
                0x0000000000001230       0x78 Middlewares/Third_Party/FreeRTOS/Source/portable/GCC/ARM_CM3/port.o
 .debug_aranges
                0x00000000000012a8       0x50 Middlewares/Third_Party/FreeRTOS/Source/portable/MemMang/heap_4.o

.debug_ranges   0x0000000000000000     0x1190
 .debug_ranges  0x0000000000000000       0x38 Core/Src/MQTTConnectClient.o
 .debug_ranges  0x0000000000000038       0x18 Core/Src/MQTTDeserializePublish.o
 .debug_ranges  0x0000000000000050       0xc8 Core/Src/MQTTPacket.o
 .debug_ranges  0x0000000000000118       0x38 Core/Src/MQTTSerializePublish.o
 .debug_ranges  0x0000000000000150       0x80 Core/Src/MQTTSim800.o
 .debug_ranges  0x00000000000001d0       0x20 Core/Src/MQTTSubscribeClient.o
 .debug_ranges  0x00000000000001f0       0x20 Core/Src/freertos.o
 .debug_ranges  0x0000000000000210       0x10 Core/Src/gpio.o
 .debug_ranges  0x0000000000000220       0x28 Core/Src/main.o
 .debug_ranges  0x0000000000000248       0x10 Core/Src/stm32f1xx_hal_msp.o
 .debug_ranges  0x0000000000000258       0x20 Core/Src/stm32f1xx_hal_timebase_tim.o
 .debug_ranges  0x0000000000000278       0x48 Core/Src/stm32f1xx_it.o
 .debug_ranges  0x00000000000002c0       0x10 Core/Src/sysmem.o
 .debug_ranges  0x00000000000002d0       0x18 Core/Src/system_stm32f1xx.o
 .debug_ranges  0x00000000000002e8       0x20 Core/Src/usart.o
 .debug_ranges  0x0000000000000308       0x20 Core/Startup/startup_stm32f103c8tx.o
 .debug_ranges  0x0000000000000328       0xd0 Drivers/STM32F1xx_HAL_Driver/Src/stm32f1xx_hal.o
 .debug_ranges  0x00000000000003f8       0xf0 Drivers/STM32F1xx_HAL_Driver/Src/stm32f1xx_hal_cortex.o
 .debug_ranges  0x00000000000004e8       0x70 Drivers/STM32F1xx_HAL_Driver/Src/stm32f1xx_hal_dma.o
 .debug_ranges  0x0000000000000558       0x48 Drivers/STM32F1xx_HAL_Driver/Src/stm32f1xx_hal_gpio.o
 .debug_ranges  0x00000000000005a0       0x80 Drivers/STM32F1xx_HAL_Driver/Src/stm32f1xx_hal_rcc.o
 .debug_ranges  0x0000000000000620      0x3c0 Drivers/STM32F1xx_HAL_Driver/Src/stm32f1xx_hal_tim.o
 .debug_ranges  0x00000000000009e0      0x158 Drivers/STM32F1xx_HAL_Driver/Src/stm32f1xx_hal_tim_ex.o
 .debug_ranges  0x0000000000000b38      0x220 Drivers/STM32F1xx_HAL_Driver/Src/stm32f1xx_hal_uart.o
 .debug_ranges  0x0000000000000d58      0x1c8 Middlewares/Third_Party/FreeRTOS/Source/CMSIS_RTOS/cmsis_os.o
 .debug_ranges  0x0000000000000f20       0x30 Middlewares/Third_Party/FreeRTOS/Source/list.o
 .debug_ranges  0x0000000000000f50      0x198 Middlewares/Third_Party/FreeRTOS/Source/tasks.o
 .debug_ranges  0x00000000000010e8       0x68 Middlewares/Third_Party/FreeRTOS/Source/portable/GCC/ARM_CM3/port.o
 .debug_ranges  0x0000000000001150       0x40 Middlewares/Third_Party/FreeRTOS/Source/portable/MemMang/heap_4.o

.debug_macro    0x0000000000000000    0x1ad3a
 .debug_macro   0x0000000000000000      0x217 Core/Src/MQTTConnectClient.o
 .debug_macro   0x0000000000000217      0xa5a Core/Src/MQTTConnectClient.o
 .debug_macro   0x0000000000000c71       0x1c Core/Src/MQTTConnectClient.o
 .debug_macro   0x0000000000000c8d       0x17 Core/Src/MQTTConnectClient.o
 .debug_macro   0x0000000000000ca4       0x22 Core/Src/MQTTConnectClient.o
 .debug_macro   0x0000000000000cc6       0x40 Core/Src/MQTTConnectClient.o
 .debug_macro   0x0000000000000d06       0x18 Core/Src/MQTTConnectClient.o
 .debug_macro   0x0000000000000d1e       0x94 Core/Src/MQTTConnectClient.o
 .debug_macro   0x0000000000000db2       0x3c Core/Src/MQTTConnectClient.o
 .debug_macro   0x0000000000000dee       0x34 Core/Src/MQTTConnectClient.o
 .debug_macro   0x0000000000000e22       0x16 Core/Src/MQTTConnectClient.o
 .debug_macro   0x0000000000000e38       0x57 Core/Src/MQTTConnectClient.o
 .debug_macro   0x0000000000000e8f       0x97 Core/Src/MQTTConnectClient.o
 .debug_macro   0x0000000000000f26      0x330 Core/Src/MQTTConnectClient.o
 .debug_macro   0x0000000000001256       0xfd Core/Src/MQTTConnectClient.o
 .debug_macro   0x0000000000001353       0x10 Core/Src/MQTTConnectClient.o
 .debug_macro   0x0000000000001363       0x52 Core/Src/MQTTConnectClient.o
 .debug_macro   0x00000000000013b5       0x1f Core/Src/MQTTConnectClient.o
 .debug_macro   0x00000000000013d4       0x43 Core/Src/MQTTConnectClient.o
 .debug_macro   0x0000000000001417       0x20 Core/Src/MQTTConnectClient.o
 .debug_macro   0x0000000000001437      0x1a3 Core/Src/MQTTConnectClient.o
 .debug_macro   0x00000000000015da       0x10 Core/Src/MQTTConnectClient.o
 .debug_macro   0x00000000000015ea       0x6a Core/Src/MQTTConnectClient.o
 .debug_macro   0x0000000000001654       0x1c Core/Src/MQTTConnectClient.o
 .debug_macro   0x0000000000001670       0x52 Core/Src/MQTTConnectClient.o
 .debug_macro   0x00000000000016c2       0x40 Core/Src/MQTTConnectClient.o
 .debug_macro   0x0000000000001702       0x10 Core/Src/MQTTConnectClient.o
 .debug_macro   0x0000000000001712       0x40 Core/Src/MQTTConnectClient.o
 .debug_macro   0x0000000000001752       0xd7 Core/Src/MQTTConnectClient.o
 .debug_macro   0x0000000000001829       0x1c Core/Src/MQTTConnectClient.o
 .debug_macro   0x0000000000001845       0x3d Core/Src/MQTTConnectClient.o
 .debug_macro   0x0000000000001882       0x16 Core/Src/MQTTConnectClient.o
 .debug_macro   0x0000000000001898      0x145 Core/Src/MQTTConnectClient.o
 .debug_macro   0x00000000000019dd       0x4c Core/Src/MQTTConnectClient.o
 .debug_macro   0x0000000000001a29       0x16 Core/Src/MQTTConnectClient.o
 .debug_macro   0x0000000000001a3f       0x35 Core/Src/MQTTConnectClient.o
 .debug_macro   0x0000000000001a74       0x20 Core/Src/MQTTConnectClient.o
 .debug_macro   0x0000000000001a94      0x21d Core/Src/MQTTDeserializePublish.o
 .debug_macro   0x0000000000001cb1      0x21d Core/Src/MQTTPacket.o
 .debug_macro   0x0000000000001ece      0x217 Core/Src/MQTTSerializePublish.o
 .debug_macro   0x00000000000020e5      0x44a Core/Src/MQTTSim800.o
 .debug_macro   0x000000000000252f      0x21b Core/Src/MQTTSim800.o
 .debug_macro   0x000000000000274a       0x2e Core/Src/MQTTSim800.o
 .debug_macro   0x0000000000002778       0x22 Core/Src/MQTTSim800.o
 .debug_macro   0x000000000000279a       0x8e Core/Src/MQTTSim800.o
 .debug_macro   0x0000000000002828       0x51 Core/Src/MQTTSim800.o
 .debug_macro   0x0000000000002879       0xef Core/Src/MQTTSim800.o
 .debug_macro   0x0000000000002968      0x1df Core/Src/MQTTSim800.o
 .debug_macro   0x0000000000002b47       0x1c Core/Src/MQTTSim800.o
 .debug_macro   0x0000000000002b63       0x22 Core/Src/MQTTSim800.o
 .debug_macro   0x0000000000002b85       0xc3 Core/Src/MQTTSim800.o
 .debug_macro   0x0000000000002c48      0xd23 Core/Src/MQTTSim800.o
 .debug_macro   0x000000000000396b     0xe09e Core/Src/MQTTSim800.o
 .debug_macro   0x0000000000011a09       0x6d Core/Src/MQTTSim800.o
 .debug_macro   0x0000000000011a76     0x3468 Core/Src/MQTTSim800.o
 .debug_macro   0x0000000000014ede      0x174 Core/Src/MQTTSim800.o
 .debug_macro   0x0000000000015052       0x5c Core/Src/MQTTSim800.o
 .debug_macro   0x00000000000150ae      0x5be Core/Src/MQTTSim800.o
 .debug_macro   0x000000000001566c      0x289 Core/Src/MQTTSim800.o
 .debug_macro   0x00000000000158f5      0x1cb Core/Src/MQTTSim800.o
 .debug_macro   0x0000000000015ac0      0x114 Core/Src/MQTTSim800.o
 .debug_macro   0x0000000000015bd4      0x1b2 Core/Src/MQTTSim800.o
 .debug_macro   0x0000000000015d86       0x27 Core/Src/MQTTSim800.o
 .debug_macro   0x0000000000015dad      0x136 Core/Src/MQTTSim800.o
 .debug_macro   0x0000000000015ee3      0x1bc Core/Src/MQTTSim800.o
 .debug_macro   0x000000000001609f       0x34 Core/Src/MQTTSim800.o
 .debug_macro   0x00000000000160d3       0x3c Core/Src/MQTTSim800.o
 .debug_macro   0x000000000001610f       0x57 Core/Src/MQTTSim800.o
 .debug_macro   0x0000000000016166       0x88 Core/Src/MQTTSim800.o
 .debug_macro   0x00000000000161ee      0x241 Core/Src/MQTTSim800.o
 .debug_macro   0x000000000001642f      0x141 Core/Src/MQTTSim800.o
 .debug_macro   0x0000000000016570      0x8d1 Core/Src/MQTTSim800.o
 .debug_macro   0x0000000000016e41      0x279 Core/Src/MQTTSim800.o
 .debug_macro   0x00000000000170ba       0x83 Core/Src/MQTTSim800.o
 .debug_macro   0x000000000001713d       0x16 Core/Src/MQTTSim800.o
 .debug_macro   0x0000000000017153       0x46 Core/Src/MQTTSim800.o
 .debug_macro   0x0000000000017199      0x32a Core/Src/MQTTSim800.o
 .debug_macro   0x00000000000174c3       0x10 Core/Src/MQTTSim800.o
 .debug_macro   0x00000000000174d3       0x1c Core/Src/MQTTSim800.o
 .debug_macro   0x00000000000174ef       0xd6 Core/Src/MQTTSim800.o
 .debug_macro   0x00000000000175c5      0x15a Core/Src/MQTTSim800.o
 .debug_macro   0x000000000001771f       0xd7 Core/Src/MQTTSim800.o
 .debug_macro   0x00000000000177f6       0x10 Core/Src/MQTTSim800.o
 .debug_macro   0x0000000000017806       0x1f Core/Src/MQTTSim800.o
 .debug_macro   0x0000000000017825      0x4b7 Core/Src/MQTTSim800.o
 .debug_macro   0x0000000000017cdc       0xb5 Core/Src/MQTTSim800.o
 .debug_macro   0x0000000000017d91       0x8c Core/Src/MQTTSim800.o
 .debug_macro   0x0000000000017e1d       0x91 Core/Src/MQTTSim800.o
 .debug_macro   0x0000000000017eae       0x8d Core/Src/MQTTSim800.o
 .debug_macro   0x0000000000017f3b       0x7e Core/Src/MQTTSim800.o
 .debug_macro   0x0000000000017fb9       0x19 Core/Src/MQTTSim800.o
 .debug_macro   0x0000000000017fd2       0xf2 Core/Src/MQTTSim800.o
 .debug_macro   0x00000000000180c4      0x217 Core/Src/MQTTSubscribeClient.o
 .debug_macro   0x00000000000182db      0x260 Core/Src/freertos.o
 .debug_macro   0x000000000001853b       0xd6 Core/Src/freertos.o
 .debug_macro   0x0000000000018611      0x1b7 Core/Src/gpio.o
 .debug_macro   0x00000000000187c8      0x281 Core/Src/main.o
 .debug_macro   0x0000000000018a49      0x1ad Core/Src/stm32f1xx_hal_msp.o
 .debug_macro   0x0000000000018bf6      0x1a3 Core/Src/stm32f1xx_hal_timebase_tim.o
 .debug_macro   0x0000000000018d99      0x1b7 Core/Src/stm32f1xx_it.o
 .debug_macro   0x0000000000018f50       0xee Core/Src/sysmem.o
 .debug_macro   0x000000000001903e      0x23b Core/Src/sysmem.o
 .debug_macro   0x0000000000019279      0x1a3 Core/Src/system_stm32f1xx.o
 .debug_macro   0x000000000001941c      0x1b7 Core/Src/usart.o
 .debug_macro   0x00000000000195d3      0x1c7 Drivers/STM32F1xx_HAL_Driver/Src/stm32f1xx_hal.o
 .debug_macro   0x000000000001979a      0x1a3 Drivers/STM32F1xx_HAL_Driver/Src/stm32f1xx_hal_cortex.o
 .debug_macro   0x000000000001993d      0x1a3 Drivers/STM32F1xx_HAL_Driver/Src/stm32f1xx_hal_dma.o
 .debug_macro   0x0000000000019ae0      0x20e Drivers/STM32F1xx_HAL_Driver/Src/stm32f1xx_hal_gpio.o
 .debug_macro   0x0000000000019cee      0x1b5 Drivers/STM32F1xx_HAL_Driver/Src/stm32f1xx_hal_rcc.o
 .debug_macro   0x0000000000019ea3      0x1a4 Drivers/STM32F1xx_HAL_Driver/Src/stm32f1xx_hal_tim.o
 .debug_macro   0x000000000001a047      0x1a3 Drivers/STM32F1xx_HAL_Driver/Src/stm32f1xx_hal_tim_ex.o
 .debug_macro   0x000000000001a1ea      0x1a4 Drivers/STM32F1xx_HAL_Driver/Src/stm32f1xx_hal_uart.o
 .debug_macro   0x000000000001a38e      0x1f1 Middlewares/Third_Party/FreeRTOS/Source/CMSIS_RTOS/cmsis_os.o
 .debug_macro   0x000000000001a57f       0xab Middlewares/Third_Party/FreeRTOS/Source/CMSIS_RTOS/cmsis_os.o
 .debug_macro   0x000000000001a62a      0x17a Middlewares/Third_Party/FreeRTOS/Source/list.o
 .debug_macro   0x000000000001a7a4      0x273 Middlewares/Third_Party/FreeRTOS/Source/tasks.o
 .debug_macro   0x000000000001aa17       0x10 Middlewares/Third_Party/FreeRTOS/Source/tasks.o
 .debug_macro   0x000000000001aa27      0x172 Middlewares/Third_Party/FreeRTOS/Source/portable/GCC/ARM_CM3/port.o
 .debug_macro   0x000000000001ab99      0x1a1 Middlewares/Third_Party/FreeRTOS/Source/portable/MemMang/heap_4.o

.debug_line     0x0000000000000000    0x10d67
 .debug_line    0x0000000000000000      0x6cb Core/Src/MQTTConnectClient.o
 .debug_line    0x00000000000006cb      0x64a Core/Src/MQTTDeserializePublish.o
 .debug_line    0x0000000000000d15      0x7f4 Core/Src/MQTTPacket.o